Archive member included to satisfy reference by file (symbol)

app/libapp.a(main.c.obj)      (--whole-archive)
app/libapp.a(protocol-usb.c.obj)
                              (--whole-archive)
app/libapp.a(tablesFS.c.obj)  (--whole-archive)
zephyr/libzephyr.a(cbprintf.c.obj)
                              (--whole-archive)
zephyr/libzephyr.a(cbprintf_packaged.c.obj)
                              (--whole-archive)
zephyr/libzephyr.a(crc32c_sw.c.obj)
                              (--whole-archive)
zephyr/libzephyr.a(crc32_sw.c.obj)
                              (--whole-archive)
zephyr/libzephyr.a(crc16_sw.c.obj)
                              (--whole-archive)
zephyr/libzephyr.a(crc8_sw.c.obj)
                              (--whole-archive)
zephyr/libzephyr.a(crc7_sw.c.obj)
                              (--whole-archive)
zephyr/libzephyr.a(dec.c.obj)
                              (--whole-archive)
zephyr/libzephyr.a(fdtable.c.obj)
                              (--whole-archive)
zephyr/libzephyr.a(hex.c.obj)
                              (--whole-archive)
zephyr/libzephyr.a(notify.c.obj)
                              (--whole-archive)
zephyr/libzephyr.a(printk.c.obj)
                              (--whole-archive)
zephyr/libzephyr.a(onoff.c.obj)
                              (--whole-archive)
zephyr/libzephyr.a(rb.c.obj)  (--whole-archive)
zephyr/libzephyr.a(sem.c.obj)
                              (--whole-archive)
zephyr/libzephyr.a(thread_entry.c.obj)
                              (--whole-archive)
zephyr/libzephyr.a(timeutil.c.obj)
                              (--whole-archive)
zephyr/libzephyr.a(heap.c.obj)
                              (--whole-archive)
zephyr/libzephyr.a(heap-validate.c.obj)
                              (--whole-archive)
zephyr/libzephyr.a(bitarray.c.obj)
                              (--whole-archive)
zephyr/libzephyr.a(cbprintf_complete.c.obj)
                              (--whole-archive)
zephyr/libzephyr.a(ring_buffer.c.obj)
                              (--whole-archive)
zephyr/libzephyr.a(mpsc_pbuf.c.obj)
                              (--whole-archive)
zephyr/libzephyr.a(configs.c.obj)
                              (--whole-archive)
zephyr/libzephyr.a(soc_nrf_common.S.obj)
                              (--whole-archive)
zephyr/libzephyr.a(validate_base_addresses.c.obj)
                              (--whole-archive)
zephyr/libzephyr.a(validate_enabled_instances.c.obj)
                              (--whole-archive)
zephyr/libzephyr.a(thread_info.c.obj)
                              (--whole-archive)
zephyr/libzephyr.a(log_list.c.obj)
                              (--whole-archive)
zephyr/libzephyr.a(log_core.c.obj)
                              (--whole-archive)
zephyr/libzephyr.a(log_mgmt.c.obj)
                              (--whole-archive)
zephyr/libzephyr.a(log_msg.c.obj)
                              (--whole-archive)
zephyr/libzephyr.a(log_output.c.obj)
                              (--whole-archive)
zephyr/libzephyr.a(log_backend_uart.c.obj)
                              (--whole-archive)
zephyr/libzephyr.a(log_backend_rtt.c.obj)
                              (--whole-archive)
zephyr/libzephyr.a(usb_device.c.obj)
                              (--whole-archive)
zephyr/libzephyr.a(usb_descriptor.c.obj)
                              (--whole-archive)
zephyr/libzephyr.a(usb_transfer.c.obj)
                              (--whole-archive)
zephyr/libzephyr.a(cdc_acm.c.obj)
                              (--whole-archive)
zephyr/libzephyr.a(usb_work_q.c.obj)
                              (--whole-archive)
zephyr/libzephyr.a(flash_map.c.obj)
                              (--whole-archive)
zephyr/libzephyr.a(flash_map_default.c.obj)
                              (--whole-archive)
zephyr/libzephyr.a(power.c.obj)
                              (--whole-archive)
zephyr/libzephyr.a(pm_ctrl.c.obj)
                              (--whole-archive)
zephyr/libzephyr.a(policy_residency.c.obj)
                              (--whole-archive)
zephyr/libzephyr.a(tracing_none.c.obj)
                              (--whole-archive)
zephyr/libzephyr.a(nrf_cc3xx_platform_abort_zephyr.c.obj)
                              (--whole-archive)
zephyr/libzephyr.a(nrf_cc3xx_platform_mutex_zephyr.c.obj)
                              (--whole-archive)
zephyr/arch/common/libarch__common.a(sw_isr_common.c.obj)
                              (--whole-archive)
zephyr/arch/arch/arm/core/aarch32/libarch__arm__core__aarch32.a(cpu_idle.S.obj)
                              (--whole-archive)
zephyr/arch/arch/arm/core/aarch32/libarch__arm__core__aarch32.a(fatal.c.obj)
                              (--whole-archive)
zephyr/arch/arch/arm/core/aarch32/libarch__arm__core__aarch32.a(irq_manage.c.obj)
                              (--whole-archive)
zephyr/arch/arch/arm/core/aarch32/libarch__arm__core__aarch32.a(nmi.c.obj)
[...]
Memory Configuration

Name             Origin             Length             Attributes
FLASH            0x00000000         0x00100000         xr
SRAM             0x20000000         0x00040000         xw
IDT_LIST         0xfffff7ff         0x00000800         xw
*default*        0x00000000         0xffffffff

Linker script and memory map

LOAD zephyr/CMakeFiles/zephyr_final.dir/misc/empty_file.c.obj
LOAD zephyr/CMakeFiles/zephyr_final.dir/isr_tables.c.obj
LOAD zephyr/CMakeFiles/zephyr_final.dir/dev_handles.c.obj
                0x00000020                _region_min_align = 0x20

.rel.plt        0x00000000        0x0
 *(SORT_BY_ALIGNMENT(.rel.plt))
                [!provide]                PROVIDE (__rel_iplt_start = .)
 *(SORT_BY_ALIGNMENT(.rel.iplt))
 .rel.iplt      0x00000000        0x0 zephyr/CMakeFiles/zephyr_final.dir/isr_tables.c.obj
                [!provide]                PROVIDE (__rel_iplt_end = .)

.rela.plt       0x00000000        0x0
 *(SORT_BY_ALIGNMENT(.rela.plt))
                [!provide]                PROVIDE (__rela_iplt_start = .)
 *(SORT_BY_ALIGNMENT(.rela.iplt))
                [!provide]                PROVIDE (__rela_iplt_end = .)

.rel.dyn
 *(SORT_BY_ALIGNMENT(.rel.*))

.rela.dyn
 *(SORT_BY_ALIGNMENT(.rela.*))

/DISCARD/
 *(SORT_BY_ALIGNMENT(.plt))
 *(SORT_BY_ALIGNMENT(.iplt))
 *(SORT_BY_ALIGNMENT(.got.plt))
 *(SORT_BY_ALIGNMENT(.igot.plt))
 *(SORT_BY_ALIGNMENT(.got))
 *(SORT_BY_ALIGNMENT(.igot))
 *(SORT_BY_ALIGNMENT(.irq_info*))
 *(SORT_BY_ALIGNMENT(.intList*))
 *(SORT_BY_ALIGNMENT(.note.GNU-stack))
                0x00000000                __rom_region_start = 0x0

rom_start       0x00000000      0x100
                0x00000000                . = 0x0
                0x00000000                . = ALIGN (0x4)
                0x00000000                . = ALIGN (0x80)
                0x00000000                . = ALIGN (0x100)
                0x00000000                _vector_start = .
 *(SORT_BY_ALIGNMENT(.exc_vector_table))
 *(SORT_BY_ALIGNMENT(.exc_vector_table.*))
 .exc_vector_table._vector_table_section
                0x00000000       0x40 zephyr/arch/arch/arm/core/aarch32/cortex_m/libarch__arm__core__aarch32__cortex_m.a(vector_table.S.obj)
                0x00000000                _vector_table
 *(SORT_BY_ALIGNMENT(.gnu.linkonce.irq_vector_table*))
 .gnu.linkonce.irq_vector_table
                0x00000040       0xc0 zephyr/CMakeFiles/zephyr_final.dir/isr_tables.c.obj
                0x00000040                _irq_vector_table
 *(SORT_BY_ALIGNMENT(.vectors))
                0x00000100                _vector_end = .

text            0x00000100    0x14474
                0x00000100                __text_region_start = .
 *(SORT_BY_ALIGNMENT(.text))
 .text          0x00000100      0x168 c:/users/lapada/ncs/v1.8.0/toolchain/opt/bin/../lib/gcc/arm-none-eabi/9.2.1/thumb/v7e-m/nofp\libgcc.a(_arm_mulsf3.o)
                0x00000100                __aeabi_fmul
                0x00000100                __mulsf3
 .text          0x00000268      0x21c c:/users/lapada/ncs/v1.8.0/toolchain/opt/bin/../lib/gcc/arm-none-eabi/9.2.1/thumb/v7e-m/nofp\libgcc.a(_arm_addsubsf3.o)
                0x00000268                __aeabi_frsub
                0x00000270                __subsf3
                0x00000270                __aeabi_fsub
                0x00000274                __aeabi_fadd
                0x00000274                __addsf3
                0x000003d4                __aeabi_ui2f
                0x000003d4                __floatunsisf
                0x000003dc                __aeabi_i2f
                0x000003dc                __floatsisf
                0x000003f8                __aeabi_ul2f
                0x000003f8                __floatundisf
                0x00000408                __aeabi_l2f
                0x00000408                __floatdisf
 .text          0x00000484       0x4c c:/users/lapada/ncs/v1.8.0/toolchain/opt/bin/../lib/gcc/arm-none-eabi/9.2.1/thumb/v7e-m/nofp\libgcc.a(_arm_fixsfsi.o)
                0x00000484                __aeabi_f2iz
                0x00000484                __fixsfsi
 .text          0x000004d0       0x30 c:/users/lapada/ncs/v1.8.0/toolchain/opt/bin/../lib/gcc/arm-none-eabi/9.2.1/thumb/v7e-m/nofp\libgcc.a(_aeabi_uldivmod.o)
                0x000004d0                __aeabi_uldivmod
 .text          0x00000500       0x28 c:/users/lapada/ncs/v1.8.0/toolchain/opt/bin/../lib/gcc/arm-none-eabi/9.2.1/thumb/v7e-m/nofp\libgcc.a(_popcountsi2.o)
                0x00000500                __popcountsi2
 .text          0x00000528      0x2c0 c:/users/lapada/ncs/v1.8.0/toolchain/opt/bin/../lib/gcc/arm-none-eabi/9.2.1/thumb/v7e-m/nofp\libgcc.a(_udivmoddi4.o)
                0x00000528                __udivmoddi4
 .text          0x000007e8        0x4 c:/users/lapada/ncs/v1.8.0/toolchain/opt/bin/../lib/gcc/arm-none-eabi/9.2.1/thumb/v7e-m/nofp\libgcc.a(_dvmd_tls.o)
                0x000007e8                __aeabi_idiv0
                0x000007e8                __aeabi_ldiv0
 *(SORT_BY_ALIGNMENT(.text.*))
 .text.main     0x000007ec       0x50 app/libapp.a(main.c.obj)
                0x000007ec                main
 .text.configureUSB
                0x0000083c       0xc4 app/libapp.a(protocol-usb.c.obj)
                0x0000083c                configureUSB
 .text.SendMsg  0x00000900       0x28 app/libapp.a(protocol-usb.c.obj)
                0x00000900                SendMsg
 .text.CMD1     0x00000928       0x3c app/libapp.a(protocol-usb.c.obj)
                0x00000928                CMD1
 .text.CMD2     0x00000964       0x3c app/libapp.a(protocol-usb.c.obj)
                0x00000964                CMD2
 .text.CMD3     0x000009a0       0x3c app/libapp.a(protocol-usb.c.obj)
                0x000009a0                CMD3
 .text.CMD4     0x000009dc       0x3c app/libapp.a(protocol-usb.c.obj)
                0x000009dc                CMD4
 .text.CMD5     0x00000a18       0x3c app/libapp.a(protocol-usb.c.obj)
                0x00000a18                CMD5
 .text.CMD6     0x00000a54       0x3c app/libapp.a(protocol-usb.c.obj)
                0x00000a54                CMD6
 .text.ProceduresMsg
                0x00000a90       0x90 app/libapp.a(protocol-usb.c.obj)
                0x00000a90                ProceduresMsg
 .text.ReadMsg  0x00000b20       0xbc app/libapp.a(protocol-usb.c.obj)
                0x00000b20                ReadMsg
 .text.configureLFS
                0x00000bdc       0xf4 app/libapp.a(tablesFS.c.obj)
                0x00000bdc                configureLFS
 .text.savedata
                0x00000cd0       0x94 app/libapp.a(tablesFS.c.obj)
                0x00000cd0                savedata
 .text.readdata
                0x00000d64       0xb0 app/libapp.a(tablesFS.c.obj)
                0x00000d64                readdata
 .text.cFSTEST2
                0x00000e14       0x50 app/libapp.a(tablesFS.c.obj)
                0x00000e14                cFSTEST2
 .text.char_out
                0x00000e64       0x14 zephyr/libzephyr.a(printk.c.obj)
 .text.__printk_hook_install
                0x00000e78        0xc zephyr/libzephyr.a(printk.c.obj)
                0x00000e78                __printk_hook_install
 .text.vprintk  0x00000e84       0x20 zephyr/libzephyr.a(printk.c.obj)
                0x00000e84                vprintk
 .text.vsnprintk
                0x00000ea4       0x2c zephyr/libzephyr.a(printk.c.obj)
                0x00000ea4                vsnprintk
 .text.process_event
                0x00000ed0      0x158 zephyr/libzephyr.a(onoff.c.obj)
 .text.cbvprintf
                0x00001028      0x9d4 zephyr/libzephyr.a(cbprintf_complete.c.obj)
                0x00001028                cbvprintf
 .text.is_rodata
                0x000019fc       0x20 zephyr/libzephyr.a(log_core.c.obj)
 .text.thread_set
                0x00001a1c       0x28 zephyr/libzephyr.a(log_core.c.obj)
 .text.log_process_thread_timer_expiry_fn
                0x00001a44       0x10 zephyr/libzephyr.a(log_core.c.obj)
 .text.next_pending
                0x00001a54       0x14 zephyr/libzephyr.a(log_core.c.obj)
 .text.enable_logger
                0x00001a68       0x5c zephyr/libzephyr.a(log_core.c.obj)
 .text.log_core_init
                0x00001ac4       0x50 zephyr/libzephyr.a(log_core.c.obj)
                0x00001ac4                log_core_init
 .text.log_init
                0x00001b14       0x70 zephyr/libzephyr.a(log_core.c.obj)
                0x00001b14                log_init
 .text.get_msg  0x00001b84       0x28 zephyr/libzephyr.a(log_core.c.obj)
                0x00001b84                get_msg
 .text.z_log_notify_backend_enabled
                0x00001bac       0x20 zephyr/libzephyr.a(log_core.c.obj)
                0x00001bac                z_log_notify_backend_enabled
 .text.z_log_dropped
                0x00001bcc       0x3c zephyr/libzephyr.a(log_core.c.obj)
                0x00001bcc                z_log_dropped
 .text.z_log_dropped_read_and_clear
                0x00001c08       0x20 zephyr/libzephyr.a(log_core.c.obj)
                0x00001c08                z_log_dropped_read_and_clear
 .text.dropped_notify
                0x00001c28       0x44 zephyr/libzephyr.a(log_core.c.obj)
                0x00001c28                dropped_notify
 .text.z_log_dropped_pending
                0x00001c6c       0x14 zephyr/libzephyr.a(log_core.c.obj)
                0x00001c6c                z_log_dropped_pending
 .text.z_log_strdup
                0x00001c80       0x60 zephyr/libzephyr.a(log_core.c.obj)
                0x00001c80                z_log_strdup
 .text.log_is_strdup
                0x00001ce0       0x24 zephyr/libzephyr.a(log_core.c.obj)
                0x00001ce0                log_is_strdup
 .text.detect_missed_strdup
                0x00001d04       0xa8 zephyr/libzephyr.a(log_core.c.obj)
 .text.msg_process
                0x00001dac       0x64 zephyr/libzephyr.a(log_core.c.obj)
 .text.z_impl_log_process
                0x00001e10       0x50 zephyr/libzephyr.a(log_core.c.obj)
                0x00001e10                z_impl_log_process
 .text.z_log_msg_post_finalize
                0x00001e60       0x98 zephyr/libzephyr.a(log_core.c.obj)
 .text.log_3    0x00001ef8       0x7c zephyr/libzephyr.a(log_core.c.obj)
                0x00001ef8                log_3
 .text.log_1    0x00001f74       0x6c zephyr/libzephyr.a(log_core.c.obj)
                0x00001f74                log_1
 .text.log_2    0x00001fe0       0x78 zephyr/libzephyr.a(log_core.c.obj)
                0x00001fe0                log_2
 .text.log_n    0x00002058       0x44 zephyr/libzephyr.a(log_core.c.obj)
                0x00002058                log_n
 .text.log_0    0x0000209c       0x60 zephyr/libzephyr.a(log_core.c.obj)
                0x0000209c                log_0
 .text.z_impl_log_panic
                0x000020fc       0x58 zephyr/libzephyr.a(log_core.c.obj)
                0x000020fc                z_impl_log_panic
 .text.log_process_thread_func
                0x00002154       0x30 zephyr/libzephyr.a(log_core.c.obj)
 .text.log_free
                0x00002184       0x38 zephyr/libzephyr.a(log_core.c.obj)
                0x00002184                log_free
 .text.log_source_name_get
                0x000021bc       0x20 zephyr/libzephyr.a(log_mgmt.c.obj)
                0x000021bc                log_source_name_get
 .text.log_backend_enable
                0x000021dc       0x24 zephyr/libzephyr.a(log_mgmt.c.obj)
                0x000021dc                log_backend_enable
 .text.cont_free
                0x00002200       0x20 zephyr/libzephyr.a(log_msg.c.obj)
 .text.log_msg_pool_init
                0x00002220       0x18 zephyr/libzephyr.a(log_msg.c.obj)
                0x00002220                log_msg_pool_init
 .text.log_msg_no_space_handle
                0x00002238       0x30 zephyr/libzephyr.a(log_msg.c.obj)
                0x00002238                log_msg_no_space_handle
 .text.log_msg_chunk_alloc
                0x00002268       0x38 zephyr/libzephyr.a(log_msg.c.obj)
                0x00002268                log_msg_chunk_alloc
 .text.msg_free
                0x000022a0       0x80 zephyr/libzephyr.a(log_msg.c.obj)
 .text.print_formatted
                0x00002320       0x24 zephyr/libzephyr.a(log_output.c.obj)
 .text.timestamp_print
                0x00002344       0x8c zephyr/libzephyr.a(log_output.c.obj)
 .text.color_print
                0x000023d0       0x2c zephyr/libzephyr.a(log_output.c.obj)
 .text.newline_print
                0x000023fc       0x28 zephyr/libzephyr.a(log_output.c.obj)
 .text.hexdump_line_print
                0x00002424       0xbc zephyr/libzephyr.a(log_output.c.obj)
 .text.ids_print
                0x000024e0       0x6c zephyr/libzephyr.a(log_output.c.obj)
 .text.hexdump_print
                0x0000254c       0x54 zephyr/libzephyr.a(log_output.c.obj)
 .text.raw_string_print
                0x000025a0       0x5c zephyr/libzephyr.a(log_output.c.obj)
 .text.log_output_dropped_process
                0x000025fc       0x58 zephyr/libzephyr.a(log_output.c.obj)
                0x000025fc                log_output_dropped_process
 .text.log_output_timestamp_freq_set
                0x00002654       0x2c zephyr/libzephyr.a(log_output.c.obj)
                0x00002654                log_output_timestamp_freq_set
 .text.char_out
                0x00002680       0x24 zephyr/libzephyr.a(log_backend_uart.c.obj)
 .text.log_backend_uart_init
                0x000026a4       0x10 zephyr/libzephyr.a(log_backend_uart.c.obj)
 .text.panic    0x000026b4       0x10 zephyr/libzephyr.a(log_backend_uart.c.obj)
 .text.dropped  0x000026c4       0x10 zephyr/libzephyr.a(log_backend_uart.c.obj)
 .text.put      0x000026d4       0x20 zephyr/libzephyr.a(log_backend_uart.c.obj)
 .text.log_backend_rtt_init
                0x000026f4        0xc zephyr/libzephyr.a(log_backend_rtt.c.obj)
 .text.on_failed_write
                0x00002700       0x30 zephyr/libzephyr.a(log_backend_rtt.c.obj)
 .text.on_write
                0x00002730       0x38 zephyr/libzephyr.a(log_backend_rtt.c.obj)
 .text.data_out_block_mode
                0x00002768       0x88 zephyr/libzephyr.a(log_backend_rtt.c.obj)
 .text.panic    0x000027f0       0x18 zephyr/libzephyr.a(log_backend_rtt.c.obj)
 .text.dropped  0x00002808       0x10 zephyr/libzephyr.a(log_backend_rtt.c.obj)
 .text.put      0x00002818       0x20 zephyr/libzephyr.a(log_backend_rtt.c.obj)
 .text.usb_set_alt_setting
                0x00002838       0x18 zephyr/libzephyr.a(usb_device.c.obj)
 .text.usb_get_alt_setting
                0x00002850       0x18 zephyr/libzephyr.a(usb_device.c.obj)
 .text.usb_handle_request
                0x00002868       0x28 zephyr/libzephyr.a(usb_device.c.obj)
 .text.usb_register_request_handler
                0x00002890       0x10 zephyr/libzephyr.a(usb_device.c.obj)
 .text.usb_register_descriptors
                0x000028a0        0xc zephyr/libzephyr.a(usb_device.c.obj)
 .text.usb_get_descriptor
                0x000028ac       0x5c zephyr/libzephyr.a(usb_device.c.obj)
 .text.usb_get_interface
                0x00002908       0x3c zephyr/libzephyr.a(usb_device.c.obj)
 .text.is_device_configured
                0x00002944       0x14 zephyr/libzephyr.a(usb_device.c.obj)
 .text.is_interface_valid
                0x00002958       0x24 zephyr/libzephyr.a(usb_device.c.obj)
 .text.is_ep_valid
                0x0000297c       0x68 zephyr/libzephyr.a(usb_device.c.obj)
 .text.usb_register_custom_req_handler
                0x000029e4        0xc zephyr/libzephyr.a(usb_device.c.obj)
 .text.usb_register_status_callback
                0x000029f0        0xc zephyr/libzephyr.a(usb_device.c.obj)
 .text.foreach_ep
                0x000029fc       0x64 zephyr/libzephyr.a(usb_device.c.obj)
 .text.class_handler
                0x00002a60       0x60 zephyr/libzephyr.a(usb_device.c.obj)
 .text.custom_handler
                0x00002ac0       0x80 zephyr/libzephyr.a(usb_device.c.obj)
 .text.vendor_handler
                0x00002b40       0x58 zephyr/libzephyr.a(usb_device.c.obj)
 .text.usb_halt_endpoint_req
                0x00002b98       0x60 zephyr/libzephyr.a(usb_device.c.obj)
 .text.set_endpoint
                0x00002bf8       0xac zephyr/libzephyr.a(usb_device.c.obj)
 .text.usb_reset_alt_setting
                0x00002ca4       0x14 zephyr/libzephyr.a(usb_device.c.obj)
 .text.usb_set_configuration
                0x00002cb8       0x9c zephyr/libzephyr.a(usb_device.c.obj)
 .text.usb_handle_std_device_req
                0x00002d54       0x5c zephyr/libzephyr.a(usb_device.c.obj)
 .text.reset_endpoint
                0x00002db0       0x54 zephyr/libzephyr.a(usb_device.c.obj)
 .text.usb_set_interface
                0x00002e04       0x78 zephyr/libzephyr.a(usb_device.c.obj)
 .text.usb_handle_standard_request
                0x00002e7c       0x70 zephyr/libzephyr.a(usb_device.c.obj)
 .text.composite_setup_ep_cb
                0x00002eec       0x64 zephyr/libzephyr.a(usb_device.c.obj)
 .text.forward_status_cb
                0x00002f50       0x8c zephyr/libzephyr.a(usb_device.c.obj)
 .text.usb_data_to_host
                0x00002fdc       0x58 zephyr/libzephyr.a(usb_device.c.obj)
 .text.usb_handle_control_transfer
                0x00003034      0x168 zephyr/libzephyr.a(usb_device.c.obj)
 .text.usb_set_config
                0x0000319c       0x38 zephyr/libzephyr.a(usb_device.c.obj)
                0x0000319c                usb_set_config
 .text.usb_device_init
                0x000031d4       0x54 zephyr/libzephyr.a(usb_device.c.obj)
 .text.usb_enable
                0x00003228       0xd4 zephyr/libzephyr.a(usb_device.c.obj)
                0x00003228                usb_enable
 .text.usb_get_cfg_data
                0x000032fc       0x48 zephyr/libzephyr.a(usb_descriptor.c.obj)
 .text.usb_update_sn_string_descriptor
                0x00003344       0x7c zephyr/libzephyr.a(usb_descriptor.c.obj)
                0x00003344                usb_update_sn_string_descriptor
 .text.usb_fix_ascii_sn_string_descriptor
                0x000033c0       0x60 zephyr/libzephyr.a(usb_descriptor.c.obj)
 .text.usb_fix_descriptor
                0x00003420      0x174 zephyr/libzephyr.a(usb_descriptor.c.obj)
 .text.usb_get_device_descriptor
                0x00003594       0x44 zephyr/libzephyr.a(usb_descriptor.c.obj)
                0x00003594                usb_get_device_descriptor
 .text.usb_ep_get_transfer
                0x000035d8       0x2c zephyr/libzephyr.a(usb_transfer.c.obj)
 .text.usb_transfer_work
                0x00003604      0x18c zephyr/libzephyr.a(usb_transfer.c.obj)
 .text.usb_transfer_ep_callback
                0x00003790       0x84 zephyr/libzephyr.a(usb_transfer.c.obj)
                0x00003790                usb_transfer_ep_callback
 .text.usb_transfer
                0x00003814      0x13c zephyr/libzephyr.a(usb_transfer.c.obj)
                0x00003814                usb_transfer
 .text.usb_cancel_transfer
                0x00003950       0x40 zephyr/libzephyr.a(usb_transfer.c.obj)
                0x00003950                usb_cancel_transfer
 .text.usb_cancel_transfers
                0x00003990       0x58 zephyr/libzephyr.a(usb_transfer.c.obj)
                0x00003990                usb_cancel_transfers
 .text.usb_transfer_init
                0x000039e8       0x3c zephyr/libzephyr.a(usb_transfer.c.obj)
                0x000039e8                usb_transfer_init
 .text.cdc_acm_class_handle_req
                0x00003a24       0x94 zephyr/libzephyr.a(cdc_acm.c.obj)
                0x00003a24                cdc_acm_class_handle_req
 .text.cdc_acm_int_in
                0x00003ab8       0x4c zephyr/libzephyr.a(cdc_acm.c.obj)
 .text.cdc_acm_irq_rx_enable
                0x00003b04       0x24 zephyr/libzephyr.a(cdc_acm.c.obj)
 .text.cdc_acm_irq_tx_enable
                0x00003b28       0x24 zephyr/libzephyr.a(cdc_acm.c.obj)
 .text.cdc_acm_reset_port
                0x00003b4c       0x44 zephyr/libzephyr.a(cdc_acm.c.obj)
 .text.cdc_acm_fifo_fill
                0x00003b90       0x90 zephyr/libzephyr.a(cdc_acm.c.obj)
 .text.cdc_acm_read_cb
                0x00003c20       0x88 zephyr/libzephyr.a(cdc_acm.c.obj)
 .text.cdc_acm_do_cb
                0x00003ca8      0x158 zephyr/libzephyr.a(cdc_acm.c.obj)
 .text.cdc_acm_dev_status_cb
                0x00003e00       0x54 zephyr/libzephyr.a(cdc_acm.c.obj)
 .text.cdc_acm_send_notification
                0x00003e54       0x60 zephyr/libzephyr.a(cdc_acm.c.obj)
 .text.cdc_acm_poll_out
                0x00003eb4       0xd0 zephyr/libzephyr.a(cdc_acm.c.obj)
 .text.cdc_acm_write_cb
                0x00003f84       0x3c zephyr/libzephyr.a(cdc_acm.c.obj)
 .text.cdc_acm_init
                0x00003fc0       0x4c zephyr/libzephyr.a(cdc_acm.c.obj)
 .text.tx_work_handler
                0x0000400c       0x58 zephyr/libzephyr.a(cdc_acm.c.obj)
 .text.z_usb_work_q_init
                0x00004064       0x34 zephyr/libzephyr.a(usb_work_q.c.obj)
 .text.get_flash_area_from_id
                0x00004098       0x30 zephyr/libzephyr.a(flash_map.c.obj)
 .text.flash_area_open
                0x000040c8       0x28 zephyr/libzephyr.a(flash_map.c.obj)
                0x000040c8                flash_area_open
 .text.pm_system_resume
                0x000040f0       0x80 zephyr/libzephyr.a(power.c.obj)
                0x000040f0                pm_system_resume
 .text.pm_system_suspend
                0x00004170       0xc8 zephyr/libzephyr.a(power.c.obj)
                0x00004170                pm_system_suspend
 .text.nrf_cc3xx_platform_abort_init
                0x00004238       0x10 zephyr/libzephyr.a(nrf_cc3xx_platform_abort_zephyr.c.obj)
                0x00004238                nrf_cc3xx_platform_abort_init
 .text.mutex_unlock_platform
                0x00004248       0x50 zephyr/libzephyr.a(nrf_cc3xx_platform_mutex_zephyr.c.obj)
 .text.mutex_lock_platform
                0x00004298       0x5c zephyr/libzephyr.a(nrf_cc3xx_platform_mutex_zephyr.c.obj)
 .text.mutex_free_platform
                0x000042f4       0x4c zephyr/libzephyr.a(nrf_cc3xx_platform_mutex_zephyr.c.obj)
 .text.mutex_init_platform
                0x00004340       0x74 zephyr/libzephyr.a(nrf_cc3xx_platform_mutex_zephyr.c.obj)
 .text.nrf_cc3xx_platform_mutex_init
                0x000043b4       0x28 zephyr/libzephyr.a(nrf_cc3xx_platform_mutex_zephyr.c.obj)
                0x000043b4                nrf_cc3xx_platform_mutex_init
 .text.z_arm_cpu_idle_init
                0x000043dc        0xc zephyr/arch/arch/arm/core/aarch32/libarch__arm__core__aarch32.a(cpu_idle.S.obj)
                0x000043dc                z_arm_cpu_idle_init
 .text.arch_cpu_idle
                0x000043e8       0x1c zephyr/arch/arch/arm/core/aarch32/libarch__arm__core__aarch32.a(cpu_idle.S.obj)
                0x000043e8                arch_cpu_idle
 .text.arch_cpu_atomic_idle
                0x00004404       0x14 zephyr/arch/arch/arm/core/aarch32/libarch__arm__core__aarch32.a(cpu_idle.S.obj)
                0x00004404                arch_cpu_atomic_idle
 .text.esf_dump
                0x00004418       0x9c zephyr/arch/arch/arm/core/aarch32/libarch__arm__core__aarch32.a(fatal.c.obj)
 .text.arch_irq_enable
                0x000044b4       0x20 zephyr/arch/arch/arm/core/aarch32/libarch__arm__core__aarch32.a(irq_manage.c.obj)
                0x000044b4                arch_irq_enable
 .text.arch_irq_disable
                0x000044d4       0x28 zephyr/arch/arch/arm/core/aarch32/libarch__arm__core__aarch32.a(irq_manage.c.obj)
                0x000044d4                arch_irq_disable
 .text.arch_irq_is_enabled
                0x000044fc       0x1c zephyr/arch/arch/arm/core/aarch32/libarch__arm__core__aarch32.a(irq_manage.c.obj)
                0x000044fc                arch_irq_is_enabled
 .text.z_arm_irq_priority_set
                0x00004518       0x2c zephyr/arch/arch/arm/core/aarch32/libarch__arm__core__aarch32.a(irq_manage.c.obj)
                0x00004518                z_arm_irq_priority_set
 .text.z_SysNmiOnReset
                0x00004544        0x8 zephyr/arch/arch/arm/core/aarch32/libarch__arm__core__aarch32.a(nmi_on_reset.S.obj)
                0x00004544                z_SysNmiOnReset
 .text.z_arm_prep_c
                0x0000454c       0x38 zephyr/arch/arch/arm/core/aarch32/libarch__arm__core__aarch32.a(prep_c.c.obj)
                0x0000454c                z_arm_prep_c
 .text.arch_swap
                0x00004584       0x38 zephyr/arch/arch/arm/core/aarch32/libarch__arm__core__aarch32.a(swap.c.obj)
                0x00004584                arch_swap
 .text.z_arm_pendsv
                0x000045bc       0x58 zephyr/arch/arch/arm/core/aarch32/libarch__arm__core__aarch32.a(swap_helper.S.obj)
                0x000045bc                z_arm_pendsv
 .text.z_arm_svc
                0x00004614       0x20 zephyr/arch/arch/arm/core/aarch32/libarch__arm__core__aarch32.a(swap_helper.S.obj)
                0x00004614                z_arm_svc
 .text.arch_new_thread
                0x00004634       0x40 zephyr/arch/arch/arm/core/aarch32/libarch__arm__core__aarch32.a(thread.c.obj)
                0x00004634                arch_new_thread
 .text.z_check_thread_stack_fail
                0x00004674       0x60 zephyr/arch/arch/arm/core/aarch32/libarch__arm__core__aarch32.a(thread.c.obj)
                0x00004674                z_check_thread_stack_fail
 .text.arch_switch_to_main_thread
                0x000046d4       0x2c zephyr/arch/arch/arm/core/aarch32/libarch__arm__core__aarch32.a(thread.c.obj)
                0x000046d4                arch_switch_to_main_thread
 .text._isr_wrapper
                0x00004700       0x40 zephyr/arch/arch/arm/core/aarch32/libarch__arm__core__aarch32.a(isr_wrapper.S.obj)
                0x00004700                _isr_wrapper
 .text._HandlerModeExit
                0x00004740       0x1c zephyr/arch/arch/arm/core/aarch32/cortex_m/libarch__arm__core__aarch32__cortex_m.a(exc_exit.S.obj)
                0x00004740                z_arm_int_exit
                0x00004740                z_arm_exc_exit
 .text.usage_fault
                0x0000475c      0x164 zephyr/arch/arch/arm/core/aarch32/cortex_m/libarch__arm__core__aarch32__cortex_m.a(fault.c.obj)
 .text.debug_monitor
                0x000048c0       0x34 zephyr/arch/arch/arm/core/aarch32/cortex_m/libarch__arm__core__aarch32__cortex_m.a(fault.c.obj)
 .text.bus_fault
                0x000048f4      0x1b0 zephyr/arch/arch/arm/core/aarch32/cortex_m/libarch__arm__core__aarch32__cortex_m.a(fault.c.obj)
 .text.mem_manage_fault
                0x00004aa4      0x1c4 zephyr/arch/arch/arm/core/aarch32/cortex_m/libarch__arm__core__aarch32__cortex_m.a(fault.c.obj)
 .text.hard_fault
                0x00004c68      0x14c zephyr/arch/arch/arm/core/aarch32/cortex_m/libarch__arm__core__aarch32__cortex_m.a(fault.c.obj)
 .text.reserved_exception
                0x00004db4       0x48 zephyr/arch/arch/arm/core/aarch32/cortex_m/libarch__arm__core__aarch32__cortex_m.a(fault.c.obj)
 .text.z_arm_fault
                0x00004dfc       0xc4 zephyr/arch/arch/arm/core/aarch32/cortex_m/libarch__arm__core__aarch32__cortex_m.a(fault.c.obj)
                0x00004dfc                z_arm_fault
 .text.z_arm_fault_init
                0x00004ec0       0x10 zephyr/arch/arch/arm/core/aarch32/cortex_m/libarch__arm__core__aarch32__cortex_m.a(fault.c.obj)
                0x00004ec0                z_arm_fault_init
 .text.__fault  0x00004ed0       0x14 zephyr/arch/arch/arm/core/aarch32/cortex_m/libarch__arm__core__aarch32__cortex_m.a(fault_s.S.obj)
                0x00004ed0                z_arm_usage_fault
                0x00004ed0                z_arm_mpu_fault
                0x00004ed0                z_arm_exc_spurious
                0x00004ed0                z_arm_debug_monitor
                0x00004ed0                z_arm_hard_fault
                0x00004ed0                z_arm_bus_fault
 .text.z_arm_interrupt_init
                0x00004ee4       0x34 zephyr/arch/arch/arm/core/aarch32/cortex_m/libarch__arm__core__aarch32__cortex_m.a(irq_init.c.obj)
                0x00004ee4                z_arm_interrupt_init
 .text._reset_section
                0x00004f18       0x54 zephyr/arch/arch/arm/core/aarch32/cortex_m/libarch__arm__core__aarch32__cortex_m.a(reset.S.obj)
                0x00004f18                __start
                0x00004f18                z_arm_reset
 .text.z_arm_clear_arm_mpu_config
                0x00004f6c       0x20 zephyr/arch/arch/arm/core/aarch32/cortex_m/libarch__arm__core__aarch32__cortex_m.a(scb.c.obj)
                0x00004f6c                z_arm_clear_arm_mpu_config
 .text.z_arm_init_arch_hw_at_boot
                0x00004f8c       0x54 zephyr/arch/arch/arm/core/aarch32/cortex_m/libarch__arm__core__aarch32__cortex_m.a(scb.c.obj)
                0x00004f8c                z_arm_init_arch_hw_at_boot
 .text.z_impl_k_thread_abort
                0x00004fe0       0x2c zephyr/arch/arch/arm/core/aarch32/cortex_m/libarch__arm__core__aarch32__cortex_m.a(thread_abort.c.obj)
                0x00004fe0                z_impl_k_thread_abort
 .text.z_arm_configure_static_mpu_regions
                0x0000500c       0x1c zephyr/arch/arch/arm/core/aarch32/mpu/libarch__arm__core__aarch32__mpu.a(arm_core_mpu.c.obj)
                0x0000500c                z_arm_configure_static_mpu_regions
 .text.z_arm_configure_dynamic_mpu_regions
                0x00005028       0x24 zephyr/arch/arch/arm/core/aarch32/mpu/libarch__arm__core__aarch32__mpu.a(arm_core_mpu.c.obj)
                0x00005028                z_arm_configure_dynamic_mpu_regions
 .text.region_init
                0x0000504c       0x20 zephyr/arch/arch/arm/core/aarch32/mpu/libarch__arm__core__aarch32__mpu.a(arm_mpu.c.obj)
 .text.region_allocate_and_init
                0x0000506c       0x44 zephyr/arch/arch/arm/core/aarch32/mpu/libarch__arm__core__aarch32__mpu.a(arm_mpu.c.obj)
 .text.mpu_configure_regions
                0x000050b0       0x80 zephyr/arch/arch/arm/core/aarch32/mpu/libarch__arm__core__aarch32__mpu.a(arm_mpu.c.obj)
 .text.mpu_configure_static_mpu_regions
                0x00005130       0x14 zephyr/arch/arch/arm/core/aarch32/mpu/libarch__arm__core__aarch32__mpu.a(arm_mpu.c.obj)
 .text.mpu_configure_dynamic_mpu_regions
                0x00005144       0x30 zephyr/arch/arch/arm/core/aarch32/mpu/libarch__arm__core__aarch32__mpu.a(arm_mpu.c.obj)
 .text.arm_core_mpu_enable
                0x00005174       0x14 zephyr/arch/arch/arm/core/aarch32/mpu/libarch__arm__core__aarch32__mpu.a(arm_mpu.c.obj)
                0x00005174                arm_core_mpu_enable
 .text.arm_core_mpu_disable
                0x00005188       0x10 zephyr/arch/arch/arm/core/aarch32/mpu/libarch__arm__core__aarch32__mpu.a(arm_mpu.c.obj)
                0x00005188                arm_core_mpu_disable
 .text.z_arm_mpu_init
                0x00005198       0x44 zephyr/arch/arch/arm/core/aarch32/mpu/libarch__arm__core__aarch32__mpu.a(arm_mpu.c.obj)
                0x00005198                z_arm_mpu_init
 .text.malloc   0x000051dc       0x3c zephyr/lib/libc/minimal/liblib__libc__minimal.a(malloc.c.obj)
                0x000051dc                malloc
 .text.__stdout_hook_install
                0x00005218        0xc zephyr/lib/libc/minimal/liblib__libc__minimal.a(stdout_console.c.obj)
                0x00005218                __stdout_hook_install
 .text.snprintf
                0x00005224       0x34 zephyr/lib/libc/minimal/liblib__libc__minimal.a(sprintf.c.obj)
                0x00005224                snprintf
 .text.nordicsemi_nrf52_init
                0x00005258       0x30 zephyr/soc/arm/nordic_nrf/nrf52/libsoc__arm__nordic_nrf__nrf52.a(soc.c.obj)
 .text.arch_busy_wait
                0x00005288       0x18 zephyr/soc/arm/nordic_nrf/nrf52/libsoc__arm__nordic_nrf__nrf52.a(soc.c.obj)
                0x00005288                arch_busy_wait
 .text.registry_add
                0x000052a0       0x30 zephyr/subsys/fs/libsubsys__fs.a(fs.c.obj)
 .text.registry_find
                0x000052d0       0x2c zephyr/subsys/fs/libsubsys__fs.a(fs.c.obj)
 .text.fs_get_mnt_point
                0x000052fc       0xa4 zephyr/subsys/fs/libsubsys__fs.a(fs.c.obj)
 .text.fs_init  0x000053a0       0x1c zephyr/subsys/fs/libsubsys__fs.a(fs.c.obj)
 .text.fs_open  0x000053bc       0xfc zephyr/subsys/fs/libsubsys__fs.a(fs.c.obj)
                0x000053bc                fs_open
 .text.fs_close
                0x000054b8       0x58 zephyr/subsys/fs/libsubsys__fs.a(fs.c.obj)
                0x000054b8                fs_close
 .text.fs_read  0x00005510       0x54 zephyr/subsys/fs/libsubsys__fs.a(fs.c.obj)
                0x00005510                fs_read
 .text.fs_write
                0x00005564       0x54 zephyr/subsys/fs/libsubsys__fs.a(fs.c.obj)
                0x00005564                fs_write
 .text.fs_seek  0x000055b8       0x54 zephyr/subsys/fs/libsubsys__fs.a(fs.c.obj)
                0x000055b8                fs_seek
 .text.fs_stat  0x0000560c       0xd0 zephyr/subsys/fs/libsubsys__fs.a(fs.c.obj)
                0x0000560c                fs_stat
 .text.fs_statvfs
                0x000056dc       0xc0 zephyr/subsys/fs/libsubsys__fs.a(fs.c.obj)
                0x000056dc                fs_statvfs
 .text.fs_mount
                0x0000579c      0x1cc zephyr/subsys/fs/libsubsys__fs.a(fs.c.obj)
                0x0000579c                fs_mount
 .text.fs_register
                0x00005968       0x3c zephyr/subsys/fs/libsubsys__fs.a(fs.c.obj)
                0x00005968                fs_register
 .text.fs_impl_strip_prefix
                0x000059a4       0x1c zephyr/subsys/fs/libsubsys__fs.a(fs_impl.c.obj)
                0x000059a4                fs_impl_strip_prefix
 .text.littlefs_init
                0x000059c0       0x10 zephyr/subsys/fs/libsubsys__fs.a(littlefs_fs.c.obj)
 .text.get_block_size
                0x000059d0       0x24 zephyr/subsys/fs/libsubsys__fs.a(littlefs_fs.c.obj)
 .text.littlefs_mount
                0x000059f4      0x360 zephyr/subsys/fs/libsubsys__fs.a(littlefs_fs.c.obj)
 .text.release_file_data
                0x00005d54       0x28 zephyr/subsys/fs/libsubsys__fs.a(littlefs_fs.c.obj)
 .text.littlefs_closedir
                0x00005d7c       0x40 zephyr/subsys/fs/libsubsys__fs.a(littlefs_fs.c.obj)
 .text.littlefs_unmount
                0x00005dbc       0x70 zephyr/subsys/fs/libsubsys__fs.a(littlefs_fs.c.obj)
 .text.littlefs_opendir
                0x00005e2c       0x74 zephyr/subsys/fs/libsubsys__fs.a(littlefs_fs.c.obj)
 .text.littlefs_open
                0x00005ea0       0xb0 zephyr/subsys/fs/libsubsys__fs.a(littlefs_fs.c.obj)
 .text.endpoint_ctx
                0x00005f50       0x68 zephyr/drivers/usb/device/libdrivers__usb__device.a(usb_dc_nrfx.c.obj)
 .text.eps_ctx_init
                0x00005fb8       0x64 zephyr/drivers/usb/device/libdrivers__usb__device.a(usb_dc_nrfx.c.obj)
 .text.usb_init
                0x0000601c       0x4c zephyr/drivers/usb/device/libdrivers__usb__device.a(usb_dc_nrfx.c.obj)
 .text.submit_dc_power_event
                0x00006068       0xec zephyr/drivers/usb/device/libdrivers__usb__device.a(usb_dc_nrfx.c.obj)
 .text.usb_dc_power_event_handler
                0x00006154       0x48 zephyr/drivers/usb/device/libdrivers__usb__device.a(usb_dc_nrfx.c.obj)
 .text.usbd_sof_trigger_iso_read
                0x0000619c      0x140 zephyr/drivers/usb/device/libdrivers__usb__device.a(usb_dc_nrfx.c.obj)
 .text.usbd_work_handler
                0x000062dc      0x3ac zephyr/drivers/usb/device/libdrivers__usb__device.a(usb_dc_nrfx.c.obj)
 .text.usbd_event_transfer_ctrl
                0x00006688      0x330 zephyr/drivers/usb/device/libdrivers__usb__device.a(usb_dc_nrfx.c.obj)
 .text.usbd_event_transfer_data
                0x000069b8      0x32c zephyr/drivers/usb/device/libdrivers__usb__device.a(usb_dc_nrfx.c.obj)
 .text.usbd_event_handler
                0x00006ce4      0x198 zephyr/drivers/usb/device/libdrivers__usb__device.a(usb_dc_nrfx.c.obj)
 .text.usb_dc_attach
                0x00006e7c       0x90 zephyr/drivers/usb/device/libdrivers__usb__device.a(usb_dc_nrfx.c.obj)
                0x00006e7c                usb_dc_attach
 .text.usb_dc_set_address
                0x00006f0c       0x24 zephyr/drivers/usb/device/libdrivers__usb__device.a(usb_dc_nrfx.c.obj)
                0x00006f0c                usb_dc_set_address
 .text.usb_dc_ep_check_cap
                0x00006f30       0x88 zephyr/drivers/usb/device/libdrivers__usb__device.a(usb_dc_nrfx.c.obj)
                0x00006f30                usb_dc_ep_check_cap
 .text.usb_dc_ep_configure
                0x00006fb8       0x7c zephyr/drivers/usb/device/libdrivers__usb__device.a(usb_dc_nrfx.c.obj)
                0x00006fb8                usb_dc_ep_configure
 .text.usb_dc_ep_set_stall
                0x00007034       0x8c zephyr/drivers/usb/device/libdrivers__usb__device.a(usb_dc_nrfx.c.obj)
                0x00007034                usb_dc_ep_set_stall
 .text.usb_dc_ep_clear_stall
                0x000070c0       0x4c zephyr/drivers/usb/device/libdrivers__usb__device.a(usb_dc_nrfx.c.obj)
                0x000070c0                usb_dc_ep_clear_stall
 .text.usb_dc_ep_is_stalled
                0x0000710c       0x48 zephyr/drivers/usb/device/libdrivers__usb__device.a(usb_dc_nrfx.c.obj)
                0x0000710c                usb_dc_ep_is_stalled
 .text.usb_dc_ep_enable
                0x00007154       0x5c zephyr/drivers/usb/device/libdrivers__usb__device.a(usb_dc_nrfx.c.obj)
                0x00007154                usb_dc_ep_enable
 .text.usb_dc_ep_disable
                0x000071b0       0x54 zephyr/drivers/usb/device/libdrivers__usb__device.a(usb_dc_nrfx.c.obj)
                0x000071b0                usb_dc_ep_disable
 .text.usb_dc_ep_write
                0x00007204      0x160 zephyr/drivers/usb/device/libdrivers__usb__device.a(usb_dc_nrfx.c.obj)
                0x00007204                usb_dc_ep_write
 .text.usb_dc_ep_read_wait
                0x00007364       0xf4 zephyr/drivers/usb/device/libdrivers__usb__device.a(usb_dc_nrfx.c.obj)
                0x00007364                usb_dc_ep_read_wait
 .text.usb_dc_ep_read_continue
                0x00007458      0x190 zephyr/drivers/usb/device/libdrivers__usb__device.a(usb_dc_nrfx.c.obj)
                0x00007458                usb_dc_ep_read_continue
 .text.usb_dc_ep_set_callback
                0x000075e8       0x28 zephyr/drivers/usb/device/libdrivers__usb__device.a(usb_dc_nrfx.c.obj)
                0x000075e8                usb_dc_ep_set_callback
 .text.usb_dc_set_status_callback
                0x00007610        0xc zephyr/drivers/usb/device/libdrivers__usb__device.a(usb_dc_nrfx.c.obj)
                0x00007610                usb_dc_set_status_callback
 .text.usb_dc_ep_mps
                0x0000761c       0x24 zephyr/drivers/usb/device/libdrivers__usb__device.a(usb_dc_nrfx.c.obj)
                0x0000761c                usb_dc_ep_mps
 .text.get_hf_flags
                0x00007640        0x8 zephyr/drivers/clock_control/libdrivers__clock_control.a(clock_control_nrf.c.obj)
 .text.get_subsys
                0x00007648       0x18 zephyr/drivers/clock_control/libdrivers__clock_control.a(clock_control_nrf.c.obj)
 .text.onoff_stop
                0x00007660       0x20 zephyr/drivers/clock_control/libdrivers__clock_control.a(clock_control_nrf.c.obj)
 .text.onoff_start
                0x00007680       0x34 zephyr/drivers/clock_control/libdrivers__clock_control.a(clock_control_nrf.c.obj)
 .text.clock_event_handler
                0x000076b4       0x34 zephyr/drivers/clock_control/libdrivers__clock_control.a(clock_control_nrf.c.obj)
 .text.generic_hfclk_start
                0x000076e8       0x68 zephyr/drivers/clock_control/libdrivers__clock_control.a(clock_control_nrf.c.obj)
 .text.generic_hfclk_stop
                0x00007750       0x30 zephyr/drivers/clock_control/libdrivers__clock_control.a(clock_control_nrf.c.obj)
 .text.api_blocking_start
                0x00007780       0x38 zephyr/drivers/clock_control/libdrivers__clock_control.a(clock_control_nrf.c.obj)
 .text.clk_init
                0x000077b8       0x68 zephyr/drivers/clock_control/libdrivers__clock_control.a(clock_control_nrf.c.obj)
 .text.lfclk_spinwait
                0x00007820       0xe8 zephyr/drivers/clock_control/libdrivers__clock_control.a(clock_control_nrf.c.obj)
 .text.z_nrf_clock_control_get_onoff
                0x00007908       0x10 zephyr/drivers/clock_control/libdrivers__clock_control.a(clock_control_nrf.c.obj)
                0x00007908                z_nrf_clock_control_get_onoff
 .text.z_nrf_clock_control_lf_on
                0x00007918       0x54 zephyr/drivers/clock_control/libdrivers__clock_control.a(clock_control_nrf.c.obj)
                0x00007918                z_nrf_clock_control_lf_on
 .text.console_out
                0x0000796c       0x2c zephyr/drivers/console/libdrivers__console.a(uart_console.c.obj)
 .text.uart_console_hook_install
                0x00007998       0x18 zephyr/drivers/console/libdrivers__console.a(uart_console.c.obj)
 .text.uart_console_init
                0x000079b0       0x24 zephyr/drivers/console/libdrivers__console.a(uart_console.c.obj)
 .text.gpio_nrfx_config
                0x000079d4       0xf4 zephyr/drivers/gpio/libdrivers__gpio.a(gpio_nrfx.c.obj)
 .text.cfg_level_pins
                0x00007ac8       0x74 zephyr/drivers/gpio/libdrivers__gpio.a(gpio_nrfx.c.obj)
 .text.check_level_trigger_pins
                0x00007b3c       0xa4 zephyr/drivers/gpio/libdrivers__gpio.a(gpio_nrfx.c.obj)
 .text.gpiote_pin_cleanup
                0x00007be0       0x58 zephyr/drivers/gpio/libdrivers__gpio.a(gpio_nrfx.c.obj)
 .text.gpiote_channel_alloc
                0x00007c38       0x8c zephyr/drivers/gpio/libdrivers__gpio.a(gpio_nrfx.c.obj)
 .text.gpiote_pin_int_cfg
                0x00007cc4       0xa8 zephyr/drivers/gpio/libdrivers__gpio.a(gpio_nrfx.c.obj)
 .text.gpio_nrfx_pin_interrupt_configure
                0x00007d6c       0xb8 zephyr/drivers/gpio/libdrivers__gpio.a(gpio_nrfx.c.obj)
 .text.gpio_nrfx_init
                0x00007e24       0x38 zephyr/drivers/gpio/libdrivers__gpio.a(gpio_nrfx.c.obj)
 .text.gpiote_event_handler
                0x00007e5c      0x140 zephyr/drivers/gpio/libdrivers__gpio.a(gpio_nrfx.c.obj)
 .text.nrf52_errata_242
                0x00007f9c       0x14 zephyr/drivers/flash/libdrivers__flash.a(soc_flash_nrf.c.obj)
 .text.nvmc_wait_ready
                0x00007fb0       0x14 zephyr/drivers/flash/libdrivers__flash.a(soc_flash_nrf.c.obj)
 .text.flash_nrf_pages_layout
                0x00007fc4       0x10 zephyr/drivers/flash/libdrivers__flash.a(soc_flash_nrf.c.obj)
 .text.flash_nrf_get_parameters
                0x00007fd4        0x8 zephyr/drivers/flash/libdrivers__flash.a(soc_flash_nrf.c.obj)
 .text.suspend_pofwarn
                0x00007fdc       0x64 zephyr/drivers/flash/libdrivers__flash.a(soc_flash_nrf.c.obj)
 .text.restore_pofwarn
                0x00008040       0x30 zephyr/drivers/flash/libdrivers__flash.a(soc_flash_nrf.c.obj)
 .text.flash_nrf_erase
                0x00008070       0xcc zephyr/drivers/flash/libdrivers__flash.a(soc_flash_nrf.c.obj)
 .text.flash_nrf_write
                0x0000813c       0xc0 zephyr/drivers/flash/libdrivers__flash.a(soc_flash_nrf.c.obj)
 .text.flash_nrf_read
                0x000081fc       0x68 zephyr/drivers/flash/libdrivers__flash.a(soc_flash_nrf.c.obj)
 .text.nrf_flash_init
                0x00008264       0x28 zephyr/drivers/flash/libdrivers__flash.a(soc_flash_nrf.c.obj)
 .text.baudrate_set
                0x0000828c      0x150 zephyr/drivers/serial/libdrivers__serial.a(uart_nrfx_uarte.c.obj)
 .text.uarte_nrfx_poll_out
                0x000083dc       0x70 zephyr/drivers/serial/libdrivers__serial.a(uart_nrfx_uarte.c.obj)
 .text.endtx_stoptx_ppi_init
                0x0000844c       0x74 zephyr/drivers/serial/libdrivers__serial.a(uart_nrfx_uarte.c.obj)
 .text.uarte_instance_init
                0x000084c0      0x178 zephyr/drivers/serial/libdrivers__serial.a(uart_nrfx_uarte.c.obj)
 .text.set_comparator
                0x00008638       0x14 zephyr/drivers/timer/libdrivers__timer.a(nrf_rtc_timer.c.obj)
 .text.get_comparator
                0x0000864c       0x10 zephyr/drivers/timer/libdrivers__timer.a(nrf_rtc_timer.c.obj)
 .text.event_enable
                0x0000865c       0x14 zephyr/drivers/timer/libdrivers__timer.a(nrf_rtc_timer.c.obj)
 .text.event_disable
                0x00008670       0x14 zephyr/drivers/timer/libdrivers__timer.a(nrf_rtc_timer.c.obj)
 .text.counter  0x00008684        0xc zephyr/drivers/timer/libdrivers__timer.a(nrf_rtc_timer.c.obj)
 .text.compare_int_lock
                0x00008690       0x50 zephyr/drivers/timer/libdrivers__timer.a(nrf_rtc_timer.c.obj)
 .text.channel_processing_check_and_clear
                0x000086e0       0x78 zephyr/drivers/timer/libdrivers__timer.a(nrf_rtc_timer.c.obj)
 .text.compare_int_unlock
                0x00008758       0x60 zephyr/drivers/timer/libdrivers__timer.a(nrf_rtc_timer.c.obj)
 .text.sys_clock_timeout_handler
                0x000087b8       0x74 zephyr/drivers/timer/libdrivers__timer.a(nrf_rtc_timer.c.obj)
 .text.z_nrf_rtc_timer_read
                0x0000882c       0x40 zephyr/drivers/timer/libdrivers__timer.a(nrf_rtc_timer.c.obj)
                0x0000882c                z_nrf_rtc_timer_read
 .text.compare_set_nolocks
                0x0000886c       0xa4 zephyr/drivers/timer/libdrivers__timer.a(nrf_rtc_timer.c.obj)
 .text.process_channel
                0x00008910       0x74 zephyr/drivers/timer/libdrivers__timer.a(nrf_rtc_timer.c.obj)
 .text.rtc_nrf_isr
                0x00008984       0x44 zephyr/drivers/timer/libdrivers__timer.a(nrf_rtc_timer.c.obj)
                0x00008984                rtc_nrf_isr
 .text.sys_clock_driver_init
                0x000089c8       0xa0 zephyr/drivers/timer/libdrivers__timer.a(nrf_rtc_timer.c.obj)
                0x000089c8                sys_clock_driver_init
 .text.sys_clock_set_timeout
                0x00008a68       0x68 zephyr/drivers/timer/libdrivers__timer.a(nrf_rtc_timer.c.obj)
                0x00008a68                sys_clock_set_timeout
 .text.sys_clock_elapsed
                0x00008ad0       0x14 zephyr/drivers/timer/libdrivers__timer.a(nrf_rtc_timer.c.obj)
                0x00008ad0                sys_clock_elapsed
 .text.nrf52_errata_36
                0x00008ae4       0x14 modules/hal_nordic/nrfx/libmodules__hal_nordic__nrfx.a(system_nrf52840.c.obj)
 .text.nrf52_errata_66
                0x00008af8       0x14 modules/hal_nordic/nrfx/libmodules__hal_nordic__nrfx.a(system_nrf52840.c.obj)
 .text.nrf52_errata_98
                0x00008b0c       0x28 modules/hal_nordic/nrfx/libmodules__hal_nordic__nrfx.a(system_nrf52840.c.obj)
 .text.nrf52_errata_103
                0x00008b34       0x28 modules/hal_nordic/nrfx/libmodules__hal_nordic__nrfx.a(system_nrf52840.c.obj)
 .text.nrf52_errata_115
                0x00008b5c       0x28 modules/hal_nordic/nrfx/libmodules__hal_nordic__nrfx.a(system_nrf52840.c.obj)
 .text.nrf52_errata_120
                0x00008b84       0x28 modules/hal_nordic/nrfx/libmodules__hal_nordic__nrfx.a(system_nrf52840.c.obj)
 .text.nrf52_errata_136
                0x00008bac       0x14 modules/hal_nordic/nrfx/libmodules__hal_nordic__nrfx.a(system_nrf52840.c.obj)
 .text.nrf52_errata_249
                0x00008bc0       0x24 modules/hal_nordic/nrfx/libmodules__hal_nordic__nrfx.a(system_nrf52840.c.obj)
 .text.nvmc_wait
                0x00008be4       0x10 modules/hal_nordic/nrfx/libmodules__hal_nordic__nrfx.a(system_nrf52840.c.obj)
                0x00008be4                nvmc_wait
 .text.nvmc_config
                0x00008bf4       0x14 modules/hal_nordic/nrfx/libmodules__hal_nordic__nrfx.a(system_nrf52840.c.obj)
                0x00008bf4                nvmc_config
 .text.SystemCoreClockUpdate
                0x00008c08       0x10 modules/hal_nordic/nrfx/libmodules__hal_nordic__nrfx.a(system_nrf52840.c.obj)
                0x00008c08                SystemCoreClockUpdate
 .text.SystemInit
                0x00008c18      0x1a8 modules/hal_nordic/nrfx/libmodules__hal_nordic__nrfx.a(system_nrf52840.c.obj)
                0x00008c18                SystemInit
 .text.nrfx_clock_init
                0x00008dc0       0x28 modules/hal_nordic/nrfx/libmodules__hal_nordic__nrfx.a(nrfx_clock.c.obj)
                0x00008dc0                nrfx_clock_init
 .text.nrfx_clock_enable
                0x00008de8       0x1c modules/hal_nordic/nrfx/libmodules__hal_nordic__nrfx.a(nrfx_clock.c.obj)
                0x00008de8                nrfx_clock_enable
 .text.nrfx_clock_start
                0x00008e04       0x70 modules/hal_nordic/nrfx/libmodules__hal_nordic__nrfx.a(nrfx_clock.c.obj)
                0x00008e04                nrfx_clock_start
 .text.nrfx_clock_stop
                0x00008e74      0x118 modules/hal_nordic/nrfx/libmodules__hal_nordic__nrfx.a(nrfx_clock.c.obj)
                0x00008e74                nrfx_clock_stop
 .text.nrfx_clock_irq_handler
                0x00008f8c       0x7c modules/hal_nordic/nrfx/libmodules__hal_nordic__nrfx.a(nrfx_clock.c.obj)
                0x00008f8c                nrfx_clock_irq_handler
 .text.is_allocated_channel
                0x00009008       0x18 modules/hal_nordic/nrfx/libmodules__hal_nordic__nrfx.a(nrfx_gpiote.c.obj)
 .text.channel_allocated_set
                0x00009020       0x14 modules/hal_nordic/nrfx/libmodules__hal_nordic__nrfx.a(nrfx_gpiote.c.obj)
 .text.channel_allocated_clr
                0x00009034       0x18 modules/hal_nordic/nrfx/libmodules__hal_nordic__nrfx.a(nrfx_gpiote.c.obj)
 .text.nrfx_gpiote_channel_free
                0x0000904c       0x38 modules/hal_nordic/nrfx/libmodules__hal_nordic__nrfx.a(nrfx_gpiote.c.obj)
                0x0000904c                nrfx_gpiote_channel_free
 .text.nrfx_gpiote_channel_alloc
                0x00009084       0x70 modules/hal_nordic/nrfx/libmodules__hal_nordic__nrfx.a(nrfx_gpiote.c.obj)
                0x00009084                nrfx_gpiote_channel_alloc
 .text.nvmc_readonly_mode_set
                0x000090f4       0x10 modules/hal_nordic/nrfx/libmodules__hal_nordic__nrfx.a(nrfx_nvmc.c.obj)
 .text.nvmc_write_mode_set
                0x00009104       0x10 modules/hal_nordic/nrfx/libmodules__hal_nordic__nrfx.a(nrfx_nvmc.c.obj)
 .text.nvmc_erase_mode_set
                0x00009114       0x10 modules/hal_nordic/nrfx/libmodules__hal_nordic__nrfx.a(nrfx_nvmc.c.obj)
 .text.nvmc_word_write
                0x00009124       0x18 modules/hal_nordic/nrfx/libmodules__hal_nordic__nrfx.a(nrfx_nvmc.c.obj)
 .text.nrfx_nvmc_page_erase
                0x0000913c       0x38 modules/hal_nordic/nrfx/libmodules__hal_nordic__nrfx.a(nrfx_nvmc.c.obj)
                0x0000913c                nrfx_nvmc_page_erase
 .text.nrf52_errata_197
                0x00009174       0x24 modules/hal_nordic/nrfx/libmodules__hal_nordic__nrfx.a(nrfx_power.c.obj)
 .text.nrfx_power_init
                0x00009198       0x74 modules/hal_nordic/nrfx/libmodules__hal_nordic__nrfx.a(nrfx_power.c.obj)
                0x00009198                nrfx_power_init
 .text.nrfx_power_usbevt_uninit
                0x0000920c       0x14 modules/hal_nordic/nrfx/libmodules__hal_nordic__nrfx.a(nrfx_power.c.obj)
                0x0000920c                nrfx_power_usbevt_uninit
 .text.nrfx_power_usbevt_init
                0x00009220       0x18 modules/hal_nordic/nrfx/libmodules__hal_nordic__nrfx.a(nrfx_power.c.obj)
                0x00009220                nrfx_power_usbevt_init
 .text.nrfx_power_irq_handler
                0x00009238       0xe4 modules/hal_nordic/nrfx/libmodules__hal_nordic__nrfx.a(nrfx_power.c.obj)
                0x00009238                nrfx_power_irq_handler
 .text.is_allocated_channel
                0x0000931c       0x18 modules/hal_nordic/nrfx/libmodules__hal_nordic__nrfx.a(nrfx_ppi.c.obj)
 .text.channel_allocated_set
                0x00009334       0x14 modules/hal_nordic/nrfx/libmodules__hal_nordic__nrfx.a(nrfx_ppi.c.obj)
 .text.nrfx_ppi_channel_alloc
                0x00009348       0x6c modules/hal_nordic/nrfx/libmodules__hal_nordic__nrfx.a(nrfx_ppi.c.obj)
                0x00009348                nrfx_ppi_channel_alloc
 .text.nrf52_errata_166
                0x000093b4       0x14 modules/hal_nordic/nrfx/libmodules__hal_nordic__nrfx.a(nrfx_usbd.c.obj)
 .text.nrf52_errata_171
                0x000093c8       0x14 modules/hal_nordic/nrfx/libmodules__hal_nordic__nrfx.a(nrfx_usbd.c.obj)
 .text.nrf52_errata_187
                0x000093dc       0x28 modules/hal_nordic/nrfx/libmodules__hal_nordic__nrfx.a(nrfx_usbd.c.obj)
 .text.nrf52_errata_199
                0x00009404       0x14 modules/hal_nordic/nrfx/libmodules__hal_nordic__nrfx.a(nrfx_usbd.c.obj)
 .text.ev_usbreset_handler
                0x00009418       0x38 modules/hal_nordic/nrfx/libmodules__hal_nordic__nrfx.a(nrfx_usbd.c.obj)
 .text.ev_sof_handler
                0x00009450       0x60 modules/hal_nordic/nrfx/libmodules__hal_nordic__nrfx.a(nrfx_usbd.c.obj)
 .text.ev_usbevent_handler
                0x000094b0       0xa0 modules/hal_nordic/nrfx/libmodules__hal_nordic__nrfx.a(nrfx_usbd.c.obj)
 .text.usbd_enable
                0x00009550      0x130 modules/hal_nordic/nrfx/libmodules__hal_nordic__nrfx.a(nrfx_usbd.c.obj)
 .text.usbd_ep_data_handler
                0x00009680      0x1a0 modules/hal_nordic/nrfx/libmodules__hal_nordic__nrfx.a(nrfx_usbd.c.obj)
 .text.ev_setup_data_handler
                0x00009820       0x24 modules/hal_nordic/nrfx/libmodules__hal_nordic__nrfx.a(nrfx_usbd.c.obj)
 .text.ev_dma_epout8_handler
                0x00009844       0x78 modules/hal_nordic/nrfx/libmodules__hal_nordic__nrfx.a(nrfx_usbd.c.obj)
 .text.ev_dma_epin8_handler
                0x000098bc       0x94 modules/hal_nordic/nrfx/libmodules__hal_nordic__nrfx.a(nrfx_usbd.c.obj)
 .text.ev_dma_epin0_handler
                0x00009950       0x70 modules/hal_nordic/nrfx/libmodules__hal_nordic__nrfx.a(nrfx_usbd.c.obj)
 .text.ev_dma_epin7_handler
                0x000099c0       0x70 modules/hal_nordic/nrfx/libmodules__hal_nordic__nrfx.a(nrfx_usbd.c.obj)
 .text.ev_dma_epin5_handler
                0x00009a30       0x70 modules/hal_nordic/nrfx/libmodules__hal_nordic__nrfx.a(nrfx_usbd.c.obj)
 .text.ev_dma_epin6_handler
                0x00009aa0       0x70 modules/hal_nordic/nrfx/libmodules__hal_nordic__nrfx.a(nrfx_usbd.c.obj)
 .text.ev_dma_epin1_handler
                0x00009b10       0x70 modules/hal_nordic/nrfx/libmodules__hal_nordic__nrfx.a(nrfx_usbd.c.obj)
 .text.ev_dma_epin2_handler
                0x00009b80       0x70 modules/hal_nordic/nrfx/libmodules__hal_nordic__nrfx.a(nrfx_usbd.c.obj)
 .text.ev_dma_epin3_handler
                0x00009bf0       0x70 modules/hal_nordic/nrfx/libmodules__hal_nordic__nrfx.a(nrfx_usbd.c.obj)
 .text.ev_dma_epin4_handler
                0x00009c60       0x70 modules/hal_nordic/nrfx/libmodules__hal_nordic__nrfx.a(nrfx_usbd.c.obj)
 .text.nrfx_usbd_isoinconfig_set
                0x00009cd0        0xc modules/hal_nordic/nrfx/libmodules__hal_nordic__nrfx.a(nrfx_usbd.c.obj)
                0x00009cd0                nrfx_usbd_isoinconfig_set
 .text.nrfx_usbd_uninit
                0x00009cdc       0x14 modules/hal_nordic/nrfx/libmodules__hal_nordic__nrfx.a(nrfx_usbd.c.obj)
                0x00009cdc                nrfx_usbd_uninit
 .text.nrfx_usbd_enable
                0x00009cf0      0x134 modules/hal_nordic/nrfx/libmodules__hal_nordic__nrfx.a(nrfx_usbd.c.obj)
                0x00009cf0                nrfx_usbd_enable
 .text.nrfx_usbd_start
                0x00009e24       0x38 modules/hal_nordic/nrfx/libmodules__hal_nordic__nrfx.a(nrfx_usbd.c.obj)
                0x00009e24                nrfx_usbd_start
 .text.nrfx_usbd_is_enabled
                0x00009e5c       0x14 modules/hal_nordic/nrfx/libmodules__hal_nordic__nrfx.a(nrfx_usbd.c.obj)
                0x00009e5c                nrfx_usbd_is_enabled
 .text.nrfx_usbd_ep_max_packet_size_set
                0x00009e70       0x20 modules/hal_nordic/nrfx/libmodules__hal_nordic__nrfx.a(nrfx_usbd.c.obj)
                0x00009e70                nrfx_usbd_ep_max_packet_size_set
 .text.nrfx_usbd_init
                0x00009e90       0xb0 modules/hal_nordic/nrfx/libmodules__hal_nordic__nrfx.a(nrfx_usbd.c.obj)
                0x00009e90                nrfx_usbd_init
 .text.nrfx_usbd_ep_transfer
                0x00009f40      0x124 modules/hal_nordic/nrfx/libmodules__hal_nordic__nrfx.a(nrfx_usbd.c.obj)
                0x00009f40                nrfx_usbd_ep_transfer
 .text.nrfx_usbd_feeder_buffer_get
                0x0000a064        0x8 modules/hal_nordic/nrfx/libmodules__hal_nordic__nrfx.a(nrfx_usbd.c.obj)
                0x0000a064                nrfx_usbd_feeder_buffer_get
 .text.nrfx_usbd_ep_status_get
                0x0000a06c       0x4c modules/hal_nordic/nrfx/libmodules__hal_nordic__nrfx.a(nrfx_usbd.c.obj)
                0x0000a06c                nrfx_usbd_ep_status_get
 .text.nrfx_usbd_epout_size_get
                0x0000a0b8       0x2c modules/hal_nordic/nrfx/libmodules__hal_nordic__nrfx.a(nrfx_usbd.c.obj)
                0x0000a0b8                nrfx_usbd_epout_size_get
 .text.usbd_dmareq_process
                0x0000a0e4      0x1e4 modules/hal_nordic/nrfx/libmodules__hal_nordic__nrfx.a(nrfx_usbd.c.obj)
 .text.ev_epdata_handler
                0x0000a2c8       0x44 modules/hal_nordic/nrfx/libmodules__hal_nordic__nrfx.a(nrfx_usbd.c.obj)
 .text.ev_dma_epout7_handler
                0x0000a30c       0x94 modules/hal_nordic/nrfx/libmodules__hal_nordic__nrfx.a(nrfx_usbd.c.obj)
 .text.ev_dma_epout1_handler
                0x0000a3a0       0x94 modules/hal_nordic/nrfx/libmodules__hal_nordic__nrfx.a(nrfx_usbd.c.obj)
 .text.ev_dma_epout2_handler
                0x0000a434       0x94 modules/hal_nordic/nrfx/libmodules__hal_nordic__nrfx.a(nrfx_usbd.c.obj)
 .text.ev_dma_epout3_handler
                0x0000a4c8       0x94 modules/hal_nordic/nrfx/libmodules__hal_nordic__nrfx.a(nrfx_usbd.c.obj)
 .text.ev_dma_epout4_handler
                0x0000a55c       0x94 modules/hal_nordic/nrfx/libmodules__hal_nordic__nrfx.a(nrfx_usbd.c.obj)
 .text.ev_dma_epout5_handler
                0x0000a5f0       0x94 modules/hal_nordic/nrfx/libmodules__hal_nordic__nrfx.a(nrfx_usbd.c.obj)
 .text.ev_dma_epout6_handler
                0x0000a684       0x94 modules/hal_nordic/nrfx/libmodules__hal_nordic__nrfx.a(nrfx_usbd.c.obj)
 .text.nrfx_usbd_ep_stall
                0x0000a718       0x10 modules/hal_nordic/nrfx/libmodules__hal_nordic__nrfx.a(nrfx_usbd.c.obj)
                0x0000a718                nrfx_usbd_ep_stall
 .text.nrfx_usbd_ep_stall_check
                0x0000a728       0x40 modules/hal_nordic/nrfx/libmodules__hal_nordic__nrfx.a(nrfx_usbd.c.obj)
                0x0000a728                nrfx_usbd_ep_stall_check
 .text.nrfx_usbd_ep_dtoggle_clear
                0x0000a768       0x18 modules/hal_nordic/nrfx/libmodules__hal_nordic__nrfx.a(nrfx_usbd.c.obj)
                0x0000a768                nrfx_usbd_ep_dtoggle_clear
 .text.nrfx_usbd_setup_get
                0x0000a780       0x58 modules/hal_nordic/nrfx/libmodules__hal_nordic__nrfx.a(nrfx_usbd.c.obj)
                0x0000a780                nrfx_usbd_setup_get
 .text.nrfx_usbd_setup_data_clear
                0x0000a7d8       0x10 modules/hal_nordic/nrfx/libmodules__hal_nordic__nrfx.a(nrfx_usbd.c.obj)
                0x0000a7d8                nrfx_usbd_setup_data_clear
 .text.ev_dma_epout0_handler
                0x0000a7e8       0x94 modules/hal_nordic/nrfx/libmodules__hal_nordic__nrfx.a(nrfx_usbd.c.obj)
 .text.nrfx_usbd_setup_clear
                0x0000a87c       0x10 modules/hal_nordic/nrfx/libmodules__hal_nordic__nrfx.a(nrfx_usbd.c.obj)
                0x0000a87c                nrfx_usbd_setup_clear
 .text.nrfx_usbd_setup_stall
                0x0000a88c       0x10 modules/hal_nordic/nrfx/libmodules__hal_nordic__nrfx.a(nrfx_usbd.c.obj)
                0x0000a88c                nrfx_usbd_setup_stall
 .text.nrfx_usbd_last_setup_dir_get
                0x0000a89c        0xc modules/hal_nordic/nrfx/libmodules__hal_nordic__nrfx.a(nrfx_usbd.c.obj)
                0x0000a89c                nrfx_usbd_last_setup_dir_get
 .text.nrfx_usbd_transfer_out_drop
                0x0000a8a8       0x64 modules/hal_nordic/nrfx/libmodules__hal_nordic__nrfx.a(nrfx_usbd.c.obj)
                0x0000a8a8                nrfx_usbd_transfer_out_drop
 .text.ev_setup_handler
                0x0000a90c      0x1a8 modules/hal_nordic/nrfx/libmodules__hal_nordic__nrfx.a(nrfx_usbd.c.obj)
 .text.nrfx_usbd_irq_handler
                0x0000aab4       0x94 modules/hal_nordic/nrfx/libmodules__hal_nordic__nrfx.a(nrfx_usbd.c.obj)
                0x0000aab4                nrfx_usbd_irq_handler
 .text.nrfx_usbd_ep_enable
                0x0000ab48       0xb4 modules/hal_nordic/nrfx/libmodules__hal_nordic__nrfx.a(nrfx_usbd.c.obj)
                0x0000ab48                nrfx_usbd_ep_enable
 .text.nrfx_usbd_ep_stall_clear
                0x0000abfc       0x28 modules/hal_nordic/nrfx/libmodules__hal_nordic__nrfx.a(nrfx_usbd.c.obj)
                0x0000abfc                nrfx_usbd_ep_stall_clear
 .text.usbd_ep_abort_all
                0x0000ac24      0x188 modules/hal_nordic/nrfx/libmodules__hal_nordic__nrfx.a(nrfx_usbd.c.obj)
 .text.nrfx_usbd_stop
                0x0000adac       0x3c modules/hal_nordic/nrfx/libmodules__hal_nordic__nrfx.a(nrfx_usbd.c.obj)
                0x0000adac                nrfx_usbd_stop
 .text.nrfx_usbd_disable
                0x0000ade8       0x44 modules/hal_nordic/nrfx/libmodules__hal_nordic__nrfx.a(nrfx_usbd.c.obj)
                0x0000ade8                nrfx_usbd_disable
 .text.nrfx_usbd_suspend
                0x0000ae2c       0x68 modules/hal_nordic/nrfx/libmodules__hal_nordic__nrfx.a(nrfx_usbd.c.obj)
                0x0000ae2c                nrfx_usbd_suspend
 .text.nrfx_usbd_ep_abort
                0x0000ae94      0x11c modules/hal_nordic/nrfx/libmodules__hal_nordic__nrfx.a(nrfx_usbd.c.obj)
                0x0000ae94                nrfx_usbd_ep_abort
 .text.nrfx_usbd_ep_disable
                0x0000afb0      0x170 modules/hal_nordic/nrfx/libmodules__hal_nordic__nrfx.a(nrfx_usbd.c.obj)
                0x0000afb0                nrfx_usbd_ep_disable
 .text.lfs_dir_traverse_filter
                0x0000b120       0x7c modules/littlefs/lib..__modules__fs__littlefs.a(lfs.c.obj)
 .text.lfs_fs_prepmove
                0x0000b19c       0x4c modules/littlefs/lib..__modules__fs__littlefs.a(lfs.c.obj)
 .text.lfs_dir_fetchmatch
                0x0000b1e8      0x558 modules/littlefs/lib..__modules__fs__littlefs.a(lfs.c.obj)
 .text.lfs_fs_parent
                0x0000b740       0x8c modules/littlefs/lib..__modules__fs__littlefs.a(lfs.c.obj)
 .text.lfs_dir_traverse
                0x0000b7cc      0x1d8 modules/littlefs/lib..__modules__fs__littlefs.a(lfs.c.obj)
 .text.lfs_dir_getslice
                0x0000b9a4      0x188 modules/littlefs/lib..__modules__fs__littlefs.a(lfs.c.obj)
 .text.lfs_dir_getgstate
                0x0000bb2c       0x54 modules/littlefs/lib..__modules__fs__littlefs.a(lfs.c.obj)
 .text.lfs_dir_find
                0x0000bb80      0x188 modules/littlefs/lib..__modules__fs__littlefs.a(lfs.c.obj)
 .text.lfs_dir_getinfo
                0x0000bd08       0x9c modules/littlefs/lib..__modules__fs__littlefs.a(lfs.c.obj)
 .text.lfs_dir_open
                0x0000bda4       0x88 modules/littlefs/lib..__modules__fs__littlefs.a(lfs.c.obj)
                0x0000bda4                lfs_dir_open
 .text.lfs_dir_read
                0x0000be2c       0xb0 modules/littlefs/lib..__modules__fs__littlefs.a(lfs.c.obj)
                0x0000be2c                lfs_dir_read
 .text.lfs_mount
                0x0000bedc      0x27c modules/littlefs/lib..__modules__fs__littlefs.a(lfs.c.obj)
                0x0000bedc                lfs_mount
 .text.lfs_fs_traverseraw
                0x0000c158      0x180 modules/littlefs/lib..__modules__fs__littlefs.a(lfs.c.obj)
                0x0000c158                lfs_fs_traverseraw
 .text.lfs_alloc
                0x0000c2d8      0x104 modules/littlefs/lib..__modules__fs__littlefs.a(lfs.c.obj)
 .text.lfs_file_relocate
                0x0000c3dc      0x10c modules/littlefs/lib..__modules__fs__littlefs.a(lfs.c.obj)
 .text.lfs_file_flush
                0x0000c4e8       0xf4 modules/littlefs/lib..__modules__fs__littlefs.a(lfs.c.obj)
 .text.lfs_file_read
                0x0000c5dc      0x11c modules/littlefs/lib..__modules__fs__littlefs.a(lfs.c.obj)
                0x0000c5dc                lfs_file_read
 .text.lfs_fs_size
                0x0000c6f8       0x20 modules/littlefs/lib..__modules__fs__littlefs.a(lfs.c.obj)
                0x0000c6f8                lfs_fs_size
 .text.lfs_dir_compact
                0x0000c718      0x3f4 modules/littlefs/lib..__modules__fs__littlefs.a(lfs.c.obj)
 .text.lfs_dir_commit
                0x0000cb0c      0x43c modules/littlefs/lib..__modules__fs__littlefs.a(lfs.c.obj)
 .text.lfs_dir_drop
                0x0000cf48       0x40 modules/littlefs/lib..__modules__fs__littlefs.a(lfs.c.obj)
 .text.lfs_fs_deorphan
                0x0000cf88      0x11c modules/littlefs/lib..__modules__fs__littlefs.a(lfs.c.obj)
 .text.lfs_mkdir
                0x0000d0a4      0x150 modules/littlefs/lib..__modules__fs__littlefs.a(lfs.c.obj)
                0x0000d0a4                lfs_mkdir
 .text.lfs_fs_relocate
                0x0000d1f4      0x1f4 modules/littlefs/lib..__modules__fs__littlefs.a(lfs.c.obj)
 .text.lfs_file_opencfg
                0x0000d3e8      0x254 modules/littlefs/lib..__modules__fs__littlefs.a(lfs.c.obj)
                0x0000d3e8                lfs_file_opencfg
 .text.lfs_remove
                0x0000d63c       0xf8 modules/littlefs/lib..__modules__fs__littlefs.a(lfs.c.obj)
                0x0000d63c                lfs_remove
 .text.lfs_rename
                0x0000d734      0x28c modules/littlefs/lib..__modules__fs__littlefs.a(lfs.c.obj)
                0x0000d734                lfs_rename
 .text.lfs_format
                0x0000d9c0       0xd4 modules/littlefs/lib..__modules__fs__littlefs.a(lfs.c.obj)
                0x0000d9c0                lfs_format
 .text.lfs_crc  0x0000da94       0x38 modules/littlefs/lib..__modules__fs__littlefs.a(lfs_util.c.obj)
                0x0000da94                lfs_crc
 .text._DoInit  0x0000dacc       0x60 modules/segger/libmodules__segger.a(SEGGER_RTT.c.obj)
 .text.SEGGER_RTT_WriteSkipNoLock
                0x0000db2c       0xc8 modules/segger/libmodules__segger.a(SEGGER_RTT.c.obj)
                0x0000db2c                SEGGER_RTT_WriteSkipNoLock
 .text.SEGGER_RTT_HasDataUp
                0x0000dbf4       0x20 modules/segger/libmodules__segger.a(SEGGER_RTT.c.obj)
                0x0000dbf4                SEGGER_RTT_HasDataUp
 .text.z_device_state_init
                0x0000dc14       0x18 zephyr/kernel/libkernel.a(device.c.obj)
                0x0000dc14                z_device_state_init
 .text.z_sys_init_run_level
                0x0000dc2c       0x50 zephyr/kernel/libkernel.a(device.c.obj)
                0x0000dc2c                z_sys_init_run_level
 .text.z_impl_device_get_binding
                0x0000dc7c       0x64 zephyr/kernel/libkernel.a(device.c.obj)
                0x0000dc7c                z_impl_device_get_binding
 .text.z_impl_z_errno
                0x0000dce0        0xc zephyr/kernel/libkernel.a(errno.c.obj)
                0x0000dce0                z_impl_z_errno
 .text.reason_to_str
                0x0000dcec       0x40 zephyr/kernel/libkernel.a(fatal.c.obj)
 .text.thread_name_get
                0x0000dd2c       0x20 zephyr/kernel/libkernel.a(fatal.c.obj)
 .text.k_sys_fatal_error_handler
                0x0000dd4c       0x3c zephyr/kernel/libkernel.a(fatal.c.obj)
                0x0000dd4c                k_sys_fatal_error_handler
 .text.z_fatal_error
                0x0000dd88       0xdc zephyr/kernel/libkernel.a(fatal.c.obj)
                0x0000dd88                z_fatal_error
 .text.init_idle_thread
                0x0000de64       0x70 zephyr/kernel/libkernel.a(init.c.obj)
 .text.prepare_multithreading
                0x0000ded4       0x94 zephyr/kernel/libkernel.a(init.c.obj)
 .text.bg_thread_main
                0x0000df68       0x34 zephyr/kernel/libkernel.a(init.c.obj)
 .text.switch_to_main_thread
                0x0000df9c       0x14 zephyr/kernel/libkernel.a(init.c.obj)
 .text.z_bss_zero
                0x0000dfb0       0x18 zephyr/kernel/libkernel.a(init.c.obj)
                0x0000dfb0                z_bss_zero
 .text.z_cstart
                0x0000dfc8       0x88 zephyr/kernel/libkernel.a(init.c.obj)
                0x0000dfc8                z_cstart
 .text.statics_init
                0x0000e050       0x24 zephyr/kernel/libkernel.a(kheap.c.obj)
 .text.init_mem_slab_module
                0x0000e074       0x24 zephyr/kernel/libkernel.a(mem_slab.c.obj)
 .text.k_mem_slab_alloc
                0x0000e098       0x6c zephyr/kernel/libkernel.a(mem_slab.c.obj)
                0x0000e098                k_mem_slab_alloc
 .text.z_thread_monitor_exit
                0x0000e104       0x40 zephyr/kernel/libkernel.a(thread.c.obj)
                0x0000e104                z_thread_monitor_exit
 .text.z_impl_k_thread_name_set
                0x0000e144       0x24 zephyr/kernel/libkernel.a(thread.c.obj)
                0x0000e144                z_impl_k_thread_name_set
 .text.schedule_new_thread
                0x0000e168       0x24 zephyr/kernel/libkernel.a(thread.c.obj)
 .text.z_setup_new_thread
                0x0000e18c       0xc8 zephyr/kernel/libkernel.a(thread.c.obj)
                0x0000e18c                z_setup_new_thread
 .text.z_init_static_threads
                0x0000e254       0x9c zephyr/kernel/libkernel.a(thread.c.obj)
                0x0000e254                z_init_static_threads
 .text.pm_save_idle
                0x0000e2f0       0x1c zephyr/kernel/libkernel.a(idle.c.obj)
 .text.z_impl_k_mutex_lock
                0x0000e30c      0x114 zephyr/kernel/libkernel.a(mutex.c.obj)
                0x0000e30c                z_impl_k_mutex_lock
 .text.z_impl_k_mutex_unlock
                0x0000e420       0x88 zephyr/kernel/libkernel.a(mutex.c.obj)
                0x0000e420                z_impl_k_mutex_unlock
 .text.z_impl_k_queue_get
                0x0000e4a8       0x78 zephyr/kernel/libkernel.a(queue.c.obj)
                0x0000e4a8                z_impl_k_queue_get
 .text.z_impl_k_sem_give
                0x0000e520       0x48 zephyr/kernel/libkernel.a(sem.c.obj)
                0x0000e520                z_impl_k_sem_give
 .text.z_impl_k_sem_take
                0x0000e568       0x54 zephyr/kernel/libkernel.a(sem.c.obj)
                0x0000e568                z_impl_k_sem_take
 .text.submit_to_queue_locked
                0x0000e5bc       0xd8 zephyr/kernel/libkernel.a(work.c.obj)
 .text.finalize_cancel_locked
                0x0000e694       0x78 zephyr/kernel/libkernel.a(work.c.obj)
 .text.work_queue_main
                0x0000e70c       0xf0 zephyr/kernel/libkernel.a(work.c.obj)
 .text.k_work_queue_start
                0x0000e7fc       0x7c zephyr/kernel/libkernel.a(work.c.obj)
                0x0000e7fc                k_work_queue_start
 .text.add_thread_timeout
                0x0000e878       0x20 zephyr/kernel/libkernel.a(sched.c.obj)
 .text.z_reset_time_slice
                0x0000e898       0x2c zephyr/kernel/libkernel.a(sched.c.obj)
                0x0000e898                z_reset_time_slice
 .text.k_sched_time_slice_set
                0x0000e8c4       0x78 zephyr/kernel/libkernel.a(sched.c.obj)
                0x0000e8c4                k_sched_time_slice_set
 .text.z_reschedule
                0x0000e93c       0x38 zephyr/kernel/libkernel.a(sched.c.obj)
                0x0000e93c                z_reschedule
 .text.k_sched_lock
                0x0000e974       0x30 zephyr/kernel/libkernel.a(sched.c.obj)
                0x0000e974                k_sched_lock
 .text.update_cache
                0x0000e9a4       0x4c zephyr/kernel/libkernel.a(sched.c.obj)
 .text.move_thread_to_end_of_prio_q
                0x0000e9f0       0x88 zephyr/kernel/libkernel.a(sched.c.obj)
 .text.z_time_slice
                0x0000ea78       0x98 zephyr/kernel/libkernel.a(sched.c.obj)
                0x0000ea78                z_time_slice
 .text.ready_thread
                0x0000eb10       0x80 zephyr/kernel/libkernel.a(sched.c.obj)
 .text.z_sched_start
                0x0000eb90       0x3c zephyr/kernel/libkernel.a(sched.c.obj)
                0x0000eb90                z_sched_start
 .text.unready_thread
                0x0000ebcc       0x38 zephyr/kernel/libkernel.a(sched.c.obj)
 .text.z_pend_curr
                0x0000ec04       0x28 zephyr/kernel/libkernel.a(sched.c.obj)
                0x0000ec04                z_pend_curr
 .text.z_set_prio
                0x0000ec2c       0xc0 zephyr/kernel/libkernel.a(sched.c.obj)
                0x0000ec2c                z_set_prio
 .text.z_impl_k_thread_suspend
                0x0000ecec       0x84 zephyr/kernel/libkernel.a(sched.c.obj)
                0x0000ecec                z_impl_k_thread_suspend
 .text.k_sched_unlock
                0x0000ed70       0x4c zephyr/kernel/libkernel.a(sched.c.obj)
                0x0000ed70                k_sched_unlock
 .text.end_thread
                0x0000edbc       0x9c zephyr/kernel/libkernel.a(sched.c.obj)
 .text.z_sched_init
                0x0000ee58       0x1c zephyr/kernel/libkernel.a(sched.c.obj)
                0x0000ee58                z_sched_init
 .text.z_impl_k_yield
                0x0000ee74       0x88 zephyr/kernel/libkernel.a(sched.c.obj)
                0x0000ee74                z_impl_k_yield
 .text.z_tick_sleep
                0x0000eefc       0xa0 zephyr/kernel/libkernel.a(sched.c.obj)
 .text.z_impl_k_sleep
                0x0000ef9c       0x58 zephyr/kernel/libkernel.a(sched.c.obj)
                0x0000ef9c                z_impl_k_sleep
 .text.z_impl_z_current_get
                0x0000eff4        0xc zephyr/kernel/libkernel.a(sched.c.obj)
                0x0000eff4                z_impl_z_current_get
 .text.z_impl_k_is_preempt_thread
                0x0000f000       0x20 zephyr/kernel/libkernel.a(sched.c.obj)
                0x0000f000                z_impl_k_is_preempt_thread
 .text.z_thread_abort
                0x0000f020       0x50 zephyr/kernel/libkernel.a(sched.c.obj)
                0x0000f020                z_thread_abort
 .text.z_sched_wait
                0x0000f070       0x24 zephyr/kernel/libkernel.a(sched.c.obj)
                0x0000f070                z_sched_wait
 .text.z_data_copy
                0x0000f094       0x34 zephyr/kernel/libkernel.a(xip.c.obj)
                0x0000f094                z_data_copy
 .text.first    0x0000f0c8       0x14 zephyr/kernel/libkernel.a(timeout.c.obj)
 .text.next     0x0000f0dc       0x18 zephyr/kernel/libkernel.a(timeout.c.obj)
 .text.elapsed  0x0000f0f4       0x18 zephyr/kernel/libkernel.a(timeout.c.obj)
 .text.next_timeout
                0x0000f10c       0x4c zephyr/kernel/libkernel.a(timeout.c.obj)
 .text.z_add_timeout
                0x0000f158      0x154 zephyr/kernel/libkernel.a(timeout.c.obj)
                0x0000f158                z_add_timeout
 .text.sys_clock_announce
                0x0000f2ac       0xc4 zephyr/kernel/libkernel.a(timeout.c.obj)
                0x0000f2ac                sys_clock_announce
 .text.sys_clock_tick_get
                0x0000f370       0x40 zephyr/kernel/libkernel.a(timeout.c.obj)
                0x0000f370                sys_clock_tick_get
 .text.z_timer_expiration_handler
                0x0000f3b0       0x78 zephyr/kernel/libkernel.a(timer.c.obj)
                0x0000f3b0                z_timer_expiration_handler
 .text.z_impl_k_timer_start
                0x0000f428       0xe0 zephyr/kernel/libkernel.a(timer.c.obj)
                0x0000f428                z_impl_k_timer_start
 .text.z_thread_aligned_alloc
                0x0000f508       0x2c zephyr/kernel/libkernel.a(mempool.c.obj)
                0x0000f508                z_thread_aligned_alloc
 .text.boot_banner
                0x0000f534       0x1c zephyr/kernel/libkernel.a(banner.c.obj)
                0x0000f534                boot_banner
 .text.k_sys_work_q_init
                0x0000f550       0x34 zephyr/kernel/libkernel.a(system_work_q.c.obj)
 .text.nrf_cc3xx_platform_init_no_rng
                0x0000f584       0x38 C:/Users/LAPADA/ncs/v1.8.0/nrfxlib/crypto/nrf_cc310_platform/lib/cortex-m4/soft-float/no-interrupts/libnrf_cc310_platform_0.9.12.a(nrf_cc3xx_platform.c.obj)
                0x0000f584                nrf_cc3xx_platform_init_no_rng
 .text.nrf_cc3xx_platform_abort
                0x0000f5bc       0x24 C:/Users/LAPADA/ncs/v1.8.0/nrfxlib/crypto/nrf_cc310_platform/lib/cortex-m4/soft-float/no-interrupts/libnrf_cc310_platform_0.9.12.a(nrf_cc3xx_platform_abort.c.obj)
 .text.CC_PalAbort
                0x0000f5e0       0x40 C:/Users/LAPADA/ncs/v1.8.0/nrfxlib/crypto/nrf_cc310_platform/lib/cortex-m4/soft-float/no-interrupts/libnrf_cc310_platform_0.9.12.a(nrf_cc3xx_platform_abort.c.obj)
                0x0000f5e0                CC_PalAbort
 .text.nrf_cc3xx_platform_set_abort
                0x0000f620       0x10 C:/Users/LAPADA/ncs/v1.8.0/nrfxlib/crypto/nrf_cc310_platform/lib/cortex-m4/soft-float/no-interrupts/libnrf_cc310_platform_0.9.12.a(nrf_cc3xx_platform_abort.c.obj)
                0x0000f620                nrf_cc3xx_platform_set_abort
 .text.mutex_free
                0x0000f630       0x28 C:/Users/LAPADA/ncs/v1.8.0/nrfxlib/crypto/nrf_cc310_platform/lib/cortex-m4/soft-float/no-interrupts/libnrf_cc310_platform_0.9.12.a(nrf_cc3xx_platform_mutex.c.obj)
 .text.mutex_unlock
                0x0000f658       0x2c C:/Users/LAPADA/ncs/v1.8.0/nrfxlib/crypto/nrf_cc310_platform/lib/cortex-m4/soft-float/no-interrupts/libnrf_cc310_platform_0.9.12.a(nrf_cc3xx_platform_mutex.c.obj)
 .text.mutex_init
                0x0000f684       0x1c C:/Users/LAPADA/ncs/v1.8.0/nrfxlib/crypto/nrf_cc310_platform/lib/cortex-m4/soft-float/no-interrupts/libnrf_cc310_platform_0.9.12.a(nrf_cc3xx_platform_mutex.c.obj)
 .text.mutex_lock
                0x0000f6a0       0x44 C:/Users/LAPADA/ncs/v1.8.0/nrfxlib/crypto/nrf_cc310_platform/lib/cortex-m4/soft-float/no-interrupts/libnrf_cc310_platform_0.9.12.a(nrf_cc3xx_platform_mutex.c.obj)
 .text.nrf_cc3xx_platform_set_mutexes
                0x0000f6e4       0x60 C:/Users/LAPADA/ncs/v1.8.0/nrfxlib/crypto/nrf_cc310_platform/lib/cortex-m4/soft-float/no-interrupts/libnrf_cc310_platform_0.9.12.a(nrf_cc3xx_platform_mutex.c.obj)
                0x0000f6e4                nrf_cc3xx_platform_set_mutexes
 .text.CC_LibInitNoRng
                0x0000f744       0x6c C:/Users/LAPADA/ncs/v1.8.0/nrfxlib/crypto/nrf_cc310_platform/lib/cortex-m4/soft-float/no-interrupts/libnrf_cc310_platform_0.9.12.a(cc_lib.c.obj)
                0x0000f744                CC_LibInitNoRng
 .text.CC_HalInit
                0x0000f7b0        0x4 C:/Users/LAPADA/ncs/v1.8.0/nrfxlib/crypto/nrf_cc310_platform/lib/cortex-m4/soft-float/no-interrupts/libnrf_cc310_platform_0.9.12.a(cc_hal.c.obj)
                0x0000f7b0                CC_HalInit
 .text.CC_HalTerminate
                0x0000f7b4        0x4 C:/Users/LAPADA/ncs/v1.8.0/nrfxlib/crypto/nrf_cc310_platform/lib/cortex-m4/soft-float/no-interrupts/libnrf_cc310_platform_0.9.12.a(cc_hal.c.obj)
                0x0000f7b4                CC_HalTerminate
 .text.CC_HalMaskInterrupt
                0x0000f7b8        0xc C:/Users/LAPADA/ncs/v1.8.0/nrfxlib/crypto/nrf_cc310_platform/lib/cortex-m4/soft-float/no-interrupts/libnrf_cc310_platform_0.9.12.a(cc_hal.c.obj)
                0x0000f7b8                CC_HalMaskInterrupt
 .text.CC_PalInit
                0x0000f7c4       0x5c C:/Users/LAPADA/ncs/v1.8.0/nrfxlib/crypto/nrf_cc310_platform/lib/cortex-m4/soft-float/no-interrupts/libnrf_cc310_platform_0.9.12.a(cc_pal.c.obj)
                0x0000f7c4                CC_PalInit
 .text.CC_PalTerminate
                0x0000f820       0x34 C:/Users/LAPADA/ncs/v1.8.0/nrfxlib/crypto/nrf_cc310_platform/lib/cortex-m4/soft-float/no-interrupts/libnrf_cc310_platform_0.9.12.a(cc_pal.c.obj)
                0x0000f820                CC_PalTerminate
 .text.CC_PalDmaInit
                0x0000f854        0x4 C:/Users/LAPADA/ncs/v1.8.0/nrfxlib/crypto/nrf_cc310_platform/lib/cortex-m4/soft-float/no-interrupts/libnrf_cc310_platform_0.9.12.a(cc_pal_dma.c.obj)
                0x0000f854                CC_PalDmaInit
 .text.CC_PalDmaTerminate
                0x0000f858        0x4 C:/Users/LAPADA/ncs/v1.8.0/nrfxlib/crypto/nrf_cc310_platform/lib/cortex-m4/soft-float/no-interrupts/libnrf_cc310_platform_0.9.12.a(cc_pal_dma.c.obj)
                0x0000f858                CC_PalDmaTerminate
 .text.CC_PalMutexCreate
                0x0000f85c       0x14 C:/Users/LAPADA/ncs/v1.8.0/nrfxlib/crypto/nrf_cc310_platform/lib/cortex-m4/soft-float/no-interrupts/libnrf_cc310_platform_0.9.12.a(cc_pal_mutex.c.obj)
                0x0000f85c                CC_PalMutexCreate
 .text.CC_PalMutexDestroy
                0x0000f870       0x14 C:/Users/LAPADA/ncs/v1.8.0/nrfxlib/crypto/nrf_cc310_platform/lib/cortex-m4/soft-float/no-interrupts/libnrf_cc310_platform_0.9.12.a(cc_pal_mutex.c.obj)
                0x0000f870                CC_PalMutexDestroy
 .text.CC_PalPowerSaveModeInit
                0x0000f884       0x3c C:/Users/LAPADA/ncs/v1.8.0/nrfxlib/crypto/nrf_cc310_platform/lib/cortex-m4/soft-float/no-interrupts/libnrf_cc310_platform_0.9.12.a(cc_pal_pm.c.obj)
                0x0000f884                CC_PalPowerSaveModeInit
 .text.CC_PalPowerSaveModeSelect
                0x0000f8c0       0x84 C:/Users/LAPADA/ncs/v1.8.0/nrfxlib/crypto/nrf_cc310_platform/lib/cortex-m4/soft-float/no-interrupts/libnrf_cc310_platform_0.9.12.a(cc_pal_pm.c.obj)
                0x0000f8c0                CC_PalPowerSaveModeSelect
 .text.crc16calc
                0x0000f944       0x3c app/libapp.a(protocol-usb.c.obj)
                0x0000f944                crc16calc
 .text.EncapsulationMsgs
                0x0000f980       0x30 app/libapp.a(protocol-usb.c.obj)
                0x0000f980                EncapsulationMsgs
 .text.sys_notify_validate
                0x0000f9b0       0x2e zephyr/libzephyr.a(notify.c.obj)
                0x0000f9b0                sys_notify_validate
 .text.sys_notify_finalize
                0x0000f9de       0x1a zephyr/libzephyr.a(notify.c.obj)
                0x0000f9de                sys_notify_finalize
 .text.arch_printk_char_out
                0x0000f9f8        0x4 zephyr/libzephyr.a(printk.c.obj)
                0x0000f9f8                arch_printk_char_out
 .text.str_out  0x0000f9fc       0x30 zephyr/libzephyr.a(printk.c.obj)
 .text.printk   0x0000fa2c       0x1c zephyr/libzephyr.a(printk.c.obj)
                0x0000fa2c                printk
 .text.snprintk
                0x0000fa48       0x1c zephyr/libzephyr.a(printk.c.obj)
                0x0000fa48                snprintk
 .text.set_state
                0x0000fa64       0x10 zephyr/libzephyr.a(onoff.c.obj)
 .text.notify_monitors
                0x0000fa74       0x3e zephyr/libzephyr.a(onoff.c.obj)
 .text.process_recheck
                0x0000fab2       0x32 zephyr/libzephyr.a(onoff.c.obj)
 .text.process_complete
                0x0000fae4       0x9a zephyr/libzephyr.a(onoff.c.obj)
 .text.validate_args
                0x0000fb7e       0x2c zephyr/libzephyr.a(onoff.c.obj)
 .text.notify_one
                0x0000fbaa       0x26 zephyr/libzephyr.a(onoff.c.obj)
 .text.notify_all
                0x0000fbd0       0x2e zephyr/libzephyr.a(onoff.c.obj)
 .text.transition_complete
                0x0000fbfe       0x1c zephyr/libzephyr.a(onoff.c.obj)
 .text.onoff_manager_init
                0x0000fc1a       0x38 zephyr/libzephyr.a(onoff.c.obj)
                0x0000fc1a                onoff_manager_init
 .text.onoff_request
                0x0000fc52       0xb8 zephyr/libzephyr.a(onoff.c.obj)
                0x0000fc52                onoff_request
 .text.onoff_release
                0x0000fd0a       0x4c zephyr/libzephyr.a(onoff.c.obj)
                0x0000fd0a                onoff_release
 .text.onoff_cancel
                0x0000fd56       0x74 zephyr/libzephyr.a(onoff.c.obj)
                0x0000fd56                onoff_cancel
 .text.z_thread_entry
                0x0000fdca       0x14 zephyr/libzephyr.a(thread_entry.c.obj)
                0x0000fdca                z_thread_entry
 .text.chunk_mem
                0x0000fdde       0x16 zephyr/libzephyr.a(heap.c.obj)
 .text.free_list_remove_bidx
                0x0000fdf4       0x68 zephyr/libzephyr.a(heap.c.obj)
 .text.free_list_add_bidx
                0x0000fe5c       0x92 zephyr/libzephyr.a(heap.c.obj)
 .text.split_chunks
                0x0000feee       0x76 zephyr/libzephyr.a(heap.c.obj)
 .text.merge_chunks
                0x0000ff64       0x5e zephyr/libzephyr.a(heap.c.obj)
 .text.mem_to_chunkid
                0x0000ffc2       0x16 zephyr/libzephyr.a(heap.c.obj)
 .text.free_list_remove
                0x0000ffd8       0x52 zephyr/libzephyr.a(heap.c.obj)
 .text.free_list_add
                0x0001002a       0x52 zephyr/libzephyr.a(heap.c.obj)
 .text.free_chunk
                0x0001007c       0xb6 zephyr/libzephyr.a(heap.c.obj)
 .text.alloc_chunk
                0x00010132       0x9e zephyr/libzephyr.a(heap.c.obj)
 .text.sys_heap_free
                0x000101d0       0x36 zephyr/libzephyr.a(heap.c.obj)
                0x000101d0                sys_heap_free
 .text.sys_heap_alloc
                0x00010206       0x8e zephyr/libzephyr.a(heap.c.obj)
                0x00010206                sys_heap_alloc
 .text.sys_heap_aligned_alloc
                0x00010294      0x11c zephyr/libzephyr.a(heap.c.obj)
                0x00010294                sys_heap_aligned_alloc
 .text.sys_heap_init
                0x000103b0      0x108 zephyr/libzephyr.a(heap.c.obj)
                0x000103b0                sys_heap_init
 .text.extract_decimal
                0x000104b8       0x26 zephyr/libzephyr.a(cbprintf_complete.c.obj)
 .text.encode_uint
                0x000104de       0xd4 zephyr/libzephyr.a(cbprintf_complete.c.obj)
 .text.outs     0x000105b2       0x34 zephyr/libzephyr.a(cbprintf_complete.c.obj)
 .text.get_rewind_value
                0x000105e6        0xa zephyr/libzephyr.a(ring_buffer.c.obj)
 .text.mod      0x000105f0       0x16 zephyr/libzephyr.a(ring_buffer.c.obj)
 .text.ring_buf_get_rewind_threshold
                0x00010606        0x6 zephyr/libzephyr.a(ring_buffer.c.obj)
                0x00010606                ring_buf_get_rewind_threshold
 .text.ring_buf_is_empty
                0x0001060c       0x26 zephyr/libzephyr.a(ring_buffer.c.obj)
                0x0001060c                ring_buf_is_empty
 .text.ring_buf_size_get
                0x00010632       0x20 zephyr/libzephyr.a(ring_buffer.c.obj)
                0x00010632                ring_buf_size_get
 .text.ring_buf_space_get
                0x00010652        0xc zephyr/libzephyr.a(ring_buffer.c.obj)
                0x00010652                ring_buf_space_get
 .text.ring_buf_put_claim
                0x0001065e       0x3e zephyr/libzephyr.a(ring_buffer.c.obj)
                0x0001065e                ring_buf_put_claim
 .text.ring_buf_put_finish
                0x0001069c       0x38 zephyr/libzephyr.a(ring_buffer.c.obj)
                0x0001069c                ring_buf_put_finish
 .text.ring_buf_put
                0x000106d4       0x40 zephyr/libzephyr.a(ring_buffer.c.obj)
                0x000106d4                ring_buf_put
 .text.ring_buf_get_claim
                0x00010714       0x58 zephyr/libzephyr.a(ring_buffer.c.obj)
                0x00010714                ring_buf_get_claim
 .text.ring_buf_get_finish
                0x0001076c       0x3c zephyr/libzephyr.a(ring_buffer.c.obj)
                0x0001076c                ring_buf_get_finish
 .text.ring_buf_get
                0x000107a8       0x46 zephyr/libzephyr.a(ring_buffer.c.obj)
                0x000107a8                ring_buf_get
 .text._ConfigAbsSyms
                0x000107ee        0x2 zephyr/libzephyr.a(configs.c.obj)
                0x000107ee                _ConfigAbsSyms
 .text.log_list_init
                0x000107f0        0x8 zephyr/libzephyr.a(log_list.c.obj)
                0x000107f0                log_list_init
 .text.log_list_add_tail
                0x000107f8       0x14 zephyr/libzephyr.a(log_list.c.obj)
                0x000107f8                log_list_add_tail
 .text.log_list_head_peek
                0x0001080c        0x4 zephyr/libzephyr.a(log_list.c.obj)
                0x0001080c                log_list_head_peek
 .text.log_list_head_get
                0x00010810        0xc zephyr/libzephyr.a(log_list.c.obj)
                0x00010810                log_list_head_get
 .text.dummy_timestamp
                0x0001081c        0x4 zephyr/libzephyr.a(log_core.c.obj)
 .text.msg_filter_check
                0x00010820        0x4 zephyr/libzephyr.a(log_core.c.obj)
 .text.default_get_timestamp
                0x00010824        0x8 zephyr/libzephyr.a(log_core.c.obj)
 .text.z_log_get_s_mask
                0x0001082c       0x42 zephyr/libzephyr.a(log_core.c.obj)
                0x0001082c                z_log_get_s_mask
 .text.block_on_alloc
                0x0001086e        0x4 zephyr/libzephyr.a(log_msg.c.obj)
 .text.cont_arg_get
                0x00010872       0x24 zephyr/libzephyr.a(log_msg.c.obj)
 .text.copy_args_to_msg
                0x00010896       0x4e zephyr/libzephyr.a(log_msg.c.obj)
 .text.log_msg_hexdump_data_op
                0x000108e4       0xbe zephyr/libzephyr.a(log_msg.c.obj)
 .text.log_msg_get
                0x000109a2       0x1a zephyr/libzephyr.a(log_msg.c.obj)
                0x000109a2                log_msg_get
 .text.log_msg_nargs_get
                0x000109bc        0x6 zephyr/libzephyr.a(log_msg.c.obj)
                0x000109bc                log_msg_nargs_get
 .text.log_msg_arg_get
                0x000109c2       0x24 zephyr/libzephyr.a(log_msg.c.obj)
                0x000109c2                log_msg_arg_get
 .text.log_msg_str_get
                0x000109e6        0x4 zephyr/libzephyr.a(log_msg.c.obj)
                0x000109e6                log_msg_str_get
 .text.log_msg_put
                0x000109ea       0x26 zephyr/libzephyr.a(log_msg.c.obj)
                0x000109ea                log_msg_put
 .text.msg_alloc
                0x00010a10       0x62 zephyr/libzephyr.a(log_msg.c.obj)
 .text.log_msg_create_n
                0x00010a72       0x28 zephyr/libzephyr.a(log_msg.c.obj)
                0x00010a72                log_msg_create_n
 .text.log_msg_hexdump_data_get
                0x00010a9a       0x10 zephyr/libzephyr.a(log_msg.c.obj)
                0x00010a9a                log_msg_hexdump_data_get
 .text.buffer_write
                0x00010aaa       0x1a zephyr/libzephyr.a(log_output.c.obj)
 .text.color_prefix
                0x00010ac4        0xc zephyr/libzephyr.a(log_output.c.obj)
 .text.color_postfix
                0x00010ad0        0xc zephyr/libzephyr.a(log_output.c.obj)
 .text.postfix_print
                0x00010adc       0x18 zephyr/libzephyr.a(log_output.c.obj)
 .text.prefix_print
                0x00010af4       0x4e zephyr/libzephyr.a(log_output.c.obj)
 .text.std_print
                0x00010b42      0x2b6 zephyr/libzephyr.a(log_output.c.obj)
 .text.log_output_flush
                0x00010df8       0x1a zephyr/libzephyr.a(log_output.c.obj)
                0x00010df8                log_output_flush
 .text.out_func
                0x00010e12       0x38 zephyr/libzephyr.a(log_output.c.obj)
 .text.log_output_msg_process
                0x00010e4a       0x7e zephyr/libzephyr.a(log_output.c.obj)
                0x00010e4a                log_output_msg_process
 .text.usb_get_status
                0x00010ec8       0x10 zephyr/libzephyr.a(usb_device.c.obj)
 .text.usb_vbus_set
                0x00010ed8        0x4 zephyr/libzephyr.a(usb_device.c.obj)
 .text.usb_eps_reconfigure
                0x00010edc       0x12 zephyr/libzephyr.a(usb_device.c.obj)
 .text.usb_handle_std_interface_req
                0x00010eee       0x5a zephyr/libzephyr.a(usb_device.c.obj)
 .text.disable_interface_ep
                0x00010f48        0xa zephyr/libzephyr.a(usb_device.c.obj)
 .text.usb_get_status_endpoint
                0x00010f52       0x36 zephyr/libzephyr.a(usb_device.c.obj)
 .text.usb_handle_std_endpoint_req
                0x00010f88       0x46 zephyr/libzephyr.a(usb_device.c.obj)
 .text.usb_write
                0x00010fce       0x3e zephyr/libzephyr.a(usb_device.c.obj)
                0x00010fce                usb_write
 .text.ascii7_to_utf16le
                0x0001100c       0x28 zephyr/libzephyr.a(usb_descriptor.c.obj)
 .text.usb_validate_ep_cfg_data
                0x00011034       0xc8 zephyr/libzephyr.a(usb_descriptor.c.obj)
 .text.usb_get_dev_data_by_cfg
                0x000110fc       0x24 zephyr/libzephyr.a(usb_descriptor.c.obj)
                0x000110fc                usb_get_dev_data_by_cfg
 .text.usb_get_dev_data_by_iface
                0x00011120       0x28 zephyr/libzephyr.a(usb_descriptor.c.obj)
                0x00011120                usb_get_dev_data_by_iface
 .text.usb_get_dev_data_by_ep