Archive member included to satisfy reference by file (symbol)

app/libapp.a(main.c.obj)      (--whole-archive)
app/libapp.a(protocol-usb.c.obj)
                              (--whole-archive)
zephyr/libzephyr.a(cbprintf.c.obj)
                              (--whole-archive)
zephyr/libzephyr.a(cbprintf_packaged.c.obj)
                              (--whole-archive)
zephyr/libzephyr.a(crc32c_sw.c.obj)
                              (--whole-archive)
zephyr/libzephyr.a(crc32_sw.c.obj)
                              (--whole-archive)
zephyr/libzephyr.a(crc16_sw.c.obj)
                              (--whole-archive)
zephyr/libzephyr.a(crc8_sw.c.obj)
                              (--whole-archive)
zephyr/libzephyr.a(crc7_sw.c.obj)
                              (--whole-archive)
zephyr/libzephyr.a(dec.c.obj)
                              (--whole-archive)
zephyr/libzephyr.a(fdtable.c.obj)
                              (--whole-archive)
zephyr/libzephyr.a(hex.c.obj)
                              (--whole-archive)
zephyr/libzephyr.a(notify.c.obj)
                              (--whole-archive)
zephyr/libzephyr.a(printk.c.obj)
                              (--whole-archive)
zephyr/libzephyr.a(onoff.c.obj)
                              (--whole-archive)
zephyr/libzephyr.a(rb.c.obj)  (--whole-archive)
zephyr/libzephyr.a(sem.c.obj)
                              (--whole-archive)
zephyr/libzephyr.a(thread_entry.c.obj)
                              (--whole-archive)
zephyr/libzephyr.a(timeutil.c.obj)
                              (--whole-archive)
zephyr/libzephyr.a(heap.c.obj)
                              (--whole-archive)
zephyr/libzephyr.a(heap-validate.c.obj)
                              (--whole-archive)
zephyr/libzephyr.a(bitarray.c.obj)
                              (--whole-archive)
zephyr/libzephyr.a(cbprintf_complete.c.obj)
                              (--whole-archive)
zephyr/libzephyr.a(ring_buffer.c.obj)
                              (--whole-archive)
zephyr/libzephyr.a(mpsc_pbuf.c.obj)
                              (--whole-archive)
zephyr/libzephyr.a(reboot.c.obj)
                              (--whole-archive)
zephyr/libzephyr.a(configs.c.obj)
                              (--whole-archive)
zephyr/libzephyr.a(soc_nrf_common.S.obj)
                              (--whole-archive)
zephyr/libzephyr.a(validate_base_addresses.c.obj)
                              (--whole-archive)
zephyr/libzephyr.a(validate_enabled_instances.c.obj)
                              (--whole-archive)
zephyr/libzephyr.a(thread_info.c.obj)
                              (--whole-archive)
zephyr/libzephyr.a(log_list.c.obj)
                              (--whole-archive)
zephyr/libzephyr.a(log_core.c.obj)
                              (--whole-archive)
zephyr/libzephyr.a(log_mgmt.c.obj)
                              (--whole-archive)
zephyr/libzephyr.a(log_msg.c.obj)
                              (--whole-archive)
zephyr/libzephyr.a(log_output.c.obj)
                              (--whole-archive)
zephyr/libzephyr.a(log_backend_uart.c.obj)
                              (--whole-archive)
zephyr/libzephyr.a(log_backend_rtt.c.obj)
                              (--whole-archive)
zephyr/libzephyr.a(usb_device.c.obj)
                              (--whole-archive)
zephyr/libzephyr.a(usb_descriptor.c.obj)
                              (--whole-archive)
zephyr/libzephyr.a(usb_transfer.c.obj)
                              (--whole-archive)
zephyr/libzephyr.a(cdc_acm.c.obj)
                              (--whole-archive)
zephyr/libzephyr.a(usb_work_q.c.obj)
                              (--whole-archive)
zephyr/libzephyr.a(power.c.obj)
                              (--whole-archive)
zephyr/libzephyr.a(pm_ctrl.c.obj)
                              (--whole-archive)
zephyr/libzephyr.a(policy_residency.c.obj)
                              (--whole-archive)
zephyr/libzephyr.a(tracing_none.c.obj)
                              (--whole-archive)
zephyr/libzephyr.a(nrf_cc3xx_platform_abort_zephyr.c.obj)
                              (--whole-archive)
zephyr/libzephyr.a(nrf_cc3xx_platform_mutex_zephyr.c.obj)
                              (--whole-archive)
zephyr/arch/common/libarch__common.a(sw_isr_common.c.obj)
                              (--whole-archive)
zephyr/arch/arch/arm/core/aarch32/libarch__arm__core__aarch32.a(cpu_idle.S.obj)
                              (--whole-archive)
zephyr/arch/arch/arm/core/aarch32/libarch__arm__core__aarch32.a(fatal.c.obj)
                              (--whole-archive)
zephyr/arch/arch/arm/core/aarch32/libarch__arm__core__aarch32.a(irq_manage.c.obj)
                              (--whole-archive)
zephyr/arch/arch/arm/core/aarch32/libarch__arm__core__aarch32.a(nmi.c.obj)
                              (--whole-archive)
zephyr/arch/arch/arm/core/aarch32/libarch__arm__core__aarch32.a(nmi_on_reset.S.obj)
                              (--whole-archive)
[...]
Memory Configuration

Name             Origin             Length             Attributes
FLASH            0x00000000         0x00100000         xr
SRAM             0x20000000         0x00040000         xw
IDT_LIST         0xfffff7ff         0x00000800         xw
*default*        0x00000000         0xffffffff

Linker script and memory map

LOAD zephyr/CMakeFiles/zephyr_prebuilt.dir/misc/empty_file.c.obj
                0x00000020                _region_min_align = 0x20

.rel.plt        0x00000000        0x0
 *(SORT_BY_ALIGNMENT(.rel.plt))
                [!provide]                PROVIDE (__rel_iplt_start = .)
 *(SORT_BY_ALIGNMENT(.rel.iplt))
 .rel.iplt      0x00000000        0x0 app/libapp.a(main.c.obj)
                [!provide]                PROVIDE (__rel_iplt_end = .)

.rela.plt       0x00000000        0x0
 *(SORT_BY_ALIGNMENT(.rela.plt))
                [!provide]                PROVIDE (__rela_iplt_start = .)
 *(SORT_BY_ALIGNMENT(.rela.iplt))
                [!provide]                PROVIDE (__rela_iplt_end = .)

.rel.dyn
 *(SORT_BY_ALIGNMENT(.rel.*))

.rela.dyn
 *(SORT_BY_ALIGNMENT(.rela.*))

/DISCARD/
 *(SORT_BY_ALIGNMENT(.plt))
 *(SORT_BY_ALIGNMENT(.iplt))
 *(SORT_BY_ALIGNMENT(.got.plt))
 *(SORT_BY_ALIGNMENT(.igot.plt))
 *(SORT_BY_ALIGNMENT(.got))
 *(SORT_BY_ALIGNMENT(.igot))
 *(SORT_BY_ALIGNMENT(.note.GNU-stack))
                0x00000000                __rom_region_start = 0x0

rom_start       0x00000000      0x100
                0x00000000                . = 0x0
                0x00000000                . = ALIGN (0x4)
                0x00000000                . = ALIGN (0x80)
                0x00000000                . = ALIGN (0x100)
                0x00000000                _vector_start = .
 *(SORT_BY_ALIGNMENT(.exc_vector_table))
 *(SORT_BY_ALIGNMENT(.exc_vector_table.*))
 .exc_vector_table._vector_table_section
                0x00000000       0x40 zephyr/arch/arch/arm/core/aarch32/cortex_m/libarch__arm__core__aarch32__cortex_m.a(vector_table.S.obj)
                0x00000000                _vector_table
 *(SORT_BY_ALIGNMENT(.gnu.linkonce.irq_vector_table*))
 .gnu.linkonce.irq_vector_table
                0x00000040       0xc0 zephyr/arch/common/libisr_tables.a(isr_tables.c.obj)
                0x00000040                _irq_vector_table
 *(SORT_BY_ALIGNMENT(.vectors))
                0x00000100                _vector_end = .

text            0x00000100     0xe42c
                0x00000100                __text_region_start = .
 *(SORT_BY_ALIGNMENT(.text))
 .text          0x00000100       0x30 c:/users/lapada/ncs/v1.8.0/toolchain/opt/bin/../lib/gcc/arm-none-eabi/9.2.1/thumb/v7e-m/nofp\libgcc.a(_aeabi_uldivmod.o)
                0x00000100                __aeabi_uldivmod
 .text          0x00000130      0x2c0 c:/users/lapada/ncs/v1.8.0/toolchain/opt/bin/../lib/gcc/arm-none-eabi/9.2.1/thumb/v7e-m/nofp\libgcc.a(_udivmoddi4.o)
                0x00000130                __udivmoddi4
 .text          0x000003f0        0x4 c:/users/lapada/ncs/v1.8.0/toolchain/opt/bin/../lib/gcc/arm-none-eabi/9.2.1/thumb/v7e-m/nofp\libgcc.a(_dvmd_tls.o)
                0x000003f0                __aeabi_idiv0
                0x000003f0                __aeabi_ldiv0
 *(SORT_BY_ALIGNMENT(.text.*))
 .text.interrupt_handler
                0x000003f4       0x80 app/libapp.a(protocol-usb.c.obj)
 .text.configureUSB
                0x00000474       0xc8 app/libapp.a(protocol-usb.c.obj)
                0x00000474                configureUSB
 .text.char_out
                0x0000053c       0x14 zephyr/libzephyr.a(printk.c.obj)
 .text.__printk_hook_install
                0x00000550        0xc zephyr/libzephyr.a(printk.c.obj)
                0x00000550                __printk_hook_install
 .text.vprintk  0x0000055c       0x20 zephyr/libzephyr.a(printk.c.obj)
                0x0000055c                vprintk
 .text.vsnprintk
                0x0000057c       0x2c zephyr/libzephyr.a(printk.c.obj)
                0x0000057c                vsnprintk
 .text.process_event
                0x000005a8      0x158 zephyr/libzephyr.a(onoff.c.obj)
 .text.cbvprintf
                0x00000700      0x9d4 zephyr/libzephyr.a(cbprintf_complete.c.obj)
                0x00000700                cbvprintf
 .text.sys_reboot
                0x000010d4       0x30 zephyr/libzephyr.a(reboot.c.obj)
                0x000010d4                sys_reboot
 .text.is_rodata
                0x00001104       0x20 zephyr/libzephyr.a(log_core.c.obj)
 .text.thread_set
                0x00001124       0x28 zephyr/libzephyr.a(log_core.c.obj)
 .text.log_process_thread_timer_expiry_fn
                0x0000114c       0x10 zephyr/libzephyr.a(log_core.c.obj)
 .text.next_pending
                0x0000115c       0x14 zephyr/libzephyr.a(log_core.c.obj)
 .text.enable_logger
                0x00001170       0x5c zephyr/libzephyr.a(log_core.c.obj)
 .text.log_core_init
                0x000011cc       0x50 zephyr/libzephyr.a(log_core.c.obj)
                0x000011cc                log_core_init
 .text.log_init
                0x0000121c       0x70 zephyr/libzephyr.a(log_core.c.obj)
                0x0000121c                log_init
 .text.get_msg  0x0000128c       0x28 zephyr/libzephyr.a(log_core.c.obj)
                0x0000128c                get_msg
 .text.z_log_notify_backend_enabled
                0x000012b4       0x20 zephyr/libzephyr.a(log_core.c.obj)
                0x000012b4                z_log_notify_backend_enabled
 .text.z_log_dropped
                0x000012d4       0x3c zephyr/libzephyr.a(log_core.c.obj)
                0x000012d4                z_log_dropped
 .text.z_log_dropped_read_and_clear
                0x00001310       0x20 zephyr/libzephyr.a(log_core.c.obj)
                0x00001310                z_log_dropped_read_and_clear
 .text.dropped_notify
                0x00001330       0x44 zephyr/libzephyr.a(log_core.c.obj)
                0x00001330                dropped_notify
 .text.z_log_dropped_pending
                0x00001374       0x14 zephyr/libzephyr.a(log_core.c.obj)
                0x00001374                z_log_dropped_pending
 .text.z_log_strdup
                0x00001388       0x60 zephyr/libzephyr.a(log_core.c.obj)
                0x00001388                z_log_strdup
 .text.log_is_strdup
                0x000013e8       0x24 zephyr/libzephyr.a(log_core.c.obj)
                0x000013e8                log_is_strdup
 .text.detect_missed_strdup
                0x0000140c       0xa8 zephyr/libzephyr.a(log_core.c.obj)
 .text.msg_process
                0x000014b4       0x64 zephyr/libzephyr.a(log_core.c.obj)
 .text.z_impl_log_process
                0x00001518       0x50 zephyr/libzephyr.a(log_core.c.obj)
                0x00001518                z_impl_log_process
 .text.z_log_msg_post_finalize
                0x00001568       0x98 zephyr/libzephyr.a(log_core.c.obj)
 .text.log_3    0x00001600       0x7c zephyr/libzephyr.a(log_core.c.obj)
                0x00001600                log_3
 .text.log_1    0x0000167c       0x6c zephyr/libzephyr.a(log_core.c.obj)
                0x0000167c                log_1
 .text.log_2    0x000016e8       0x78 zephyr/libzephyr.a(log_core.c.obj)
                0x000016e8                log_2
 .text.log_0    0x00001760       0x60 zephyr/libzephyr.a(log_core.c.obj)
                0x00001760                log_0
 .text.z_impl_log_panic
                0x000017c0       0x58 zephyr/libzephyr.a(log_core.c.obj)
                0x000017c0                z_impl_log_panic
 .text.log_process_thread_func
                0x00001818       0x30 zephyr/libzephyr.a(log_core.c.obj)
 .text.log_free
                0x00001848       0x38 zephyr/libzephyr.a(log_core.c.obj)
                0x00001848                log_free
 .text.log_source_name_get
                0x00001880       0x20 zephyr/libzephyr.a(log_mgmt.c.obj)
                0x00001880                log_source_name_get
 .text.log_backend_enable
                0x000018a0       0x24 zephyr/libzephyr.a(log_mgmt.c.obj)
                0x000018a0                log_backend_enable
 .text.cont_free
                0x000018c4       0x20 zephyr/libzephyr.a(log_msg.c.obj)
 .text.log_msg_pool_init
                0x000018e4       0x18 zephyr/libzephyr.a(log_msg.c.obj)
                0x000018e4                log_msg_pool_init
 .text.log_msg_no_space_handle
                0x000018fc       0x30 zephyr/libzephyr.a(log_msg.c.obj)
                0x000018fc                log_msg_no_space_handle
 .text.log_msg_chunk_alloc
                0x0000192c       0x38 zephyr/libzephyr.a(log_msg.c.obj)
                0x0000192c                log_msg_chunk_alloc
 .text.msg_free
                0x00001964       0x80 zephyr/libzephyr.a(log_msg.c.obj)
 .text.print_formatted
                0x000019e4       0x24 zephyr/libzephyr.a(log_output.c.obj)
 .text.timestamp_print
                0x00001a08       0x8c zephyr/libzephyr.a(log_output.c.obj)
 .text.color_print
                0x00001a94       0x2c zephyr/libzephyr.a(log_output.c.obj)
 .text.newline_print
                0x00001ac0       0x28 zephyr/libzephyr.a(log_output.c.obj)
 .text.hexdump_line_print
                0x00001ae8       0xbc zephyr/libzephyr.a(log_output.c.obj)
 .text.ids_print
                0x00001ba4       0x6c zephyr/libzephyr.a(log_output.c.obj)
 .text.hexdump_print
                0x00001c10       0x54 zephyr/libzephyr.a(log_output.c.obj)
 .text.raw_string_print
                0x00001c64       0x5c zephyr/libzephyr.a(log_output.c.obj)
 .text.log_output_dropped_process
                0x00001cc0       0x58 zephyr/libzephyr.a(log_output.c.obj)
                0x00001cc0                log_output_dropped_process
 .text.log_output_timestamp_freq_set
                0x00001d18       0x2c zephyr/libzephyr.a(log_output.c.obj)
                0x00001d18                log_output_timestamp_freq_set
 .text.char_out
                0x00001d44       0x24 zephyr/libzephyr.a(log_backend_uart.c.obj)
 .text.log_backend_uart_init
                0x00001d68       0x10 zephyr/libzephyr.a(log_backend_uart.c.obj)
 .text.panic    0x00001d78       0x10 zephyr/libzephyr.a(log_backend_uart.c.obj)
 .text.dropped  0x00001d88       0x10 zephyr/libzephyr.a(log_backend_uart.c.obj)
 .text.put      0x00001d98       0x20 zephyr/libzephyr.a(log_backend_uart.c.obj)
 .text.log_backend_rtt_init
                0x00001db8        0xc zephyr/libzephyr.a(log_backend_rtt.c.obj)
 .text.on_failed_write
                0x00001dc4       0x30 zephyr/libzephyr.a(log_backend_rtt.c.obj)
 .text.on_write
                0x00001df4       0x38 zephyr/libzephyr.a(log_backend_rtt.c.obj)
 .text.data_out_block_mode
                0x00001e2c       0x88 zephyr/libzephyr.a(log_backend_rtt.c.obj)
 .text.panic    0x00001eb4       0x18 zephyr/libzephyr.a(log_backend_rtt.c.obj)
 .text.dropped  0x00001ecc       0x10 zephyr/libzephyr.a(log_backend_rtt.c.obj)
 .text.put      0x00001edc       0x20 zephyr/libzephyr.a(log_backend_rtt.c.obj)
 .text.usb_set_alt_setting
                0x00001efc       0x18 zephyr/libzephyr.a(usb_device.c.obj)
 .text.usb_get_alt_setting
                0x00001f14       0x18 zephyr/libzephyr.a(usb_device.c.obj)
 .text.usb_handle_request
                0x00001f2c       0x28 zephyr/libzephyr.a(usb_device.c.obj)
 .text.usb_register_request_handler
                0x00001f54       0x10 zephyr/libzephyr.a(usb_device.c.obj)
 .text.usb_register_descriptors
                0x00001f64        0xc zephyr/libzephyr.a(usb_device.c.obj)
 .text.usb_get_descriptor
                0x00001f70       0x5c zephyr/libzephyr.a(usb_device.c.obj)
 .text.usb_get_interface
                0x00001fcc       0x3c zephyr/libzephyr.a(usb_device.c.obj)
 .text.is_device_configured
                0x00002008       0x14 zephyr/libzephyr.a(usb_device.c.obj)
 .text.is_interface_valid
                0x0000201c       0x24 zephyr/libzephyr.a(usb_device.c.obj)
 .text.is_ep_valid
                0x00002040       0x68 zephyr/libzephyr.a(usb_device.c.obj)
 .text.usb_register_custom_req_handler
                0x000020a8        0xc zephyr/libzephyr.a(usb_device.c.obj)
 .text.usb_register_status_callback
                0x000020b4        0xc zephyr/libzephyr.a(usb_device.c.obj)
 .text.foreach_ep
                0x000020c0       0x64 zephyr/libzephyr.a(usb_device.c.obj)
 .text.class_handler
                0x00002124       0x60 zephyr/libzephyr.a(usb_device.c.obj)
 .text.custom_handler
                0x00002184       0x80 zephyr/libzephyr.a(usb_device.c.obj)
 .text.vendor_handler
                0x00002204       0x58 zephyr/libzephyr.a(usb_device.c.obj)
 .text.usb_halt_endpoint_req
                0x0000225c       0x60 zephyr/libzephyr.a(usb_device.c.obj)
 .text.set_endpoint
                0x000022bc       0xac zephyr/libzephyr.a(usb_device.c.obj)
 .text.usb_reset_alt_setting
                0x00002368       0x14 zephyr/libzephyr.a(usb_device.c.obj)
 .text.usb_set_configuration
                0x0000237c       0x9c zephyr/libzephyr.a(usb_device.c.obj)
 .text.usb_handle_std_device_req
                0x00002418       0x5c zephyr/libzephyr.a(usb_device.c.obj)
 .text.reset_endpoint
                0x00002474       0x54 zephyr/libzephyr.a(usb_device.c.obj)
 .text.usb_set_interface
                0x000024c8       0x78 zephyr/libzephyr.a(usb_device.c.obj)
 .text.usb_handle_standard_request
                0x00002540       0x70 zephyr/libzephyr.a(usb_device.c.obj)
 .text.composite_setup_ep_cb
                0x000025b0       0x64 zephyr/libzephyr.a(usb_device.c.obj)
 .text.forward_status_cb
                0x00002614       0x8c zephyr/libzephyr.a(usb_device.c.obj)
 .text.usb_data_to_host
                0x000026a0       0x58 zephyr/libzephyr.a(usb_device.c.obj)
 .text.usb_handle_control_transfer
                0x000026f8      0x168 zephyr/libzephyr.a(usb_device.c.obj)
 .text.usb_set_config
                0x00002860       0x38 zephyr/libzephyr.a(usb_device.c.obj)
                0x00002860                usb_set_config
 .text.usb_device_init
                0x00002898       0x54 zephyr/libzephyr.a(usb_device.c.obj)
 .text.usb_enable
                0x000028ec       0xd4 zephyr/libzephyr.a(usb_device.c.obj)
                0x000028ec                usb_enable
 .text.usb_get_cfg_data
                0x000029c0       0x48 zephyr/libzephyr.a(usb_descriptor.c.obj)
 .text.usb_update_sn_string_descriptor
                0x00002a08       0x7c zephyr/libzephyr.a(usb_descriptor.c.obj)
                0x00002a08                usb_update_sn_string_descriptor
 .text.usb_fix_ascii_sn_string_descriptor
                0x00002a84       0x60 zephyr/libzephyr.a(usb_descriptor.c.obj)
 .text.usb_fix_descriptor
                0x00002ae4      0x174 zephyr/libzephyr.a(usb_descriptor.c.obj)
 .text.usb_get_device_descriptor
                0x00002c58       0x44 zephyr/libzephyr.a(usb_descriptor.c.obj)
                0x00002c58                usb_get_device_descriptor
 .text.usb_ep_get_transfer
                0x00002c9c       0x2c zephyr/libzephyr.a(usb_transfer.c.obj)
 .text.usb_transfer_work
                0x00002cc8      0x18c zephyr/libzephyr.a(usb_transfer.c.obj)
 .text.usb_transfer_ep_callback
                0x00002e54       0x84 zephyr/libzephyr.a(usb_transfer.c.obj)
                0x00002e54                usb_transfer_ep_callback
 .text.usb_transfer
                0x00002ed8      0x13c zephyr/libzephyr.a(usb_transfer.c.obj)
                0x00002ed8                usb_transfer
 .text.usb_cancel_transfer
                0x00003014       0x40 zephyr/libzephyr.a(usb_transfer.c.obj)
                0x00003014                usb_cancel_transfer
 .text.usb_cancel_transfers
                0x00003054       0x58 zephyr/libzephyr.a(usb_transfer.c.obj)
                0x00003054                usb_cancel_transfers
 .text.usb_transfer_init
                0x000030ac       0x3c zephyr/libzephyr.a(usb_transfer.c.obj)
                0x000030ac                usb_transfer_init
 .text.cdc_acm_class_handle_req
                0x000030e8       0x94 zephyr/libzephyr.a(cdc_acm.c.obj)
                0x000030e8                cdc_acm_class_handle_req
 .text.cdc_acm_int_in
                0x0000317c       0x4c zephyr/libzephyr.a(cdc_acm.c.obj)
 .text.cdc_acm_irq_rx_enable
                0x000031c8       0x24 zephyr/libzephyr.a(cdc_acm.c.obj)
 .text.cdc_acm_irq_tx_enable
                0x000031ec       0x24 zephyr/libzephyr.a(cdc_acm.c.obj)
 .text.cdc_acm_reset_port
                0x00003210       0x44 zephyr/libzephyr.a(cdc_acm.c.obj)
 .text.cdc_acm_fifo_fill
                0x00003254       0x90 zephyr/libzephyr.a(cdc_acm.c.obj)
 .text.cdc_acm_read_cb
                0x000032e4       0x88 zephyr/libzephyr.a(cdc_acm.c.obj)
 .text.cdc_acm_do_cb
                0x0000336c      0x158 zephyr/libzephyr.a(cdc_acm.c.obj)
 .text.cdc_acm_dev_status_cb
                0x000034c4       0x54 zephyr/libzephyr.a(cdc_acm.c.obj)
 .text.cdc_acm_send_notification
                0x00003518       0x60 zephyr/libzephyr.a(cdc_acm.c.obj)
 .text.cdc_acm_poll_out
                0x00003578       0xd0 zephyr/libzephyr.a(cdc_acm.c.obj)
 .text.cdc_acm_write_cb
                0x00003648       0x3c zephyr/libzephyr.a(cdc_acm.c.obj)
 .text.cdc_acm_init
                0x00003684       0x4c zephyr/libzephyr.a(cdc_acm.c.obj)
 .text.tx_work_handler
                0x000036d0       0x58 zephyr/libzephyr.a(cdc_acm.c.obj)
 .text.z_usb_work_q_init
                0x00003728       0x34 zephyr/libzephyr.a(usb_work_q.c.obj)
 .text.pm_system_resume
                0x0000375c       0x80 zephyr/libzephyr.a(power.c.obj)
                0x0000375c                pm_system_resume
 .text.pm_system_suspend
                0x000037dc       0xc8 zephyr/libzephyr.a(power.c.obj)
                0x000037dc                pm_system_suspend
 .text.nrf_cc3xx_platform_abort_init
                0x000038a4       0x10 zephyr/libzephyr.a(nrf_cc3xx_platform_abort_zephyr.c.obj)
                0x000038a4                nrf_cc3xx_platform_abort_init
 .text.mutex_unlock_platform
                0x000038b4       0x50 zephyr/libzephyr.a(nrf_cc3xx_platform_mutex_zephyr.c.obj)
 .text.mutex_lock_platform
                0x00003904       0x5c zephyr/libzephyr.a(nrf_cc3xx_platform_mutex_zephyr.c.obj)
 .text.mutex_free_platform
                0x00003960       0x4c zephyr/libzephyr.a(nrf_cc3xx_platform_mutex_zephyr.c.obj)
 .text.mutex_init_platform
                0x000039ac       0x74 zephyr/libzephyr.a(nrf_cc3xx_platform_mutex_zephyr.c.obj)
 .text.nrf_cc3xx_platform_mutex_init
                0x00003a20       0x28 zephyr/libzephyr.a(nrf_cc3xx_platform_mutex_zephyr.c.obj)
                0x00003a20                nrf_cc3xx_platform_mutex_init
 .text.z_arm_cpu_idle_init
                0x00003a48        0xc zephyr/arch/arch/arm/core/aarch32/libarch__arm__core__aarch32.a(cpu_idle.S.obj)
                0x00003a48                z_arm_cpu_idle_init
 .text.arch_cpu_idle
                0x00003a54       0x1c zephyr/arch/arch/arm/core/aarch32/libarch__arm__core__aarch32.a(cpu_idle.S.obj)
                0x00003a54                arch_cpu_idle
 .text.arch_cpu_atomic_idle
                0x00003a70       0x14 zephyr/arch/arch/arm/core/aarch32/libarch__arm__core__aarch32.a(cpu_idle.S.obj)
                0x00003a70                arch_cpu_atomic_idle
 .text.esf_dump
                0x00003a84       0x9c zephyr/arch/arch/arm/core/aarch32/libarch__arm__core__aarch32.a(fatal.c.obj)
 .text.arch_irq_enable
                0x00003b20       0x20 zephyr/arch/arch/arm/core/aarch32/libarch__arm__core__aarch32.a(irq_manage.c.obj)
                0x00003b20                arch_irq_enable
 .text.arch_irq_disable
                0x00003b40       0x28 zephyr/arch/arch/arm/core/aarch32/libarch__arm__core__aarch32.a(irq_manage.c.obj)
                0x00003b40                arch_irq_disable
 .text.arch_irq_is_enabled
                0x00003b68       0x1c zephyr/arch/arch/arm/core/aarch32/libarch__arm__core__aarch32.a(irq_manage.c.obj)
                0x00003b68                arch_irq_is_enabled
 .text.z_arm_irq_priority_set
                0x00003b84       0x2c zephyr/arch/arch/arm/core/aarch32/libarch__arm__core__aarch32.a(irq_manage.c.obj)
                0x00003b84                z_arm_irq_priority_set
 .text.z_SysNmiOnReset
                0x00003bb0        0x8 zephyr/arch/arch/arm/core/aarch32/libarch__arm__core__aarch32.a(nmi_on_reset.S.obj)
                0x00003bb0                z_SysNmiOnReset
 .text.z_arm_prep_c
                0x00003bb8       0x38 zephyr/arch/arch/arm/core/aarch32/libarch__arm__core__aarch32.a(prep_c.c.obj)
                0x00003bb8                z_arm_prep_c
 .text.arch_swap
                0x00003bf0       0x38 zephyr/arch/arch/arm/core/aarch32/libarch__arm__core__aarch32.a(swap.c.obj)
                0x00003bf0                arch_swap
 .text.z_arm_pendsv
                0x00003c28       0x58 zephyr/arch/arch/arm/core/aarch32/libarch__arm__core__aarch32.a(swap_helper.S.obj)
                0x00003c28                z_arm_pendsv
 .text.z_arm_svc
                0x00003c80       0x20 zephyr/arch/arch/arm/core/aarch32/libarch__arm__core__aarch32.a(swap_helper.S.obj)
                0x00003c80                z_arm_svc
 .text.arch_new_thread
                0x00003ca0       0x40 zephyr/arch/arch/arm/core/aarch32/libarch__arm__core__aarch32.a(thread.c.obj)
                0x00003ca0                arch_new_thread
 .text.z_check_thread_stack_fail
                0x00003ce0       0x60 zephyr/arch/arch/arm/core/aarch32/libarch__arm__core__aarch32.a(thread.c.obj)
                0x00003ce0                z_check_thread_stack_fail
 .text.arch_switch_to_main_thread
                0x00003d40       0x2c zephyr/arch/arch/arm/core/aarch32/libarch__arm__core__aarch32.a(thread.c.obj)
                0x00003d40                arch_switch_to_main_thread
 .text._isr_wrapper
                0x00003d6c       0x40 zephyr/arch/arch/arm/core/aarch32/libarch__arm__core__aarch32.a(isr_wrapper.S.obj)
                0x00003d6c                _isr_wrapper
 .text._HandlerModeExit
                0x00003dac       0x1c zephyr/arch/arch/arm/core/aarch32/cortex_m/libarch__arm__core__aarch32__cortex_m.a(exc_exit.S.obj)
                0x00003dac                z_arm_int_exit
                0x00003dac                z_arm_exc_exit
 .text.usage_fault
                0x00003dc8      0x164 zephyr/arch/arch/arm/core/aarch32/cortex_m/libarch__arm__core__aarch32__cortex_m.a(fault.c.obj)
 .text.debug_monitor
                0x00003f2c       0x34 zephyr/arch/arch/arm/core/aarch32/cortex_m/libarch__arm__core__aarch32__cortex_m.a(fault.c.obj)
 .text.bus_fault
                0x00003f60      0x1b0 zephyr/arch/arch/arm/core/aarch32/cortex_m/libarch__arm__core__aarch32__cortex_m.a(fault.c.obj)
 .text.mem_manage_fault
                0x00004110      0x1c4 zephyr/arch/arch/arm/core/aarch32/cortex_m/libarch__arm__core__aarch32__cortex_m.a(fault.c.obj)
 .text.hard_fault
                0x000042d4      0x14c zephyr/arch/arch/arm/core/aarch32/cortex_m/libarch__arm__core__aarch32__cortex_m.a(fault.c.obj)
 .text.reserved_exception
                0x00004420       0x48 zephyr/arch/arch/arm/core/aarch32/cortex_m/libarch__arm__core__aarch32__cortex_m.a(fault.c.obj)
 .text.z_arm_fault
                0x00004468       0xc4 zephyr/arch/arch/arm/core/aarch32/cortex_m/libarch__arm__core__aarch32__cortex_m.a(fault.c.obj)
                0x00004468                z_arm_fault
 .text.z_arm_fault_init
                0x0000452c       0x10 zephyr/arch/arch/arm/core/aarch32/cortex_m/libarch__arm__core__aarch32__cortex_m.a(fault.c.obj)
                0x0000452c                z_arm_fault_init
 .text.__fault  0x0000453c       0x14 zephyr/arch/arch/arm/core/aarch32/cortex_m/libarch__arm__core__aarch32__cortex_m.a(fault_s.S.obj)
                0x0000453c                z_arm_usage_fault
                0x0000453c                z_arm_mpu_fault
                0x0000453c                z_arm_exc_spurious
                0x0000453c                z_arm_debug_monitor
                0x0000453c                z_arm_hard_fault
                0x0000453c                z_arm_bus_fault
 .text.z_arm_interrupt_init
                0x00004550       0x34 zephyr/arch/arch/arm/core/aarch32/cortex_m/libarch__arm__core__aarch32__cortex_m.a(irq_init.c.obj)
                0x00004550                z_arm_interrupt_init
 .text._reset_section
                0x00004584       0x54 zephyr/arch/arch/arm/core/aarch32/cortex_m/libarch__arm__core__aarch32__cortex_m.a(reset.S.obj)
                0x00004584                __start
                0x00004584                z_arm_reset
 .text.z_arm_clear_arm_mpu_config
                0x000045d8       0x20 zephyr/arch/arch/arm/core/aarch32/cortex_m/libarch__arm__core__aarch32__cortex_m.a(scb.c.obj)
                0x000045d8                z_arm_clear_arm_mpu_config
 .text.z_arm_init_arch_hw_at_boot
                0x000045f8       0x54 zephyr/arch/arch/arm/core/aarch32/cortex_m/libarch__arm__core__aarch32__cortex_m.a(scb.c.obj)
                0x000045f8                z_arm_init_arch_hw_at_boot
 .text.z_impl_k_thread_abort
                0x0000464c       0x2c zephyr/arch/arch/arm/core/aarch32/cortex_m/libarch__arm__core__aarch32__cortex_m.a(thread_abort.c.obj)
                0x0000464c                z_impl_k_thread_abort
 .text.z_arm_configure_static_mpu_regions
                0x00004678       0x1c zephyr/arch/arch/arm/core/aarch32/mpu/libarch__arm__core__aarch32__mpu.a(arm_core_mpu.c.obj)
                0x00004678                z_arm_configure_static_mpu_regions
 .text.z_arm_configure_dynamic_mpu_regions
                0x00004694       0x24 zephyr/arch/arch/arm/core/aarch32/mpu/libarch__arm__core__aarch32__mpu.a(arm_core_mpu.c.obj)
                0x00004694                z_arm_configure_dynamic_mpu_regions
 .text.region_init
                0x000046b8       0x20 zephyr/arch/arch/arm/core/aarch32/mpu/libarch__arm__core__aarch32__mpu.a(arm_mpu.c.obj)
 .text.region_allocate_and_init
                0x000046d8       0x44 zephyr/arch/arch/arm/core/aarch32/mpu/libarch__arm__core__aarch32__mpu.a(arm_mpu.c.obj)
 .text.mpu_configure_regions
                0x0000471c       0x80 zephyr/arch/arch/arm/core/aarch32/mpu/libarch__arm__core__aarch32__mpu.a(arm_mpu.c.obj)
 .text.mpu_configure_static_mpu_regions
                0x0000479c       0x14 zephyr/arch/arch/arm/core/aarch32/mpu/libarch__arm__core__aarch32__mpu.a(arm_mpu.c.obj)
 .text.mpu_configure_dynamic_mpu_regions
                0x000047b0       0x30 zephyr/arch/arch/arm/core/aarch32/mpu/libarch__arm__core__aarch32__mpu.a(arm_mpu.c.obj)
 .text.arm_core_mpu_enable
                0x000047e0       0x14 zephyr/arch/arch/arm/core/aarch32/mpu/libarch__arm__core__aarch32__mpu.a(arm_mpu.c.obj)
                0x000047e0                arm_core_mpu_enable
 .text.arm_core_mpu_disable
                0x000047f4       0x10 zephyr/arch/arch/arm/core/aarch32/mpu/libarch__arm__core__aarch32__mpu.a(arm_mpu.c.obj)
                0x000047f4                arm_core_mpu_disable
 .text.z_arm_mpu_init
                0x00004804       0x44 zephyr/arch/arch/arm/core/aarch32/mpu/libarch__arm__core__aarch32__mpu.a(arm_mpu.c.obj)
                0x00004804                z_arm_mpu_init
 .text.__stdout_hook_install
                0x00004848        0xc zephyr/lib/libc/minimal/liblib__libc__minimal.a(stdout_console.c.obj)
                0x00004848                __stdout_hook_install
 .text.nordicsemi_nrf52_init
                0x00004854       0x30 zephyr/soc/arm/nordic_nrf/nrf52/libsoc__arm__nordic_nrf__nrf52.a(soc.c.obj)
 .text.sys_arch_reboot
                0x00004884       0x2c zephyr/soc/arm/nordic_nrf/nrf52/libsoc__arm__nordic_nrf__nrf52.a(soc.c.obj)
                0x00004884                sys_arch_reboot
 .text.arch_busy_wait
                0x000048b0       0x18 zephyr/soc/arm/nordic_nrf/nrf52/libsoc__arm__nordic_nrf__nrf52.a(soc.c.obj)
                0x000048b0                arch_busy_wait
 .text.endpoint_ctx
                0x000048c8       0x68 zephyr/drivers/usb/device/libdrivers__usb__device.a(usb_dc_nrfx.c.obj)
 .text.eps_ctx_init
                0x00004930       0x64 zephyr/drivers/usb/device/libdrivers__usb__device.a(usb_dc_nrfx.c.obj)
 .text.usb_init
                0x00004994       0x4c zephyr/drivers/usb/device/libdrivers__usb__device.a(usb_dc_nrfx.c.obj)
 .text.submit_dc_power_event
                0x000049e0       0xec zephyr/drivers/usb/device/libdrivers__usb__device.a(usb_dc_nrfx.c.obj)
 .text.usb_dc_power_event_handler
                0x00004acc       0x48 zephyr/drivers/usb/device/libdrivers__usb__device.a(usb_dc_nrfx.c.obj)
 .text.usbd_sof_trigger_iso_read
                0x00004b14      0x140 zephyr/drivers/usb/device/libdrivers__usb__device.a(usb_dc_nrfx.c.obj)
 .text.usbd_work_handler
                0x00004c54      0x3ac zephyr/drivers/usb/device/libdrivers__usb__device.a(usb_dc_nrfx.c.obj)
 .text.usbd_event_transfer_ctrl
                0x00005000      0x330 zephyr/drivers/usb/device/libdrivers__usb__device.a(usb_dc_nrfx.c.obj)
 .text.usbd_event_transfer_data
                0x00005330      0x32c zephyr/drivers/usb/device/libdrivers__usb__device.a(usb_dc_nrfx.c.obj)
 .text.usbd_event_handler
                0x0000565c      0x198 zephyr/drivers/usb/device/libdrivers__usb__device.a(usb_dc_nrfx.c.obj)
 .text.usb_dc_attach
                0x000057f4       0x90 zephyr/drivers/usb/device/libdrivers__usb__device.a(usb_dc_nrfx.c.obj)
                0x000057f4                usb_dc_attach
 .text.usb_dc_set_address
                0x00005884       0x24 zephyr/drivers/usb/device/libdrivers__usb__device.a(usb_dc_nrfx.c.obj)
                0x00005884                usb_dc_set_address
 .text.usb_dc_ep_check_cap
                0x000058a8       0x88 zephyr/drivers/usb/device/libdrivers__usb__device.a(usb_dc_nrfx.c.obj)
                0x000058a8                usb_dc_ep_check_cap
 .text.usb_dc_ep_configure
                0x00005930       0x7c zephyr/drivers/usb/device/libdrivers__usb__device.a(usb_dc_nrfx.c.obj)
                0x00005930                usb_dc_ep_configure
 .text.usb_dc_ep_set_stall
                0x000059ac       0x8c zephyr/drivers/usb/device/libdrivers__usb__device.a(usb_dc_nrfx.c.obj)
                0x000059ac                usb_dc_ep_set_stall
 .text.usb_dc_ep_clear_stall
                0x00005a38       0x4c zephyr/drivers/usb/device/libdrivers__usb__device.a(usb_dc_nrfx.c.obj)
                0x00005a38                usb_dc_ep_clear_stall
 .text.usb_dc_ep_is_stalled
                0x00005a84       0x48 zephyr/drivers/usb/device/libdrivers__usb__device.a(usb_dc_nrfx.c.obj)
                0x00005a84                usb_dc_ep_is_stalled
 .text.usb_dc_ep_enable
                0x00005acc       0x5c zephyr/drivers/usb/device/libdrivers__usb__device.a(usb_dc_nrfx.c.obj)
                0x00005acc                usb_dc_ep_enable
 .text.usb_dc_ep_disable
                0x00005b28       0x54 zephyr/drivers/usb/device/libdrivers__usb__device.a(usb_dc_nrfx.c.obj)
                0x00005b28                usb_dc_ep_disable
 .text.usb_dc_ep_write
                0x00005b7c      0x160 zephyr/drivers/usb/device/libdrivers__usb__device.a(usb_dc_nrfx.c.obj)
                0x00005b7c                usb_dc_ep_write
 .text.usb_dc_ep_read_wait
                0x00005cdc       0xf4 zephyr/drivers/usb/device/libdrivers__usb__device.a(usb_dc_nrfx.c.obj)
                0x00005cdc                usb_dc_ep_read_wait
 .text.usb_dc_ep_read_continue
                0x00005dd0      0x190 zephyr/drivers/usb/device/libdrivers__usb__device.a(usb_dc_nrfx.c.obj)
                0x00005dd0                usb_dc_ep_read_continue
 .text.usb_dc_ep_set_callback
                0x00005f60       0x28 zephyr/drivers/usb/device/libdrivers__usb__device.a(usb_dc_nrfx.c.obj)
                0x00005f60                usb_dc_ep_set_callback
 .text.usb_dc_set_status_callback
                0x00005f88        0xc zephyr/drivers/usb/device/libdrivers__usb__device.a(usb_dc_nrfx.c.obj)
                0x00005f88                usb_dc_set_status_callback
 .text.usb_dc_ep_mps
                0x00005f94       0x24 zephyr/drivers/usb/device/libdrivers__usb__device.a(usb_dc_nrfx.c.obj)
                0x00005f94                usb_dc_ep_mps
 .text.get_hf_flags
                0x00005fb8        0x8 zephyr/drivers/clock_control/libdrivers__clock_control.a(clock_control_nrf.c.obj)
 .text.get_subsys
                0x00005fc0       0x18 zephyr/drivers/clock_control/libdrivers__clock_control.a(clock_control_nrf.c.obj)
 .text.onoff_stop
                0x00005fd8       0x20 zephyr/drivers/clock_control/libdrivers__clock_control.a(clock_control_nrf.c.obj)
 .text.onoff_start
                0x00005ff8       0x34 zephyr/drivers/clock_control/libdrivers__clock_control.a(clock_control_nrf.c.obj)
 .text.clock_event_handler
                0x0000602c       0x34 zephyr/drivers/clock_control/libdrivers__clock_control.a(clock_control_nrf.c.obj)
 .text.generic_hfclk_start
                0x00006060       0x68 zephyr/drivers/clock_control/libdrivers__clock_control.a(clock_control_nrf.c.obj)
 .text.generic_hfclk_stop
                0x000060c8       0x30 zephyr/drivers/clock_control/libdrivers__clock_control.a(clock_control_nrf.c.obj)
 .text.api_blocking_start
                0x000060f8       0x38 zephyr/drivers/clock_control/libdrivers__clock_control.a(clock_control_nrf.c.obj)
 .text.clk_init
                0x00006130       0x68 zephyr/drivers/clock_control/libdrivers__clock_control.a(clock_control_nrf.c.obj)
 .text.lfclk_spinwait
                0x00006198       0xe8 zephyr/drivers/clock_control/libdrivers__clock_control.a(clock_control_nrf.c.obj)
 .text.z_nrf_clock_control_get_onoff
                0x00006280       0x10 zephyr/drivers/clock_control/libdrivers__clock_control.a(clock_control_nrf.c.obj)
                0x00006280                z_nrf_clock_control_get_onoff
 .text.z_nrf_clock_control_lf_on
                0x00006290       0x54 zephyr/drivers/clock_control/libdrivers__clock_control.a(clock_control_nrf.c.obj)
                0x00006290                z_nrf_clock_control_lf_on
 .text.console_out
                0x000062e4       0x2c zephyr/drivers/console/libdrivers__console.a(uart_console.c.obj)
 .text.uart_console_hook_install
                0x00006310       0x18 zephyr/drivers/console/libdrivers__console.a(uart_console.c.obj)
 .text.uart_console_init
                0x00006328       0x24 zephyr/drivers/console/libdrivers__console.a(uart_console.c.obj)
 .text.gpio_nrfx_config
                0x0000634c       0xf4 zephyr/drivers/gpio/libdrivers__gpio.a(gpio_nrfx.c.obj)
 .text.cfg_level_pins
                0x00006440       0x74 zephyr/drivers/gpio/libdrivers__gpio.a(gpio_nrfx.c.obj)
 .text.check_level_trigger_pins
                0x000064b4       0xa4 zephyr/drivers/gpio/libdrivers__gpio.a(gpio_nrfx.c.obj)
 .text.gpiote_pin_cleanup
                0x00006558       0x58 zephyr/drivers/gpio/libdrivers__gpio.a(gpio_nrfx.c.obj)
 .text.gpiote_channel_alloc
                0x000065b0       0x8c zephyr/drivers/gpio/libdrivers__gpio.a(gpio_nrfx.c.obj)
 .text.gpiote_pin_int_cfg
                0x0000663c       0xa8 zephyr/drivers/gpio/libdrivers__gpio.a(gpio_nrfx.c.obj)
 .text.gpio_nrfx_pin_interrupt_configure
                0x000066e4       0xb8 zephyr/drivers/gpio/libdrivers__gpio.a(gpio_nrfx.c.obj)
 .text.gpio_nrfx_init
                0x0000679c       0x38 zephyr/drivers/gpio/libdrivers__gpio.a(gpio_nrfx.c.obj)
 .text.gpiote_event_handler
                0x000067d4      0x140 zephyr/drivers/gpio/libdrivers__gpio.a(gpio_nrfx.c.obj)
 .text.baudrate_set
                0x00006914      0x150 zephyr/drivers/serial/libdrivers__serial.a(uart_nrfx_uarte.c.obj)
 .text.uarte_nrfx_poll_out
                0x00006a64       0x70 zephyr/drivers/serial/libdrivers__serial.a(uart_nrfx_uarte.c.obj)
 .text.endtx_stoptx_ppi_init
                0x00006ad4       0x74 zephyr/drivers/serial/libdrivers__serial.a(uart_nrfx_uarte.c.obj)
 .text.uarte_instance_init
                0x00006b48      0x178 zephyr/drivers/serial/libdrivers__serial.a(uart_nrfx_uarte.c.obj)
 .text.set_comparator
                0x00006cc0       0x14 zephyr/drivers/timer/libdrivers__timer.a(nrf_rtc_timer.c.obj)
 .text.get_comparator
                0x00006cd4       0x10 zephyr/drivers/timer/libdrivers__timer.a(nrf_rtc_timer.c.obj)
 .text.event_enable
                0x00006ce4       0x14 zephyr/drivers/timer/libdrivers__timer.a(nrf_rtc_timer.c.obj)
 .text.event_disable
                0x00006cf8       0x14 zephyr/drivers/timer/libdrivers__timer.a(nrf_rtc_timer.c.obj)
 .text.counter  0x00006d0c        0xc zephyr/drivers/timer/libdrivers__timer.a(nrf_rtc_timer.c.obj)
 .text.compare_int_lock
                0x00006d18       0x50 zephyr/drivers/timer/libdrivers__timer.a(nrf_rtc_timer.c.obj)
 .text.channel_processing_check_and_clear
                0x00006d68       0x78 zephyr/drivers/timer/libdrivers__timer.a(nrf_rtc_timer.c.obj)
 .text.compare_int_unlock
                0x00006de0       0x60 zephyr/drivers/timer/libdrivers__timer.a(nrf_rtc_timer.c.obj)
 .text.sys_clock_timeout_handler
                0x00006e40       0x74 zephyr/drivers/timer/libdrivers__timer.a(nrf_rtc_timer.c.obj)
 .text.z_nrf_rtc_timer_read
                0x00006eb4       0x40 zephyr/drivers/timer/libdrivers__timer.a(nrf_rtc_timer.c.obj)
                0x00006eb4                z_nrf_rtc_timer_read
 .text.compare_set_nolocks
                0x00006ef4       0xa4 zephyr/drivers/timer/libdrivers__timer.a(nrf_rtc_timer.c.obj)
 .text.process_channel
                0x00006f98       0x74 zephyr/drivers/timer/libdrivers__timer.a(nrf_rtc_timer.c.obj)
 .text.rtc_nrf_isr
                0x0000700c       0x44 zephyr/drivers/timer/libdrivers__timer.a(nrf_rtc_timer.c.obj)
                0x0000700c                rtc_nrf_isr
 .text.sys_clock_driver_init
                0x00007050       0xa0 zephyr/drivers/timer/libdrivers__timer.a(nrf_rtc_timer.c.obj)
                0x00007050                sys_clock_driver_init
 .text.sys_clock_set_timeout
                0x000070f0       0x68 zephyr/drivers/timer/libdrivers__timer.a(nrf_rtc_timer.c.obj)
                0x000070f0                sys_clock_set_timeout
 .text.sys_clock_elapsed
                0x00007158       0x14 zephyr/drivers/timer/libdrivers__timer.a(nrf_rtc_timer.c.obj)
                0x00007158                sys_clock_elapsed
 .text.k_sys_fatal_error_handler
                0x0000716c       0x38 modules/nrf/lib/fatal_error/lib..__nrf__lib__fatal_error.a(fatal_error.c.obj)
                0x0000716c                k_sys_fatal_error_handler
 .text.nrf52_errata_36
                0x000071a4       0x14 modules/hal_nordic/nrfx/libmodules__hal_nordic__nrfx.a(system_nrf52840.c.obj)
 .text.nrf52_errata_66
                0x000071b8       0x14 modules/hal_nordic/nrfx/libmodules__hal_nordic__nrfx.a(system_nrf52840.c.obj)
 .text.nrf52_errata_98
                0x000071cc       0x28 modules/hal_nordic/nrfx/libmodules__hal_nordic__nrfx.a(system_nrf52840.c.obj)
 .text.nrf52_errata_103
                0x000071f4       0x28 modules/hal_nordic/nrfx/libmodules__hal_nordic__nrfx.a(system_nrf52840.c.obj)
 .text.nrf52_errata_115
                0x0000721c       0x28 modules/hal_nordic/nrfx/libmodules__hal_nordic__nrfx.a(system_nrf52840.c.obj)
 .text.nrf52_errata_120
                0x00007244       0x28 modules/hal_nordic/nrfx/libmodules__hal_nordic__nrfx.a(system_nrf52840.c.obj)
 .text.nrf52_errata_136
                0x0000726c       0x14 modules/hal_nordic/nrfx/libmodules__hal_nordic__nrfx.a(system_nrf52840.c.obj)
 .text.nrf52_errata_249
                0x00007280       0x24 modules/hal_nordic/nrfx/libmodules__hal_nordic__nrfx.a(system_nrf52840.c.obj)
 .text.nvmc_wait
                0x000072a4       0x10 modules/hal_nordic/nrfx/libmodules__hal_nordic__nrfx.a(system_nrf52840.c.obj)
                0x000072a4                nvmc_wait
 .text.nvmc_config
                0x000072b4       0x14 modules/hal_nordic/nrfx/libmodules__hal_nordic__nrfx.a(system_nrf52840.c.obj)
                0x000072b4                nvmc_config
 .text.SystemCoreClockUpdate
                0x000072c8       0x10 modules/hal_nordic/nrfx/libmodules__hal_nordic__nrfx.a(system_nrf52840.c.obj)
                0x000072c8                SystemCoreClockUpdate
 .text.SystemInit
                0x000072d8      0x1a8 modules/hal_nordic/nrfx/libmodules__hal_nordic__nrfx.a(system_nrf52840.c.obj)
                0x000072d8                SystemInit
 .text.nrfx_clock_init
                0x00007480       0x28 modules/hal_nordic/nrfx/libmodules__hal_nordic__nrfx.a(nrfx_clock.c.obj)
                0x00007480                nrfx_clock_init
 .text.nrfx_clock_enable
                0x000074a8       0x1c modules/hal_nordic/nrfx/libmodules__hal_nordic__nrfx.a(nrfx_clock.c.obj)
                0x000074a8                nrfx_clock_enable
 .text.nrfx_clock_start
                0x000074c4       0x70 modules/hal_nordic/nrfx/libmodules__hal_nordic__nrfx.a(nrfx_clock.c.obj)
                0x000074c4                nrfx_clock_start
 .text.nrfx_clock_stop
                0x00007534      0x118 modules/hal_nordic/nrfx/libmodules__hal_nordic__nrfx.a(nrfx_clock.c.obj)
                0x00007534                nrfx_clock_stop
 .text.nrfx_clock_irq_handler
                0x0000764c       0x7c modules/hal_nordic/nrfx/libmodules__hal_nordic__nrfx.a(nrfx_clock.c.obj)
                0x0000764c                nrfx_clock_irq_handler
 .text.is_allocated_channel
                0x000076c8       0x18 modules/hal_nordic/nrfx/libmodules__hal_nordic__nrfx.a(nrfx_gpiote.c.obj)
 .text.channel_allocated_set
                0x000076e0       0x14 modules/hal_nordic/nrfx/libmodules__hal_nordic__nrfx.a(nrfx_gpiote.c.obj)
 .text.channel_allocated_clr
                0x000076f4       0x18 modules/hal_nordic/nrfx/libmodules__hal_nordic__nrfx.a(nrfx_gpiote.c.obj)
 .text.nrfx_gpiote_channel_free
                0x0000770c       0x38 modules/hal_nordic/nrfx/libmodules__hal_nordic__nrfx.a(nrfx_gpiote.c.obj)
                0x0000770c                nrfx_gpiote_channel_free
 .text.nrfx_gpiote_channel_alloc
                0x00007744       0x70 modules/hal_nordic/nrfx/libmodules__hal_nordic__nrfx.a(nrfx_gpiote.c.obj)
                0x00007744                nrfx_gpiote_channel_alloc
 .text.nrf52_errata_197
                0x000077b4       0x24 modules/hal_nordic/nrfx/libmodules__hal_nordic__nrfx.a(nrfx_power.c.obj)
 .text.nrfx_power_init
                0x000077d8       0x74 modules/hal_nordic/nrfx/libmodules__hal_nordic__nrfx.a(nrfx_power.c.obj)
                0x000077d8                nrfx_power_init
 .text.nrfx_power_usbevt_uninit
                0x0000784c       0x14 modules/hal_nordic/nrfx/libmodules__hal_nordic__nrfx.a(nrfx_power.c.obj)
                0x0000784c                nrfx_power_usbevt_uninit
 .text.nrfx_power_usbevt_init
                0x00007860       0x18 modules/hal_nordic/nrfx/libmodules__hal_nordic__nrfx.a(nrfx_power.c.obj)
                0x00007860                nrfx_power_usbevt_init
 .text.nrfx_power_irq_handler
                0x00007878       0xe4 modules/hal_nordic/nrfx/libmodules__hal_nordic__nrfx.a(nrfx_power.c.obj)
                0x00007878                nrfx_power_irq_handler
 .text.is_allocated_channel
                0x0000795c       0x18 modules/hal_nordic/nrfx/libmodules__hal_nordic__nrfx.a(nrfx_ppi.c.obj)
 .text.channel_allocated_set
                0x00007974       0x14 modules/hal_nordic/nrfx/libmodules__hal_nordic__nrfx.a(nrfx_ppi.c.obj)
 .text.nrfx_ppi_channel_alloc
                0x00007988       0x6c modules/hal_nordic/nrfx/libmodules__hal_nordic__nrfx.a(nrfx_ppi.c.obj)
                0x00007988                nrfx_ppi_channel_alloc
 .text.nrf52_errata_166
                0x000079f4       0x14 modules/hal_nordic/nrfx/libmodules__hal_nordic__nrfx.a(nrfx_usbd.c.obj)
 .text.nrf52_errata_171
                0x00007a08       0x14 modules/hal_nordic/nrfx/libmodules__hal_nordic__nrfx.a(nrfx_usbd.c.obj)
 .text.nrf52_errata_187
                0x00007a1c       0x28 modules/hal_nordic/nrfx/libmodules__hal_nordic__nrfx.a(nrfx_usbd.c.obj)
 .text.nrf52_errata_199
                0x00007a44       0x14 modules/hal_nordic/nrfx/libmodules__hal_nordic__nrfx.a(nrfx_usbd.c.obj)
 .text.ev_usbreset_handler
                0x00007a58       0x38 modules/hal_nordic/nrfx/libmodules__hal_nordic__nrfx.a(nrfx_usbd.c.obj)
 .text.ev_sof_handler
                0x00007a90       0x60 modules/hal_nordic/nrfx/libmodules__hal_nordic__nrfx.a(nrfx_usbd.c.obj)
 .text.ev_usbevent_handler
                0x00007af0       0xa0 modules/hal_nordic/nrfx/libmodules__hal_nordic__nrfx.a(nrfx_usbd.c.obj)
 .text.usbd_enable
                0x00007b90      0x130 modules/hal_nordic/nrfx/libmodules__hal_nordic__nrfx.a(nrfx_usbd.c.obj)
 .text.usbd_ep_data_handler
                0x00007cc0      0x1a0 modules/hal_nordic/nrfx/libmodules__hal_nordic__nrfx.a(nrfx_usbd.c.obj)
 .text.ev_setup_data_handler
                0x00007e60       0x24 modules/hal_nordic/nrfx/libmodules__hal_nordic__nrfx.a(nrfx_usbd.c.obj)
 .text.ev_dma_epout8_handler
                0x00007e84       0x78 modules/hal_nordic/nrfx/libmodules__hal_nordic__nrfx.a(nrfx_usbd.c.obj)
 .text.ev_dma_epin8_handler
                0x00007efc       0x94 modules/hal_nordic/nrfx/libmodules__hal_nordic__nrfx.a(nrfx_usbd.c.obj)
 .text.ev_dma_epin0_handler
                0x00007f90       0x70 modules/hal_nordic/nrfx/libmodules__hal_nordic__nrfx.a(nrfx_usbd.c.obj)
 .text.ev_dma_epin7_handler
                0x00008000       0x70 modules/hal_nordic/nrfx/libmodules__hal_nordic__nrfx.a(nrfx_usbd.c.obj)
 .text.ev_dma_epin5_handler
                0x00008070       0x70 modules/hal_nordic/nrfx/libmodules__hal_nordic__nrfx.a(nrfx_usbd.c.obj)
 .text.ev_dma_epin6_handler
                0x000080e0       0x70 modules/hal_nordic/nrfx/libmodules__hal_nordic__nrfx.a(nrfx_usbd.c.obj)
 .text.ev_dma_epin1_handler
                0x00008150       0x70 modules/hal_nordic/nrfx/libmodules__hal_nordic__nrfx.a(nrfx_usbd.c.obj)
 .text.ev_dma_epin2_handler
                0x000081c0       0x70 modules/hal_nordic/nrfx/libmodules__hal_nordic__nrfx.a(nrfx_usbd.c.obj)
 .text.ev_dma_epin3_handler
                0x00008230       0x70 modules/hal_nordic/nrfx/libmodules__hal_nordic__nrfx.a(nrfx_usbd.c.obj)
 .text.ev_dma_epin4_handler
                0x000082a0       0x70 modules/hal_nordic/nrfx/libmodules__hal_nordic__nrfx.a(nrfx_usbd.c.obj)
 .text.nrfx_usbd_isoinconfig_set
                0x00008310        0xc modules/hal_nordic/nrfx/libmodules__hal_nordic__nrfx.a(nrfx_usbd.c.obj)
                0x00008310                nrfx_usbd_isoinconfig_set
 .text.nrfx_usbd_uninit
                0x0000831c       0x14 modules/hal_nordic/nrfx/libmodules__hal_nordic__nrfx.a(nrfx_usbd.c.obj)
                0x0000831c                nrfx_usbd_uninit
 .text.nrfx_usbd_enable
                0x00008330      0x134 modules/hal_nordic/nrfx/libmodules__hal_nordic__nrfx.a(nrfx_usbd.c.obj)
                0x00008330                nrfx_usbd_enable
 .text.nrfx_usbd_start
                0x00008464       0x38 modules/hal_nordic/nrfx/libmodules__hal_nordic__nrfx.a(nrfx_usbd.c.obj)
                0x00008464                nrfx_usbd_start
 .text.nrfx_usbd_is_enabled
                0x0000849c       0x14 modules/hal_nordic/nrfx/libmodules__hal_nordic__nrfx.a(nrfx_usbd.c.obj)
                0x0000849c                nrfx_usbd_is_enabled
 .text.nrfx_usbd_ep_max_packet_size_set
                0x000084b0       0x20 modules/hal_nordic/nrfx/libmodules__hal_nordic__nrfx.a(nrfx_usbd.c.obj)
                0x000084b0                nrfx_usbd_ep_max_packet_size_set
 .text.nrfx_usbd_init
                0x000084d0       0xb0 modules/hal_nordic/nrfx/libmodules__hal_nordic__nrfx.a(nrfx_usbd.c.obj)
                0x000084d0                nrfx_usbd_init
 .text.nrfx_usbd_ep_transfer
                0x00008580      0x124 modules/hal_nordic/nrfx/libmodules__hal_nordic__nrfx.a(nrfx_usbd.c.obj)
                0x00008580                nrfx_usbd_ep_transfer
 .text.nrfx_usbd_feeder_buffer_get
                0x000086a4        0x8 modules/hal_nordic/nrfx/libmodules__hal_nordic__nrfx.a(nrfx_usbd.c.obj)
                0x000086a4                nrfx_usbd_feeder_buffer_get
 .text.nrfx_usbd_ep_status_get
                0x000086ac       0x4c modules/hal_nordic/nrfx/libmodules__hal_nordic__nrfx.a(nrfx_usbd.c.obj)
                0x000086ac                nrfx_usbd_ep_status_get
 .text.nrfx_usbd_epout_size_get
                0x000086f8       0x2c modules/hal_nordic/nrfx/libmodules__hal_nordic__nrfx.a(nrfx_usbd.c.obj)
                0x000086f8                nrfx_usbd_epout_size_get
 .text.usbd_dmareq_process
                0x00008724      0x1e4 modules/hal_nordic/nrfx/libmodules__hal_nordic__nrfx.a(nrfx_usbd.c.obj)
 .text.ev_epdata_handler
                0x00008908       0x44 modules/hal_nordic/nrfx/libmodules__hal_nordic__nrfx.a(nrfx_usbd.c.obj)
 .text.ev_dma_epout7_handler
                0x0000894c       0x94 modules/hal_nordic/nrfx/libmodules__hal_nordic__nrfx.a(nrfx_usbd.c.obj)
 .text.ev_dma_epout1_handler
                0x000089e0       0x94 modules/hal_nordic/nrfx/libmodules__hal_nordic__nrfx.a(nrfx_usbd.c.obj)
 .text.ev_dma_epout2_handler
                0x00008a74       0x94 modules/hal_nordic/nrfx/libmodules__hal_nordic__nrfx.a(nrfx_usbd.c.obj)
 .text.ev_dma_epout3_handler
                0x00008b08       0x94 modules/hal_nordic/nrfx/libmodules__hal_nordic__nrfx.a(nrfx_usbd.c.obj)
 .text.ev_dma_epout4_handler
                0x00008b9c       0x94 modules/hal_nordic/nrfx/libmodules__hal_nordic__nrfx.a(nrfx_usbd.c.obj)
 .text.ev_dma_epout5_handler
                0x00008c30       0x94 modules/hal_nordic/nrfx/libmodules__hal_nordic__nrfx.a(nrfx_usbd.c.obj)
 .text.ev_dma_epout6_handler
                0x00008cc4       0x94 modules/hal_nordic/nrfx/libmodules__hal_nordic__nrfx.a(nrfx_usbd.c.obj)
 .text.nrfx_usbd_ep_stall
                0x00008d58       0x10 modules/hal_nordic/nrfx/libmodules__hal_nordic__nrfx.a(nrfx_usbd.c.obj)
                0x00008d58                nrfx_usbd_ep_stall
 .text.nrfx_usbd_ep_stall_check
                0x00008d68       0x40 modules/hal_nordic/nrfx/libmodules__hal_nordic__nrfx.a(nrfx_usbd.c.obj)
                0x00008d68                nrfx_usbd_ep_stall_check
 .text.nrfx_usbd_ep_dtoggle_clear
                0x00008da8       0x18 modules/hal_nordic/nrfx/libmodules__hal_nordic__nrfx.a(nrfx_usbd.c.obj)
                0x00008da8                nrfx_usbd_ep_dtoggle_clear
 .text.nrfx_usbd_setup_get
                0x00008dc0       0x58 modules/hal_nordic/nrfx/libmodules__hal_nordic__nrfx.a(nrfx_usbd.c.obj)
                0x00008dc0                nrfx_usbd_setup_get
 .text.nrfx_usbd_setup_data_clear
                0x00008e18       0x10 modules/hal_nordic/nrfx/libmodules__hal_nordic__nrfx.a(nrfx_usbd.c.obj)
                0x00008e18                nrfx_usbd_setup_data_clear
 .text.ev_dma_epout0_handler
                0x00008e28       0x94 modules/hal_nordic/nrfx/libmodules__hal_nordic__nrfx.a(nrfx_usbd.c.obj)
 .text.nrfx_usbd_setup_clear
                0x00008ebc       0x10 modules/hal_nordic/nrfx/libmodules__hal_nordic__nrfx.a(nrfx_usbd.c.obj)
                0x00008ebc                nrfx_usbd_setup_clear
 .text.nrfx_usbd_setup_stall
                0x00008ecc       0x10 modules/hal_nordic/nrfx/libmodules__hal_nordic__nrfx.a(nrfx_usbd.c.obj)
                0x00008ecc                nrfx_usbd_setup_stall
 .text.nrfx_usbd_last_setup_dir_get
                0x00008edc        0xc modules/hal_nordic/nrfx/libmodules__hal_nordic__nrfx.a(nrfx_usbd.c.obj)
                0x00008edc                nrfx_usbd_last_setup_dir_get
 .text.nrfx_usbd_transfer_out_drop
                0x00008ee8       0x64 modules/hal_nordic/nrfx/libmodules__hal_nordic__nrfx.a(nrfx_usbd.c.obj)
                0x00008ee8                nrfx_usbd_transfer_out_drop
 .text.ev_setup_handler
                0x00008f4c      0x1a8 modules/hal_nordic/nrfx/libmodules__hal_nordic__nrfx.a(nrfx_usbd.c.obj)
 .text.nrfx_usbd_irq_handler
                0x000090f4       0x94 modules/hal_nordic/nrfx/libmodules__hal_nordic__nrfx.a(nrfx_usbd.c.obj)
                0x000090f4                nrfx_usbd_irq_handler
 .text.nrfx_usbd_ep_enable
                0x00009188       0xb4 modules/hal_nordic/nrfx/libmodules__hal_nordic__nrfx.a(nrfx_usbd.c.obj)
                0x00009188                nrfx_usbd_ep_enable
 .text.nrfx_usbd_ep_stall_clear
                0x0000923c       0x28 modules/hal_nordic/nrfx/libmodules__hal_nordic__nrfx.a(nrfx_usbd.c.obj)
                0x0000923c                nrfx_usbd_ep_stall_clear
 .text.usbd_ep_abort_all
                0x00009264      0x188 modules/hal_nordic/nrfx/libmodules__hal_nordic__nrfx.a(nrfx_usbd.c.obj)
 .text.nrfx_usbd_stop
                0x000093ec       0x3c modules/hal_nordic/nrfx/libmodules__hal_nordic__nrfx.a(nrfx_usbd.c.obj)
                0x000093ec                nrfx_usbd_stop
 .text.nrfx_usbd_disable
                0x00009428       0x44 modules/hal_nordic/nrfx/libmodules__hal_nordic__nrfx.a(nrfx_usbd.c.obj)
                0x00009428                nrfx_usbd_disable
 .text.nrfx_usbd_suspend
                0x0000946c       0x68 modules/hal_nordic/nrfx/libmodules__hal_nordic__nrfx.a(nrfx_usbd.c.obj)
                0x0000946c                nrfx_usbd_suspend
 .text.nrfx_usbd_ep_abort
                0x000094d4      0x11c modules/hal_nordic/nrfx/libmodules__hal_nordic__nrfx.a(nrfx_usbd.c.obj)
                0x000094d4                nrfx_usbd_ep_abort
 .text.nrfx_usbd_ep_disable
                0x000095f0      0x170 modules/hal_nordic/nrfx/libmodules__hal_nordic__nrfx.a(nrfx_usbd.c.obj)
                0x000095f0                nrfx_usbd_ep_disable
 .text._DoInit  0x00009760       0x60 modules/segger/libmodules__segger.a(SEGGER_RTT.c.obj)
 .text.SEGGER_RTT_WriteSkipNoLock
                0x000097c0       0xc8 modules/segger/libmodules__segger.a(SEGGER_RTT.c.obj)
                0x000097c0                SEGGER_RTT_WriteSkipNoLock
 .text.SEGGER_RTT_HasDataUp
                0x00009888       0x20 modules/segger/libmodules__segger.a(SEGGER_RTT.c.obj)
                0x00009888                SEGGER_RTT_HasDataUp
 .text.z_device_state_init
                0x000098a8       0x18 zephyr/kernel/libkernel.a(device.c.obj)
                0x000098a8                z_device_state_init
 .text.z_sys_init_run_level
                0x000098c0       0x50 zephyr/kernel/libkernel.a(device.c.obj)
                0x000098c0                z_sys_init_run_level
 .text.reason_to_str
                0x00009910       0x40 zephyr/kernel/libkernel.a(fatal.c.obj)
 .text.thread_name_get
                0x00009950       0x20 zephyr/kernel/libkernel.a(fatal.c.obj)
 .text.z_fatal_error
                0x00009970       0xdc zephyr/kernel/libkernel.a(fatal.c.obj)
                0x00009970                z_fatal_error
 .text.init_idle_thread
                0x00009a4c       0x70 zephyr/kernel/libkernel.a(init.c.obj)
 .text.prepare_multithreading
                0x00009abc       0x94 zephyr/kernel/libkernel.a(init.c.obj)
 .text.bg_thread_main
                0x00009b50       0x34 zephyr/kernel/libkernel.a(init.c.obj)
 .text.switch_to_main_thread
                0x00009b84       0x14 zephyr/kernel/libkernel.a(init.c.obj)
 .text.z_bss_zero
                0x00009b98       0x18 zephyr/kernel/libkernel.a(init.c.obj)
                0x00009b98                z_bss_zero
 .text.z_cstart
                0x00009bb0       0x88 zephyr/kernel/libkernel.a(init.c.obj)
                0x00009bb0                z_cstart
 .text.init_mem_slab_module
                0x00009c38       0x24 zephyr/kernel/libkernel.a(mem_slab.c.obj)
 .text.k_mem_slab_alloc
                0x00009c5c       0x6c zephyr/kernel/libkernel.a(mem_slab.c.obj)
                0x00009c5c                k_mem_slab_alloc
 .text.z_thread_monitor_exit
                0x00009cc8       0x40 zephyr/kernel/libkernel.a(thread.c.obj)
                0x00009cc8                z_thread_monitor_exit
 .text.z_impl_k_thread_name_set
                0x00009d08       0x24 zephyr/kernel/libkernel.a(thread.c.obj)
                0x00009d08                z_impl_k_thread_name_set
 .text.schedule_new_thread
                0x00009d2c       0x24 zephyr/kernel/libkernel.a(thread.c.obj)
 .text.z_setup_new_thread
                0x00009d50       0xc8 zephyr/kernel/libkernel.a(thread.c.obj)
                0x00009d50                z_setup_new_thread
 .text.z_init_static_threads
                0x00009e18       0x9c zephyr/kernel/libkernel.a(thread.c.obj)
                0x00009e18                z_init_static_threads
 .text.pm_save_idle
                0x00009eb4       0x1c zephyr/kernel/libkernel.a(idle.c.obj)
 .text.z_impl_k_mutex_lock
                0x00009ed0      0x114 zephyr/kernel/libkernel.a(mutex.c.obj)
                0x00009ed0                z_impl_k_mutex_lock
 .text.z_impl_k_mutex_unlock
                0x00009fe4       0x88 zephyr/kernel/libkernel.a(mutex.c.obj)
                0x00009fe4                z_impl_k_mutex_unlock
 .text.z_impl_k_queue_get
                0x0000a06c       0x78 zephyr/kernel/libkernel.a(queue.c.obj)
                0x0000a06c                z_impl_k_queue_get
 .text.z_impl_k_sem_give
                0x0000a0e4       0x48 zephyr/kernel/libkernel.a(sem.c.obj)
                0x0000a0e4                z_impl_k_sem_give
 .text.z_impl_k_sem_take
                0x0000a12c       0x54 zephyr/kernel/libkernel.a(sem.c.obj)
                0x0000a12c                z_impl_k_sem_take
 .text.submit_to_queue_locked
                0x0000a180       0xd8 zephyr/kernel/libkernel.a(work.c.obj)
 .text.finalize_cancel_locked
                0x0000a258       0x78 zephyr/kernel/libkernel.a(work.c.obj)
 .text.work_queue_main
                0x0000a2d0       0xf0 zephyr/kernel/libkernel.a(work.c.obj)
 .text.k_work_queue_start
                0x0000a3c0       0x7c zephyr/kernel/libkernel.a(work.c.obj)
                0x0000a3c0                k_work_queue_start
 .text.add_thread_timeout
                0x0000a43c       0x20 zephyr/kernel/libkernel.a(sched.c.obj)
 .text.z_reset_time_slice
                0x0000a45c       0x2c zephyr/kernel/libkernel.a(sched.c.obj)
                0x0000a45c                z_reset_time_slice
 .text.k_sched_time_slice_set
                0x0000a488       0x78 zephyr/kernel/libkernel.a(sched.c.obj)
                0x0000a488                k_sched_time_slice_set
 .text.z_reschedule
                0x0000a500       0x38 zephyr/kernel/libkernel.a(sched.c.obj)
                0x0000a500                z_reschedule
 .text.k_sched_lock
                0x0000a538       0x30 zephyr/kernel/libkernel.a(sched.c.obj)
                0x0000a538                k_sched_lock
 .text.update_cache
                0x0000a568       0x4c zephyr/kernel/libkernel.a(sched.c.obj)
 .text.move_thread_to_end_of_prio_q
                0x0000a5b4       0x88 zephyr/kernel/libkernel.a(sched.c.obj)
 .text.z_time_slice
                0x0000a63c       0x98 zephyr/kernel/libkernel.a(sched.c.obj)
                0x0000a63c                z_time_slice
 .text.ready_thread
                0x0000a6d4       0x80 zephyr/kernel/libkernel.a(sched.c.obj)
 .text.z_sched_start
                0x0000a754       0x3c zephyr/kernel/libkernel.a(sched.c.obj)
                0x0000a754                z_sched_start
 .text.unready_thread
                0x0000a790       0x38 zephyr/kernel/libkernel.a(sched.c.obj)
 .text.z_pend_curr
                0x0000a7c8       0x28 zephyr/kernel/libkernel.a(sched.c.obj)
                0x0000a7c8                z_pend_curr
 .text.z_set_prio
                0x0000a7f0       0xc0 zephyr/kernel/libkernel.a(sched.c.obj)
                0x0000a7f0                z_set_prio
 .text.z_impl_k_thread_suspend
                0x0000a8b0       0x84 zephyr/kernel/libkernel.a(sched.c.obj)
                0x0000a8b0                z_impl_k_thread_suspend
 .text.k_sched_unlock
                0x0000a934       0x4c zephyr/kernel/libkernel.a(sched.c.obj)
                0x0000a934                k_sched_unlock
 .text.end_thread
                0x0000a980       0x9c zephyr/kernel/libkernel.a(sched.c.obj)
 .text.z_sched_init
                0x0000aa1c       0x1c zephyr/kernel/libkernel.a(sched.c.obj)
                0x0000aa1c                z_sched_init
 .text.z_impl_k_yield
                0x0000aa38       0x88 zephyr/kernel/libkernel.a(sched.c.obj)
                0x0000aa38                z_impl_k_yield
 .text.z_tick_sleep
                0x0000aac0       0xa0 zephyr/kernel/libkernel.a(sched.c.obj)
 .text.z_impl_k_sleep
                0x0000ab60       0x58 zephyr/kernel/libkernel.a(sched.c.obj)
                0x0000ab60                z_impl_k_sleep
 .text.z_impl_z_current_get
                0x0000abb8        0xc zephyr/kernel/libkernel.a(sched.c.obj)
                0x0000abb8                z_impl_z_current_get
 .text.z_impl_k_is_preempt_thread
                0x0000abc4       0x20 zephyr/kernel/libkernel.a(sched.c.obj)
                0x0000abc4                z_impl_k_is_preempt_thread
 .text.z_thread_abort
                0x0000abe4       0x50 zephyr/kernel/libkernel.a(sched.c.obj)
                0x0000abe4                z_thread_abort
 .text.z_sched_wait
                0x0000ac34       0x24 zephyr/kernel/libkernel.a(sched.c.obj)
                0x0000ac34                z_sched_wait
 .text.z_data_copy
                0x0000ac58       0x34 zephyr/kernel/libkernel.a(xip.c.obj)
                0x0000ac58                z_data_copy
 .text.first    0x0000ac8c       0x14 zephyr/kernel/libkernel.a(timeout.c.obj)
 .text.next     0x0000aca0       0x18 zephyr/kernel/libkernel.a(timeout.c.obj)
 .text.elapsed  0x0000acb8       0x18 zephyr/kernel/libkernel.a(timeout.c.obj)
 .text.next_timeout
                0x0000acd0       0x4c zephyr/kernel/libkernel.a(timeout.c.obj)
 .text.z_add_timeout
                0x0000ad1c      0x154 zephyr/kernel/libkernel.a(timeout.c.obj)
                0x0000ad1c                z_add_timeout
 .text.sys_clock_announce
                0x0000ae70       0xc4 zephyr/kernel/libkernel.a(timeout.c.obj)
                0x0000ae70                sys_clock_announce
 .text.sys_clock_tick_get
                0x0000af34       0x40 zephyr/kernel/libkernel.a(timeout.c.obj)
                0x0000af34                sys_clock_tick_get
 .text.z_timer_expiration_handler
                0x0000af74       0x78 zephyr/kernel/libkernel.a(timer.c.obj)
                0x0000af74                z_timer_expiration_handler
 .text.z_impl_k_timer_start
                0x0000afec       0xe0 zephyr/kernel/libkernel.a(timer.c.obj)
                0x0000afec                z_impl_k_timer_start
 .text.z_thread_aligned_alloc
                0x0000b0cc       0x28 zephyr/kernel/libkernel.a(mempool.c.obj)
                0x0000b0cc                z_thread_aligned_alloc
 .text.boot_banner
                0x0000b0f4       0x1c zephyr/kernel/libkernel.a(banner.c.obj)
                0x0000b0f4                boot_banner
 .text.statics_init
                0x0000b110       0x24 zephyr/kernel/libkernel.a(kheap.c.obj)
 .text.k_sys_work_q_init
                0x0000b134       0x34 zephyr/kernel/libkernel.a(system_work_q.c.obj)
 .text.nrf_cc3xx_platform_init_no_rng
                0x0000b168       0x38 C:/Users/LAPADA/ncs/v1.8.0/nrfxlib/crypto/nrf_cc310_platform/lib/cortex-m4/soft-float/no-interrupts/libnrf_cc310_platform_0.9.12.a(nrf_cc3xx_platform.c.obj)
                0x0000b168                nrf_cc3xx_platform_init_no_rng
 .text.nrf_cc3xx_platform_abort
                0x0000b1a0       0x24 C:/Users/LAPADA/ncs/v1.8.0/nrfxlib/crypto/nrf_cc310_platform/lib/cortex-m4/soft-float/no-interrupts/libnrf_cc310_platform_0.9.12.a(nrf_cc3xx_platform_abort.c.obj)
 .text.CC_PalAbort
                0x0000b1c4       0x40 C:/Users/LAPADA/ncs/v1.8.0/nrfxlib/crypto/nrf_cc310_platform/lib/cortex-m4/soft-float/no-interrupts/libnrf_cc310_platform_0.9.12.a(nrf_cc3xx_platform_abort.c.obj)
                0x0000b1c4                CC_PalAbort
 .text.nrf_cc3xx_platform_set_abort
                0x0000b204       0x10 C:/Users/LAPADA/ncs/v1.8.0/nrfxlib/crypto/nrf_cc310_platform/lib/cortex-m4/soft-float/no-interrupts/libnrf_cc310_platform_0.9.12.a(nrf_cc3xx_platform_abort.c.obj)
                0x0000b204                nrf_cc3xx_platform_set_abort
 .text.mutex_free
                0x0000b214       0x28 C:/Users/LAPADA/ncs/v1.8.0/nrfxlib/crypto/nrf_cc310_platform/lib/cortex-m4/soft-float/no-interrupts/libnrf_cc310_platform_0.9.12.a(nrf_cc3xx_platform_mutex.c.obj)
 .text.mutex_unlock
                0x0000b23c       0x2c C:/Users/LAPADA/ncs/v1.8.0/nrfxlib/crypto/nrf_cc310_platform/lib/cortex-m4/soft-float/no-interrupts/libnrf_cc310_platform_0.9.12.a(nrf_cc3xx_platform_mutex.c.obj)
 .text.mutex_init
                0x0000b268       0x1c C:/Users/LAPADA/ncs/v1.8.0/nrfxlib/crypto/nrf_cc310_platform/lib/cortex-m4/soft-float/no-interrupts/libnrf_cc310_platform_0.9.12.a(nrf_cc3xx_platform_mutex.c.obj)
 .text.mutex_lock
                0x0000b284       0x44 C:/Users/LAPADA/ncs/v1.8.0/nrfxlib/crypto/nrf_cc310_platform/lib/cortex-m4/soft-float/no-interrupts/libnrf_cc310_platform_0.9.12.a(nrf_cc3xx_platform_mutex.c.obj)
 .text.nrf_cc3xx_platform_set_mutexes
                0x0000b2c8       0x60 C:/Users/LAPADA/ncs/v1.8.0/nrfxlib/crypto/nrf_cc310_platform/lib/cortex-m4/soft-float/no-interrupts/libnrf_cc310_platform_0.9.12.a(nrf_cc3xx_platform_mutex.c.obj)
                0x0000b2c8                nrf_cc3xx_platform_set_mutexes
 .text.CC_LibInitNoRng
                0x0000b328       0x6c C:/Users/LAPADA/ncs/v1.8.0/nrfxlib/crypto/nrf_cc310_platform/lib/cortex-m4/soft-float/no-interrupts/libnrf_cc310_platform_0.9.12.a(cc_lib.c.obj)
                0x0000b328                CC_LibInitNoRng
 .text.CC_HalInit
                0x0000b394        0x4 C:/Users/LAPADA/ncs/v1.8.0/nrfxlib/crypto/nrf_cc310_platform/lib/cortex-m4/soft-float/no-interrupts/libnrf_cc310_platform_0.9.12.a(cc_hal.c.obj)
                0x0000b394                CC_HalInit
 .text.CC_HalTerminate
                0x0000b398        0x4 C:/Users/LAPADA/ncs/v1.8.0/nrfxlib/crypto/nrf_cc310_platform/lib/cortex-m4/soft-float/no-interrupts/libnrf_cc310_platform_0.9.12.a(cc_hal.c.obj)
                0x0000b398                CC_HalTerminate
 .text.CC_HalMaskInterrupt
                0x0000b39c        0xc C:/Users/LAPADA/ncs/v1.8.0/nrfxlib/crypto/nrf_cc310_platform/lib/cortex-m4/soft-float/no-interrupts/libnrf_cc310_platform_0.9.12.a(cc_hal.c.obj)
                0x0000b39c                CC_HalMaskInterrupt
 .text.CC_PalInit
                0x0000b3a8       0x5c C:/Users/LAPADA/ncs/v1.8.0/nrfxlib/crypto/nrf_cc310_platform/lib/cortex-m4/soft-float/no-interrupts/libnrf_cc310_platform_0.9.12.a(cc_pal.c.obj)
                0x0000b3a8                CC_PalInit
 .text.CC_PalTerminate
                0x0000b404       0x34 C:/Users/LAPADA/ncs/v1.8.0/nrfxlib/crypto/nrf_cc310_platform/lib/cortex-m4/soft-float/no-interrupts/libnrf_cc310_platform_0.9.12.a(cc_pal.c.obj)
                0x0000b404                CC_PalTerminate
 .text.CC_PalDmaInit
                0x0000b438        0x4 C:/Users/LAPADA/ncs/v1.8.0/nrfxlib/crypto/nrf_cc310_platform/lib/cortex-m4/soft-float/no-interrupts/libnrf_cc310_platform_0.9.12.a(cc_pal_dma.c.obj)
                0x0000b438                CC_PalDmaInit
 .text.CC_PalDmaTerminate
                0x0000b43c        0x4 C:/Users/LAPADA/ncs/v1.8.0/nrfxlib/crypto/nrf_cc310_platform/lib/cortex-m4/soft-float/no-interrupts/libnrf_cc310_platform_0.9.12.a(cc_pal_dma.c.obj)
                0x0000b43c                CC_PalDmaTerminate
 .text.CC_PalMutexCreate
                0x0000b440       0x14 C:/Users/LAPADA/ncs/v1.8.0/nrfxlib/crypto/nrf_cc310_platform/lib/cortex-m4/soft-float/no-interrupts/libnrf_cc310_platform_0.9.12.a(cc_pal_mutex.c.obj)
                0x0000b440                CC_PalMutexCreate
 .text.CC_PalMutexDestroy
                0x0000b454       0x14 C:/Users/LAPADA/ncs/v1.8.0/nrfxlib/crypto/nrf_cc310_platform/lib/cortex-m4/soft-float/no-interrupts/libnrf_cc310_platform_0.9.12.a(cc_pal_mutex.c.obj)
                0x0000b454                CC_PalMutexDestroy
 .text.CC_PalPowerSaveModeInit
                0x0000b468       0x3c C:/Users/LAPADA/ncs/v1.8.0/nrfxlib/crypto/nrf_cc310_platform/lib/cortex-m4/soft-float/no-interrupts/libnrf_cc310_platform_0.9.12.a(cc_pal_pm.c.obj)
                0x0000b468                CC_PalPowerSaveModeInit
 .text.CC_PalPowerSaveModeSelect
                0x0000b4a4       0x84 C:/Users/LAPADA/ncs/v1.8.0/nrfxlib/crypto/nrf_cc310_platform/lib/cortex-m4/soft-float/no-interrupts/libnrf_cc310_platform_0.9.12.a(cc_pal_pm.c.obj)
                0x0000b4a4                CC_PalPowerSaveModeSelect
 .text.main     0x0000b528        0x8 app/libapp.a(main.c.obj)
                0x0000b528                main
 .text.sys_notify_validate
                0x0000b530       0x2e zephyr/libzephyr.a(notify.c.obj)
                0x0000b530                sys_notify_validate
 .text.sys_notify_finalize
                0x0000b55e       0x1a zephyr/libzephyr.a(notify.c.obj)
                0x0000b55e                sys_notify_finalize
 .text.arch_printk_char_out
                0x0000b578        0x4 zephyr/libzephyr.a(printk.c.obj)
                0x0000b578                arch_printk_char_out
 .text.str_out  0x0000b57c       0x30 zephyr/libzephyr.a(printk.c.obj)
 .text.printk   0x0000b5ac       0x1c zephyr/libzephyr.a(printk.c.obj)
                0x0000b5ac                printk
 .text.snprintk
                0x0000b5c8       0x1c zephyr/libzephyr.a(printk.c.obj)
                0x0000b5c8                snprintk
 .text.set_state
                0x0000b5e4       0x10 zephyr/libzephyr.a(onoff.c.obj)
 .text.notify_monitors
                0x0000b5f4       0x3e zephyr/libzephyr.a(onoff.c.obj)
 .text.process_recheck
                0x0000b632       0x32 zephyr/libzephyr.a(onoff.c.obj)
 .text.process_complete
                0x0000b664       0x9a zephyr/libzephyr.a(onoff.c.obj)
 .text.validate_args
                0x0000b6fe       0x2c zephyr/libzephyr.a(onoff.c.obj)
 .text.notify_one
                0x0000b72a       0x26 zephyr/libzephyr.a(onoff.c.obj)
 .text.notify_all
                0x0000b750       0x2e zephyr/libzephyr.a(onoff.c.obj)
 .text.transition_complete
                0x0000b77e       0x1c zephyr/libzephyr.a(onoff.c.obj)
 .text.onoff_manager_init
                0x0000b79a       0x38 zephyr/libzephyr.a(onoff.c.obj)
                0x0000b79a                onoff_manager_init
 .text.onoff_request
                0x0000b7d2       0xb8 zephyr/libzephyr.a(onoff.c.obj)
                0x0000b7d2                onoff_request
 .text.onoff_release
                0x0000b88a       0x4c zephyr/libzephyr.a(onoff.c.obj)
                0x0000b88a                onoff_release
 .text.onoff_cancel
                0x0000b8d6       0x74 zephyr/libzephyr.a(onoff.c.obj)
                0x0000b8d6                onoff_cancel
 .text.z_thread_entry
                0x0000b94a       0x14 zephyr/libzephyr.a(thread_entry.c.obj)
                0x0000b94a                z_thread_entry
 .text.chunk_mem
                0x0000b95e       0x16 zephyr/libzephyr.a(heap.c.obj)
 .text.free_list_remove_bidx
                0x0000b974       0x68 zephyr/libzephyr.a(heap.c.obj)
 .text.free_list_add_bidx
                0x0000b9dc       0x92 zephyr/libzephyr.a(heap.c.obj)
 .text.split_chunks
                0x0000ba6e       0x76 zephyr/libzephyr.a(heap.c.obj)
 .text.merge_chunks
                0x0000bae4       0x5e zephyr/libzephyr.a(heap.c.obj)
 .text.mem_to_chunkid
                0x0000bb42       0x16 zephyr/libzephyr.a(heap.c.obj)
 .text.free_list_remove
                0x0000bb58       0x52 zephyr/libzephyr.a(heap.c.obj)
 .text.free_list_add
                0x0000bbaa       0x52 zephyr/libzephyr.a(heap.c.obj)
 .text.free_chunk
                0x0000bbfc       0xb6 zephyr/libzephyr.a(heap.c.obj)
 .text.alloc_chunk
                0x0000bcb2       0x9e zephyr/libzephyr.a(heap.c.obj)
 .text.sys_heap_free
                0x0000bd50       0x36 zephyr/libzephyr.a(heap.c.obj)
                0x0000bd50                sys_heap_free
 .text.sys_heap_alloc
                0x0000bd86       0x8e zephyr/libzephyr.a(heap.c.obj)
                0x0000bd86                sys_heap_alloc
 .text.sys_heap_aligned_alloc
                0x0000be14      0x11c zephyr/libzephyr.a(heap.c.obj)
                0x0000be14                sys_heap_aligned_alloc
 .text.sys_heap_init
                0x0000bf30      0x108 zephyr/libzephyr.a(heap.c.obj)
                0x0000bf30                sys_heap_init
 .text.extract_decimal
                0x0000c038       0x26 zephyr/libzephyr.a(cbprintf_complete.c.obj)
 .text.encode_uint
                0x0000c05e       0xd4 zephyr/libzephyr.a(cbprintf_complete.c.obj)
 .text.outs     0x0000c132       0x34 zephyr/libzephyr.a(cbprintf_complete.c.obj)
 .text.get_rewind_value
                0x0000c166        0xa zephyr/libzephyr.a(ring_buffer.c.obj)
 .text.mod      0x0000c170       0x16 zephyr/libzephyr.a(ring_buffer.c.obj)
 .text.ring_buf_get_rewind_threshold
                0x0000c186        0x6 zephyr/libzephyr.a(ring_buffer.c.obj)
                0x0000c186                ring_buf_get_rewind_threshold
 .text.ring_buf_is_empty
                0x0000c18c       0x26 zephyr/libzephyr.a(ring_buffer.c.obj)
                0x0000c18c                ring_buf_is_empty
 .text.ring_buf_size_get
                0x0000c1b2       0x20 zephyr/libzephyr.a(ring_buffer.c.obj)
                0x0000c1b2                ring_buf_size_get
 .text.ring_buf_space_get
                0x0000c1d2        0xc zephyr/libzephyr.a(ring_buffer.c.obj)
                0x0000c1d2                ring_buf_space_get
 .text.ring_buf_put_claim
                0x0000c1de       0x3e zephyr/libzephyr.a(ring_buffer.c.obj)
                0x0000c1de                ring_buf_put_claim
 .text.ring_buf_put_finish
                0x0000c21c       0x38 zephyr/libzephyr.a(ring_buffer.c.obj)
                0x0000c21c                ring_buf_put_finish
 .text.ring_buf_put
                0x0000c254       0x40 zephyr/libzephyr.a(ring_buffer.c.obj)
                0x0000c254                ring_buf_put
 .text.ring_buf_get_claim
                0x0000c294       0x58 zephyr/libzephyr.a(ring_buffer.c.obj)
                0x0000c294                ring_buf_get_claim
 .text.ring_buf_get_finish
                0x0000c2ec       0x3c zephyr/libzephyr.a(ring_buffer.c.obj)
                0x0000c2ec                ring_buf_get_finish
 .text.ring_buf_get
                0x0000c328       0x46 zephyr/libzephyr.a(ring_buffer.c.obj)
                0x0000c328                ring_buf_get
 .text._ConfigAbsSyms
                0x0000c36e        0x2 zephyr/libzephyr.a(configs.c.obj)
                0x0000c36e                _ConfigAbsSyms
 .text.log_list_init
                0x0000c370        0x8 zephyr/libzephyr.a(log_list.c.obj)
                0x0000c370                log_list_init
 .text.log_list_add_tail
                0x0000c378       0x14 zephyr/libzephyr.a(log_list.c.obj)
                0x0000c378                log_list_add_tail
 .text.log_list_head_peek
                0x0000c38c        0x4 zephyr/libzephyr.a(log_list.c.obj)
                0x0000c38c                log_list_head_peek
 .text.log_list_head_get
                0x0000c390        0xc zephyr/libzephyr.a(log_list.c.obj)
                0x0000c390                log_list_head_get
 .text.dummy_timestamp
                0x0000c39c        0x4 zephyr/libzephyr.a(log_core.c.obj)
 .text.msg_filter_check
                0x0000c3a0        0x4 zephyr/libzephyr.a(log_core.c.obj)
 .text.default_get_timestamp
                0x0000c3a4        0x8 zephyr/libzephyr.a(log_core.c.obj)
 .text.z_log_get_s_mask
                0x0000c3ac       0x42 zephyr/libzephyr.a(log_core.c.obj)
                0x0000c3ac                z_log_get_s_mask
 .text.block_on_alloc
                0x0000c3ee        0x4 zephyr/libzephyr.a(log_msg.c.obj)
 .text.cont_arg_get
                0x0000c3f2       0x24 zephyr/libzephyr.a(log_msg.c.obj)
 .text.log_msg_hexdump_data_op
                0x0000c416       0xbe zephyr/libzephyr.a(log_msg.c.obj)
 .text.log_msg_get
                0x0000c4d4       0x1a zephyr/libzephyr.a(log_msg.c.obj)
                0x0000c4d4                log_msg_get
 .text.log_msg_nargs_get
                0x0000c4ee        0x6 zephyr/libzephyr.a(log_msg.c.obj)
                0x0000c4ee                log_msg_nargs_get
 .text.log_msg_arg_get
                0x0000c4f4       0x24 zephyr/libzephyr.a(log_msg.c.obj)
                0x0000c4f4                log_msg_arg_get
 .text.log_msg_str_get
                0x0000c518        0x4 zephyr/libzephyr.a(log_msg.c.obj)
                0x0000c518                log_msg_str_get
 .text.log_msg_put
                0x0000c51c       0x26 zephyr/libzephyr.a(log_msg.c.obj)
                0x0000c51c                log_msg_put
 .text.log_msg_hexdump_data_get
                0x0000c542       0x10 zephyr/libzephyr.a(log_msg.c.obj)
                0x0000c542                log_msg_hexdump_data_get
 .text.buffer_write
                0x0000c552       0x1a zephyr/libzephyr.a(log_output.c.obj)
 .text.color_prefix
                0x0000c56c        0xc zephyr/libzephyr.a(log_output.c.obj)
 .text.color_postfix
                0x0000c578        0xc zephyr/libzephyr.a(log_output.c.obj)
 .text.postfix_print
                0x0000c584       0x18 zephyr/libzephyr.a(log_output.c.obj)
 .text.prefix_print
                0x0000c59c       0x4e zephyr/libzephyr.a(log_output.c.obj)
 .text.std_print
                0x0000c5ea      0x2b6 zephyr/libzephyr.a(log_output.c.obj)
 .text.log_output_flush
                0x0000c8a0       0x1a zephyr/libzephyr.a(log_output.c.obj)
                0x0000c8a0                log_output_flush
 .text.out_func
                0x0000c8ba       0x38 zephyr/libzephyr.a(log_output.c.obj)
 .text.log_output_msg_process
                0x0000c8f2       0x7e zephyr/libzephyr.a(log_output.c.obj)
                0x0000c8f2                log_output_msg_process
 .text.usb_get_status
                0x0000c970       0x10 zephyr/libzephyr.a(usb_device.c.obj)
 .text.usb_vbus_set
                0x0000c980        0x4 zephyr/libzephyr.a(usb_device.c.obj)
 .text.usb_eps_reconfigure
                0x0000c984       0x12 zephyr/libzephyr.a(usb_device.c.obj)
 .text.usb_handle_std_interface_req
                0x0000c996       0x5a zephyr/libzephyr.a(usb_device.c.obj)
 .text.disable_interface_ep
                0x0000c9f0        0xa zephyr/libzephyr.a(usb_device.c.obj)
 .text.usb_get_status_endpoint
                0x0000c9fa       0x36 zephyr/libzephyr.a(usb_device.c.obj)
 .text.usb_handle_std_endpoint_req
                0x0000ca30       0x46 zephyr/libzephyr.a(usb_device.c.obj)
 .text.usb_write
                0x0000ca76       0x3e zephyr/libzephyr.a(usb_device.c.obj)
                0x0000ca76                usb_write
 .text.ascii7_to_utf16le
                0x0000cab4       0x28 zephyr/libzephyr.a(usb_descriptor.c.obj)
 .text.usb_validate_ep_cfg_data
                0x0000cadc       0xc8 zephyr/libzephyr.a(usb_descriptor.c.obj)
 .text.usb_get_dev_data_by_cfg
                0x0000cba4       0x24 zephyr/libzephyr.a(usb_descriptor.c.obj)
                0x0000cba4                usb_get_dev_data_by_cfg
 .text.usb_get_dev_data_by_iface
                0x0000cbc8       0x28 zephyr/libzephyr.a(usb_descriptor.c.obj)
                0x0000cbc8                usb_get_dev_data_by_iface
 .text.usb_get_dev_data_by_ep
                0x0000cbf0       0x40 zephyr/libzephyr.a(usb_descriptor.c.obj)
                0x0000cbf0                usb_get_dev_data_by_ep
 .text.usb_transfer_is_busy
                0x0000cc30       0x1c zephyr/libzephyr.a(usb_transfer.c.obj)
                0x0000cc30                usb_transfer_is_busy
 .text.cdc_interface_config
                0x0000cc4c       0x14 zephyr/libzephyr.a(cdc_acm.c.obj)
 .text.cdc_acm_irq_callback_work_handler
                0x0000cc60       0x10 zephyr/libzephyr.a(cdc_acm.c.obj)
 .text.cdc_acm_irq_tx_disable
                0x0000cc70        0xa zephyr/libzephyr.a(cdc_acm.c.obj)
 .text.cdc_acm_irq_tx_ready
                0x0000cc7a       0x1a zephyr/libzephyr.a(cdc_acm.c.obj)
 .text.cdc_acm_irq_rx_disable
                0x0000cc94        0xa zephyr/libzephyr.a(cdc_acm.c.obj)
 .text.cdc_acm_irq_rx_ready
                0x0000cc9e       0x10 zephyr/libzephyr.a(cdc_acm.c.obj)
 .text.cdc_acm_irq_is_pending
                0x0000ccae       0x2a zephyr/libzephyr.a(cdc_acm.c.obj)
 .text.cdc_acm_irq_update
                0x0000ccd8        0x4 zephyr/libzephyr.a(cdc_acm.c.obj)
 .text.cdc_acm_irq_callback_set
                0x0000ccdc        0x8 zephyr/libzephyr.a(cdc_acm.c.obj)
 .text.cdc_acm_baudrate_set
                0x0000cce4        0x6 zephyr/libzephyr.a(cdc_acm.c.obj)
 .text.cdc_acm_line_ctrl_get
                0x0000ccea       0x38 zephyr/libzephyr.a(cdc_acm.c.obj)
 .text.cdc_acm_line_ctrl_set
                0x0000cd22      0x162 zephyr/libzephyr.a(cdc_acm.c.obj)
 .text.cdc_acm_fifo_read
                0x0000ce84       0x1e zephyr/libzephyr.a(cdc_acm.c.obj)
 .text.cdc_acm_poll_in
                0x0000cea2       0x16 zephyr/libzephyr.a(cdc_acm.c.obj)
 .text.pm_policy_next_state
                0x0000ceb8        0xa zephyr/libzephyr.a(policy_residency.c.obj)
                0x0000ceb8                pm_policy_next_state
 .text.abort_function
                0x0000cec2        0x8 zephyr/libzephyr.a(nrf_cc3xx_platform_abort_zephyr.c.obj)
 .text.z_arm_fatal_error
                0x0000ceca       0x18 zephyr/arch/arch/arm/core/aarch32/libarch__arm__core__aarch32.a(fatal.c.obj)
                0x0000ceca                z_arm_fatal_error
 .text.z_do_kernel_oops
                0x0000cee2        0xc zephyr/arch/arch/arm/core/aarch32/libarch__arm__core__aarch32.a(fatal.c.obj)
                0x0000cee2                z_do_kernel_oops
 .text.z_irq_spurious
                0x0000ceee        0xc zephyr/arch/arch/arm/core/aarch32/libarch__arm__core__aarch32.a(irq_manage.c.obj)
                0x0000ceee                z_irq_spurious
 .text.z_arm_nmi
                0x0000cefa        0xc zephyr/arch/arch/arm/core/aarch32/libarch__arm__core__aarch32.a(nmi.c.obj)
                0x0000cefa                z_arm_nmi
 .text.memory_fault_recoverable
                0x0000cf06        0x4 zephyr/arch/arch/arm/core/aarch32/cortex_m/libarch__arm__core__aarch32__cortex_m.a(fault.c.obj)
 .text.fault_handle
                0x0000cf0a       0x4a zephyr/arch/arch/arm/core/aarch32/cortex_m/libarch__arm__core__aarch32__cortex_m.a(fault.c.obj)
 .text.mpu_partition_is_valid
                0x0000cf54       0x22 zephyr/arch/arch/arm/core/aarch32/mpu/libarch__arm__core__aarch32__mpu.a(arm_mpu.c.obj)
 .text.mpu_configure_region
                0x0000cf76       0x3e zephyr/arch/arch/arm/core/aarch32/mpu/libarch__arm__core__aarch32__mpu.a(arm_mpu.c.obj)
 .text.arm_core_mpu_configure_static_mpu_regions
                0x0000cfb4        0x8 zephyr/arch/arch/arm/core/aarch32/mpu/libarch__arm__core__aarch32__mpu.a(arm_mpu.c.obj)
                0x0000cfb4                arm_core_mpu_configure_static_mpu_regions
 .text.arm_core_mpu_configure_dynamic_mpu_regions
                0x0000cfbc        0x8 zephyr/arch/arch/arm/core/aarch32/mpu/libarch__arm__core__aarch32__mpu.a(arm_mpu.c.obj)
                0x0000cfbc                arm_core_mpu_configure_dynamic_mpu_regions
 .text.strcpy   0x0000cfc4       0x12 zephyr/lib/libc/minimal/liblib__libc__minimal.a(string.c.obj)
                0x0000cfc4                strcpy
 .text.strncpy  0x0000cfd6       0x34 zephyr/lib/libc/minimal/liblib__libc__minimal.a(string.c.obj)
                0x0000cfd6                strncpy
 .text.strlen   0x0000d00a       0x10 zephyr/lib/libc/minimal/liblib__libc__minimal.a(string.c.obj)
                0x0000d00a                strlen
 .text.strnlen  0x0000d01a       0x14 zephyr/lib/libc/minimal/liblib__libc__minimal.a(string.c.obj)
                0x0000d01a                strnlen
 .text.memcpy   0x0000d02e       0x48 zephyr/lib/libc/minimal/liblib__libc__minimal.a(string.c.obj)
                0x0000d02e                memcpy
 .text.memset   0x0000d076       0x3a zephyr/lib/libc/minimal/liblib__libc__minimal.a(string.c.obj)
                0x0000d076                memset
 .text._stdout_hook_default
                0x0000d0b0        0x6 zephyr/lib/libc/minimal/liblib__libc__minimal.a(stdout_console.c.obj)
 .text.pm_power_state_set
                0x0000d0b6       0x26 zephyr/soc/arm/nordic_nrf/nrf52/libsoc__arm__nordic_nrf__nrf52.a(power.c.obj)
                0x0000d0b6                pm_power_state_set
 .text.pm_power_state_exit_post_ops
                0x0000d0dc       0x16 zephyr/soc/arm/nordic_nrf/nrf52/libsoc__arm__nordic_nrf__nrf52.a(power.c.obj)
                0x0000d0dc                pm_power_state_exit_post_ops
 .text.in_endpoint_ctx
                0x0000d0f2        0xc zephyr/drivers/usb/device/libdrivers__usb__device.a(usb_dc_nrfx.c.obj)
 .text.out_endpoint_ctx
                0x0000d0fe        0x8 zephyr/drivers/usb/device/libdrivers__usb__device.a(usb_dc_nrfx.c.obj)
 .text.ep_ctx_reset
                0x0000d106       0x28 zephyr/drivers/usb/device/libdrivers__usb__device.a(usb_dc_nrfx.c.obj)
 .text.hfxo_stop
                0x0000d12e       0x42 zephyr/drivers/usb/device/libdrivers__usb__device.a(usb_dc_nrfx.c.obj)
 .text.usbd_enable_endpoints
                0x0000d170       0x64 zephyr/drivers/usb/device/libdrivers__usb__device.a(usb_dc_nrfx.c.obj)
 .text.hfxo_start
                0x0000d1d4       0x3e zephyr/drivers/usb/device/libdrivers__usb__device.a(usb_dc_nrfx.c.obj)
 .text.usb_dc_ep_read
                0x0000d212       0x1e zephyr/drivers/usb/device/libdrivers__usb__device.a(usb_dc_nrfx.c.obj)
                0x0000d212                usb_dc_ep_read
 .text.get_sub_data
                0x0000d230        0xe zephyr/drivers/clock_control/libdrivers__clock_control.a(clock_control_nrf.c.obj)
 .text.get_sub_config
                0x0000d23e        0xc zephyr/drivers/clock_control/libdrivers__clock_control.a(clock_control_nrf.c.obj)
 .text.get_onoff_manager
                0x0000d24a        0xc zephyr/drivers/clock_control/libdrivers__clock_control.a(clock_control_nrf.c.obj)
 .text.get_status
                0x0000d256       0x10 zephyr/drivers/clock_control/libdrivers__clock_control.a(clock_control_nrf.c.obj)
 .text.set_off_state
                0x0000d266       0x32 zephyr/drivers/clock_control/libdrivers__clock_control.a(clock_control_nrf.c.obj)
 .text.set_starting_state
                0x0000d298       0x40 zephyr/drivers/clock_control/libdrivers__clock_control.a(clock_control_nrf.c.obj)
 .text.set_on_state
                0x0000d2d8       0x26 zephyr/drivers/clock_control/libdrivers__clock_control.a(clock_control_nrf.c.obj)
 .text.clkstarted_handle
                0x0000d2fe       0x24 zephyr/drivers/clock_control/libdrivers__clock_control.a(clock_control_nrf.c.obj)
 .text.stop     0x0000d322       0x2a zephyr/drivers/clock_control/libdrivers__clock_control.a(clock_control_nrf.c.obj)
 .text.api_stop
                0x0000d34c        0xa zephyr/drivers/clock_control/libdrivers__clock_control.a(clock_control_nrf.c.obj)
 .text.async_start
                0x0000d356       0x38 zephyr/drivers/clock_control/libdrivers__clock_control.a(clock_control_nrf.c.obj)
 .text.api_start
                0x0000d38e       0x10 zephyr/drivers/clock_control/libdrivers__clock_control.a(clock_control_nrf.c.obj)
 .text.onoff_started_callback
                0x0000d39e       0x10 zephyr/drivers/clock_control/libdrivers__clock_control.a(clock_control_nrf.c.obj)
 .text.hfclk_start
                0x0000d3ae        0xa zephyr/drivers/clock_control/libdrivers__clock_control.a(clock_control_nrf.c.obj)
 .text.lfclk_start
                0x0000d3b8        0xa zephyr/drivers/clock_control/libdrivers__clock_control.a(clock_control_nrf.c.obj)
 .text.hfclk_stop
                0x0000d3c2        0xa zephyr/drivers/clock_control/libdrivers__clock_control.a(clock_control_nrf.c.obj)
 .text.lfclk_stop
                0x0000d3cc        0xa zephyr/drivers/clock_control/libdrivers__clock_control.a(clock_control_nrf.c.obj)
 .text.blocking_start_callback
                0x0000d3d6        0xa zephyr/drivers/clock_control/libdrivers__clock_control.a(clock_control_nrf.c.obj)
 .text.gpio_nrfx_port_get_raw
                0x0000d3e0        0xe zephyr/drivers/gpio/libdrivers__gpio.a(gpio_nrfx.c.obj)
 .text.gpio_nrfx_port_set_masked_raw
                0x0000d3ee       0x16 zephyr/drivers/gpio/libdrivers__gpio.a(gpio_nrfx.c.obj)
 .text.gpio_nrfx_port_set_bits_raw
                0x0000d404        0xc zephyr/drivers/gpio/libdrivers__gpio.a(gpio_nrfx.c.obj)
 .text.gpio_nrfx_port_clear_bits_raw
                0x0000d410        0xc zephyr/drivers/gpio/libdrivers__gpio.a(gpio_nrfx.c.obj)
 .text.gpio_nrfx_port_toggle_bits
                0x0000d41c       0x12 zephyr/drivers/gpio/libdrivers__gpio.a(gpio_nrfx.c.obj)
 .text.gpio_nrfx_manage_callback
                0x0000d42e       0x64 zephyr/drivers/gpio/libdrivers__gpio.a(gpio_nrfx.c.obj)
 .text.z_impl_hwinfo_get_device_id
                0x0000d492       0x5e zephyr/drivers/hwinfo/libdrivers__hwinfo.a(hwinfo_nrf.c.obj)
                0x0000d492                z_impl_hwinfo_get_device_id
 .text.endtx_isr
                0x0000d4f0       0x32 zephyr/drivers/serial/libdrivers__serial.a(uart_nrfx_uarte.c.obj)
 .text.uarte_nrfx_isr_int
                0x0000d522       0xa2 zephyr/drivers/serial/libdrivers__serial.a(uart_nrfx_uarte.c.obj)
 .text.uarte_nrfx_configure
                0x0000d5c4       0xbc zephyr/drivers/serial/libdrivers__serial.a(uart_nrfx_uarte.c.obj)
 .text.uarte_nrfx_config_get
                0x0000d680       0x10 zephyr/drivers/serial/libdrivers__serial.a(uart_nrfx_uarte.c.obj)
 .text.uarte_nrfx_err_check
                0x0000d690        0xe zephyr/drivers/serial/libdrivers__serial.a(uart_nrfx_uarte.c.obj)
 .text.is_tx_ready
                0x0000d69e       0x28 zephyr/drivers/serial/libdrivers__serial.a(uart_nrfx_uarte.c.obj)
 .text.uarte_enable
                0x0000d6c6        0xc zephyr/drivers/serial/libdrivers__serial.a(uart_nrfx_uarte.c.obj)
 .text.tx_start
                0x0000d6d2       0x40 zephyr/drivers/serial/libdrivers__serial.a(uart_nrfx_uarte.c.obj)
 .text.uarte_nrfx_poll_in
                0x0000d712       0x2a zephyr/drivers/serial/libdrivers__serial.a(uart_nrfx_uarte.c.obj)
 .text.uarte_nrfx_fifo_fill
                0x0000d73c       0x80 zephyr/drivers/serial/libdrivers__serial.a(uart_nrfx_uarte.c.obj)
 .text.uarte_nrfx_fifo_read
                0x0000d7bc       0x2c zephyr/drivers/serial/libdrivers__serial.a(uart_nrfx_uarte.c.obj)
 .text.uarte_nrfx_irq_tx_enable
                0x0000d7e8       0x2e zephyr/drivers/serial/libdrivers__serial.a(uart_nrfx_uarte.c.obj)
 .text.uarte_nrfx_irq_tx_disable
                0x0000d816        0xa zephyr/drivers/serial/libdrivers__serial.a(uart_nrfx_uarte.c.obj)
 .text.uarte_nrfx_irq_tx_ready_complete
                0x0000d820       0x32 zephyr/drivers/serial/libdrivers__serial.a(uart_nrfx_uarte.c.obj)
 .text.uarte_nrfx_irq_rx_ready
                0x0000d852       0x10 zephyr/drivers/serial/libdrivers__serial.a(uart_nrfx_uarte.c.obj)
 .text.uarte_nrfx_irq_rx_enable
                0x0000d862        0xc zephyr/drivers/serial/libdrivers__serial.a(uart_nrfx_uarte.c.obj)
 .text.uarte_nrfx_irq_rx_disable
                0x0000d86e        0xc zephyr/drivers/serial/libdrivers__serial.a(uart_nrfx_uarte.c.obj)
 .text.uarte_nrfx_irq_err_enable
                0x0000d87a        0xe zephyr/drivers/serial/libdrivers__serial.a(uart_nrfx_uarte.c.obj)
 .text.uarte_nrfx_irq_err_disable
                0x0000d888        0xe zephyr/drivers/serial/libdrivers__serial.a(uart_nrfx_uarte.c.obj)
 .text.uarte_nrfx_irq_is_pending
                0x0000d896       0x3a zephyr/drivers/serial/libdrivers__serial.a(uart_nrfx_uarte.c.obj)
 .text.uarte_nrfx_irq_update
                0x0000d8d0        0x4 zephyr/drivers/serial/libdrivers__serial.a(uart_nrfx_uarte.c.obj)
 .text.uarte_nrfx_irq_callback_set
                0x0000d8d4        0xc zephyr/drivers/serial/libdrivers__serial.a(uart_nrfx_uarte.c.obj)
 .text.wait_tx_ready
                0x0000d8e0       0x4e zephyr/drivers/serial/libdrivers__serial.a(uart_nrfx_uarte.c.obj)
 .text.uarte_0_init
                0x0000d92e       0x1e zephyr/drivers/serial/libdrivers__serial.a(uart_nrfx_uarte.c.obj)
 .text.sys_clock_isr
                0x0000d94c        0x2 zephyr/drivers/timer/libdrivers__timer.a(sys_clock_init.c.obj)
                0x0000d94c                sys_clock_isr
 .text.sys_clock_idle_exit
                0x0000d94e        0x2 zephyr/drivers/timer/libdrivers__timer.a(sys_clock_init.c.obj)
                0x0000d94e                sys_clock_idle_exit
 .text.sys_clock_disable
                0x0000d950        0x2 zephyr/drivers/timer/libdrivers__timer.a(sys_clock_init.c.obj)
                0x0000d950                sys_clock_disable
 .text.counter_sub
                0x0000d952        0x8 zephyr/drivers/timer/libdrivers__timer.a(nrf_rtc_timer.c.obj)
 .text.event_clear
                0x0000d95a       0x18 zephyr/drivers/timer/libdrivers__timer.a(nrf_rtc_timer.c.obj)
 .text.absolute_time_to_cc
                0x0000d972        0x6 zephyr/drivers/timer/libdrivers__timer.a(nrf_rtc_timer.c.obj)
 .text.full_int_lock
                0x0000d978       0x12 zephyr/drivers/timer/libdrivers__timer.a(nrf_rtc_timer.c.obj)
 .text.full_int_unlock
                0x0000d98a        0xa zephyr/drivers/timer/libdrivers__timer.a(nrf_rtc_timer.c.obj)
 .text.set_absolute_alarm
                0x0000d994       0x76 zephyr/drivers/timer/libdrivers__timer.a(nrf_rtc_timer.c.obj)
 .text.compare_set
                0x0000da0a       0x32 zephyr/drivers/timer/libdrivers__timer.a(nrf_rtc_timer.c.obj)
 .text.sys_clock_cycle_get_32
                0x0000da3c        0x8 zephyr/drivers/timer/libdrivers__timer.a(nrf_rtc_timer.c.obj)
                0x0000da3c                sys_clock_cycle_get_32
 .text.hw_cc3xx_init_internal
                0x0000da44        0x8 modules/nrf/drivers/hw_cc310/lib..__nrf__drivers__hw_cc310.a(hw_cc310.c.obj)
 .text.hw_cc3xx_init
                0x0000da4c       0x14 modules/nrf/drivers/hw_cc310/lib..__nrf__drivers__hw_cc310.a(hw_cc310.c.obj)
 .text.nrfx_isr