Archive member included to satisfy reference by file (symbol)

app/libapp.a(main.c.obj)      (--whole-archive)
app/libapp.a(protocol-usb.c.obj)
                              (--whole-archive)
zephyr/libzephyr.a(cbprintf.c.obj)
                              (--whole-archive)
zephyr/libzephyr.a(cbprintf_packaged.c.obj)
                              (--whole-archive)
zephyr/libzephyr.a(crc32c_sw.c.obj)
                              (--whole-archive)
zephyr/libzephyr.a(crc32_sw.c.obj)
                              (--whole-archive)
zephyr/libzephyr.a(crc16_sw.c.obj)
                              (--whole-archive)
zephyr/libzephyr.a(crc8_sw.c.obj)
                              (--whole-archive)
zephyr/libzephyr.a(crc7_sw.c.obj)
                              (--whole-archive)
zephyr/libzephyr.a(dec.c.obj)
                              (--whole-archive)
zephyr/libzephyr.a(fdtable.c.obj)
                              (--whole-archive)
zephyr/libzephyr.a(hex.c.obj)
                              (--whole-archive)
zephyr/libzephyr.a(notify.c.obj)
                              (--whole-archive)
zephyr/libzephyr.a(printk.c.obj)
                              (--whole-archive)
zephyr/libzephyr.a(onoff.c.obj)
                              (--whole-archive)
zephyr/libzephyr.a(rb.c.obj)  (--whole-archive)
zephyr/libzephyr.a(sem.c.obj)
                              (--whole-archive)
zephyr/libzephyr.a(thread_entry.c.obj)
                              (--whole-archive)
zephyr/libzephyr.a(timeutil.c.obj)
                              (--whole-archive)
zephyr/libzephyr.a(heap.c.obj)
                              (--whole-archive)
zephyr/libzephyr.a(heap-validate.c.obj)
                              (--whole-archive)
zephyr/libzephyr.a(bitarray.c.obj)
                              (--whole-archive)
zephyr/libzephyr.a(cbprintf_complete.c.obj)
                              (--whole-archive)
zephyr/libzephyr.a(ring_buffer.c.obj)
                              (--whole-archive)
zephyr/libzephyr.a(mpsc_pbuf.c.obj)
                              (--whole-archive)
zephyr/libzephyr.a(reboot.c.obj)
                              (--whole-archive)
zephyr/libzephyr.a(configs.c.obj)
                              (--whole-archive)
zephyr/libzephyr.a(soc_nrf_common.S.obj)
                              (--whole-archive)
zephyr/libzephyr.a(validate_base_addresses.c.obj)
                              (--whole-archive)
zephyr/libzephyr.a(validate_enabled_instances.c.obj)
                              (--whole-archive)
zephyr/libzephyr.a(thread_info.c.obj)
                              (--whole-archive)
zephyr/libzephyr.a(log_list.c.obj)
                              (--whole-archive)
zephyr/libzephyr.a(log_core.c.obj)
                              (--whole-archive)
zephyr/libzephyr.a(log_mgmt.c.obj)
                              (--whole-archive)
zephyr/libzephyr.a(log_msg.c.obj)
                              (--whole-archive)
zephyr/libzephyr.a(log_output.c.obj)
                              (--whole-archive)
zephyr/libzephyr.a(log_backend_uart.c.obj)
                              (--whole-archive)
zephyr/libzephyr.a(log_backend_rtt.c.obj)
                              (--whole-archive)
zephyr/libzephyr.a(usb_device.c.obj)
                              (--whole-archive)
zephyr/libzephyr.a(usb_descriptor.c.obj)
                              (--whole-archive)
zephyr/libzephyr.a(usb_transfer.c.obj)
                              (--whole-archive)
zephyr/libzephyr.a(cdc_acm.c.obj)
                              (--whole-archive)
zephyr/libzephyr.a(usb_work_q.c.obj)
                              (--whole-archive)
zephyr/libzephyr.a(power.c.obj)
                              (--whole-archive)
zephyr/libzephyr.a(pm_ctrl.c.obj)
                              (--whole-archive)
zephyr/libzephyr.a(policy_residency.c.obj)
                              (--whole-archive)
zephyr/libzephyr.a(tracing_none.c.obj)
                              (--whole-archive)
zephyr/libzephyr.a(nrf_cc3xx_platform_abort_zephyr.c.obj)
                              (--whole-archive)
zephyr/libzephyr.a(nrf_cc3xx_platform_mutex_zephyr.c.obj)
                              (--whole-archive)
zephyr/arch/common/libarch__common.a(sw_isr_common.c.obj)
                              (--whole-archive)
zephyr/arch/arch/arm/core/aarch32/libarch__arm__core__aarch32.a(cpu_idle.S.obj)
                              (--whole-archive)
zephyr/arch/arch/arm/core/aarch32/libarch__arm__core__aarch32.a(fatal.c.obj)
                              (--whole-archive)
zephyr/arch/arch/arm/core/aarch32/libarch__arm__core__aarch32.a(irq_manage.c.obj)
                              (--whole-archive)
zephyr/arch/arch/arm/core/aarch32/libarch__arm__core__aarch32.a(nmi.c.obj)
                              (--whole-archive)
zephyr/arch/arch/arm/core/aarch32/libarch__arm__core__aarch32.a(nmi_on_reset.S.obj)
[...]
Memory Configuration

Name             Origin             Length             Attributes
FLASH            0x00000000         0x00100000         xr
SRAM             0x20000000         0x00040000         xw
IDT_LIST         0xfffff7ff         0x00000800         xw
*default*        0x00000000         0xffffffff

Linker script and memory map

LOAD zephyr/CMakeFiles/zephyr_final.dir/misc/empty_file.c.obj
LOAD zephyr/CMakeFiles/zephyr_final.dir/isr_tables.c.obj
LOAD zephyr/CMakeFiles/zephyr_final.dir/dev_handles.c.obj
                0x00000020                _region_min_align = 0x20

.rel.plt        0x00000000        0x0
 *(SORT_BY_ALIGNMENT(.rel.plt))
                [!provide]                PROVIDE (__rel_iplt_start = .)
 *(SORT_BY_ALIGNMENT(.rel.iplt))
 .rel.iplt      0x00000000        0x0 zephyr/CMakeFiles/zephyr_final.dir/isr_tables.c.obj
                [!provide]                PROVIDE (__rel_iplt_end = .)

.rela.plt       0x00000000        0x0
 *(SORT_BY_ALIGNMENT(.rela.plt))
                [!provide]                PROVIDE (__rela_iplt_start = .)
 *(SORT_BY_ALIGNMENT(.rela.iplt))
                [!provide]                PROVIDE (__rela_iplt_end = .)

.rel.dyn
 *(SORT_BY_ALIGNMENT(.rel.*))

.rela.dyn
 *(SORT_BY_ALIGNMENT(.rela.*))

/DISCARD/
 *(SORT_BY_ALIGNMENT(.plt))
 *(SORT_BY_ALIGNMENT(.iplt))
 *(SORT_BY_ALIGNMENT(.got.plt))
 *(SORT_BY_ALIGNMENT(.igot.plt))
 *(SORT_BY_ALIGNMENT(.got))
 *(SORT_BY_ALIGNMENT(.igot))
 *(SORT_BY_ALIGNMENT(.irq_info*))
 *(SORT_BY_ALIGNMENT(.intList*))
 *(SORT_BY_ALIGNMENT(.note.GNU-stack))
                0x00000000                __rom_region_start = 0x0

rom_start       0x00000000      0x100
                0x00000000                . = 0x0
                0x00000000                . = ALIGN (0x4)
                0x00000000                . = ALIGN (0x80)
                0x00000000                . = ALIGN (0x100)
                0x00000000                _vector_start = .
 *(SORT_BY_ALIGNMENT(.exc_vector_table))
 *(SORT_BY_ALIGNMENT(.exc_vector_table.*))
 .exc_vector_table._vector_table_section
                0x00000000       0x40 zephyr/arch/arch/arm/core/aarch32/cortex_m/libarch__arm__core__aarch32__cortex_m.a(vector_table.S.obj)
                0x00000000                _vector_table
 *(SORT_BY_ALIGNMENT(.gnu.linkonce.irq_vector_table*))
 .gnu.linkonce.irq_vector_table
                0x00000040       0xc0 zephyr/CMakeFiles/zephyr_final.dir/isr_tables.c.obj
                0x00000040                _irq_vector_table
 *(SORT_BY_ALIGNMENT(.vectors))
                0x00000100                _vector_end = .

text            0x00000100     0xe438
                0x00000100                __text_region_start = .
 *(SORT_BY_ALIGNMENT(.text))
 .text          0x00000100       0x30 c:/users/lapada/ncs/v1.8.0/toolchain/opt/bin/../lib/gcc/arm-none-eabi/9.2.1/thumb/v7e-m/nofp\libgcc.a(_aeabi_uldivmod.o)
                0x00000100                __aeabi_uldivmod
 .text          0x00000130      0x2c0 c:/users/lapada/ncs/v1.8.0/toolchain/opt/bin/../lib/gcc/arm-none-eabi/9.2.1/thumb/v7e-m/nofp\libgcc.a(_udivmoddi4.o)
                0x00000130                __udivmoddi4
 .text          0x000003f0        0x4 c:/users/lapada/ncs/v1.8.0/toolchain/opt/bin/../lib/gcc/arm-none-eabi/9.2.1/thumb/v7e-m/nofp\libgcc.a(_dvmd_tls.o)
                0x000003f0                __aeabi_idiv0
                0x000003f0                __aeabi_ldiv0
 *(SORT_BY_ALIGNMENT(.text.*))
 .text.interrupt_handler
                0x000003f4       0x8c app/libapp.a(protocol-usb.c.obj)
 .text.configureUSB
                0x00000480       0xc8 app/libapp.a(protocol-usb.c.obj)
                0x00000480                configureUSB
 .text.char_out
                0x00000548       0x14 zephyr/libzephyr.a(printk.c.obj)
 .text.__printk_hook_install
                0x0000055c        0xc zephyr/libzephyr.a(printk.c.obj)
                0x0000055c                __printk_hook_install
 .text.vprintk  0x00000568       0x20 zephyr/libzephyr.a(printk.c.obj)
                0x00000568                vprintk
 .text.vsnprintk
                0x00000588       0x2c zephyr/libzephyr.a(printk.c.obj)
                0x00000588                vsnprintk
 .text.process_event
                0x000005b4      0x158 zephyr/libzephyr.a(onoff.c.obj)
 .text.cbvprintf
                0x0000070c      0x9d4 zephyr/libzephyr.a(cbprintf_complete.c.obj)
                0x0000070c                cbvprintf
 .text.sys_reboot
                0x000010e0       0x30 zephyr/libzephyr.a(reboot.c.obj)
                0x000010e0                sys_reboot
 .text.is_rodata
                0x00001110       0x20 zephyr/libzephyr.a(log_core.c.obj)
 .text.thread_set
                0x00001130       0x28 zephyr/libzephyr.a(log_core.c.obj)
 .text.log_process_thread_timer_expiry_fn
                0x00001158       0x10 zephyr/libzephyr.a(log_core.c.obj)
 .text.next_pending
                0x00001168       0x14 zephyr/libzephyr.a(log_core.c.obj)
 .text.enable_logger
                0x0000117c       0x5c zephyr/libzephyr.a(log_core.c.obj)
 .text.log_core_init
                0x000011d8       0x50 zephyr/libzephyr.a(log_core.c.obj)
                0x000011d8                log_core_init
 .text.log_init
                0x00001228       0x70 zephyr/libzephyr.a(log_core.c.obj)
                0x00001228                log_init
 .text.get_msg  0x00001298       0x28 zephyr/libzephyr.a(log_core.c.obj)
                0x00001298                get_msg
 .text.z_log_notify_backend_enabled
                0x000012c0       0x20 zephyr/libzephyr.a(log_core.c.obj)
                0x000012c0                z_log_notify_backend_enabled
 .text.z_log_dropped
                0x000012e0       0x3c zephyr/libzephyr.a(log_core.c.obj)
                0x000012e0                z_log_dropped
 .text.z_log_dropped_read_and_clear
                0x0000131c       0x20 zephyr/libzephyr.a(log_core.c.obj)
                0x0000131c                z_log_dropped_read_and_clear
 .text.dropped_notify
                0x0000133c       0x44 zephyr/libzephyr.a(log_core.c.obj)
                0x0000133c                dropped_notify
 .text.z_log_dropped_pending
                0x00001380       0x14 zephyr/libzephyr.a(log_core.c.obj)
                0x00001380                z_log_dropped_pending
 .text.z_log_strdup
                0x00001394       0x60 zephyr/libzephyr.a(log_core.c.obj)
                0x00001394                z_log_strdup
 .text.log_is_strdup
                0x000013f4       0x24 zephyr/libzephyr.a(log_core.c.obj)
                0x000013f4                log_is_strdup
 .text.detect_missed_strdup
                0x00001418       0xa8 zephyr/libzephyr.a(log_core.c.obj)
 .text.msg_process
                0x000014c0       0x64 zephyr/libzephyr.a(log_core.c.obj)
 .text.z_impl_log_process
                0x00001524       0x50 zephyr/libzephyr.a(log_core.c.obj)
                0x00001524                z_impl_log_process
 .text.z_log_msg_post_finalize
                0x00001574       0x98 zephyr/libzephyr.a(log_core.c.obj)
 .text.log_3    0x0000160c       0x7c zephyr/libzephyr.a(log_core.c.obj)
                0x0000160c                log_3
 .text.log_1    0x00001688       0x6c zephyr/libzephyr.a(log_core.c.obj)
                0x00001688                log_1
 .text.log_2    0x000016f4       0x78 zephyr/libzephyr.a(log_core.c.obj)
                0x000016f4                log_2
 .text.log_0    0x0000176c       0x60 zephyr/libzephyr.a(log_core.c.obj)
                0x0000176c                log_0
 .text.z_impl_log_panic
                0x000017cc       0x58 zephyr/libzephyr.a(log_core.c.obj)
                0x000017cc                z_impl_log_panic
 .text.log_process_thread_func
                0x00001824       0x30 zephyr/libzephyr.a(log_core.c.obj)
 .text.log_free
                0x00001854       0x38 zephyr/libzephyr.a(log_core.c.obj)
                0x00001854                log_free
 .text.log_source_name_get
                0x0000188c       0x20 zephyr/libzephyr.a(log_mgmt.c.obj)
                0x0000188c                log_source_name_get
 .text.log_backend_enable
                0x000018ac       0x24 zephyr/libzephyr.a(log_mgmt.c.obj)
                0x000018ac                log_backend_enable
 .text.cont_free
                0x000018d0       0x20 zephyr/libzephyr.a(log_msg.c.obj)
 .text.log_msg_pool_init
                0x000018f0       0x18 zephyr/libzephyr.a(log_msg.c.obj)
                0x000018f0                log_msg_pool_init
 .text.log_msg_no_space_handle
                0x00001908       0x30 zephyr/libzephyr.a(log_msg.c.obj)
                0x00001908                log_msg_no_space_handle
 .text.log_msg_chunk_alloc
                0x00001938       0x38 zephyr/libzephyr.a(log_msg.c.obj)
                0x00001938                log_msg_chunk_alloc
 .text.msg_free
                0x00001970       0x80 zephyr/libzephyr.a(log_msg.c.obj)
 .text.print_formatted
                0x000019f0       0x24 zephyr/libzephyr.a(log_output.c.obj)
 .text.timestamp_print
                0x00001a14       0x8c zephyr/libzephyr.a(log_output.c.obj)
 .text.color_print
                0x00001aa0       0x2c zephyr/libzephyr.a(log_output.c.obj)
 .text.newline_print
                0x00001acc       0x28 zephyr/libzephyr.a(log_output.c.obj)
 .text.hexdump_line_print
                0x00001af4       0xbc zephyr/libzephyr.a(log_output.c.obj)
 .text.ids_print
                0x00001bb0       0x6c zephyr/libzephyr.a(log_output.c.obj)
 .text.hexdump_print
                0x00001c1c       0x54 zephyr/libzephyr.a(log_output.c.obj)
 .text.raw_string_print
                0x00001c70       0x5c zephyr/libzephyr.a(log_output.c.obj)
 .text.log_output_dropped_process
                0x00001ccc       0x58 zephyr/libzephyr.a(log_output.c.obj)
                0x00001ccc                log_output_dropped_process
 .text.log_output_timestamp_freq_set
                0x00001d24       0x2c zephyr/libzephyr.a(log_output.c.obj)
                0x00001d24                log_output_timestamp_freq_set
 .text.char_out
                0x00001d50       0x24 zephyr/libzephyr.a(log_backend_uart.c.obj)
 .text.log_backend_uart_init
                0x00001d74       0x10 zephyr/libzephyr.a(log_backend_uart.c.obj)
 .text.panic    0x00001d84       0x10 zephyr/libzephyr.a(log_backend_uart.c.obj)
 .text.dropped  0x00001d94       0x10 zephyr/libzephyr.a(log_backend_uart.c.obj)
 .text.put      0x00001da4       0x20 zephyr/libzephyr.a(log_backend_uart.c.obj)
 .text.log_backend_rtt_init
                0x00001dc4        0xc zephyr/libzephyr.a(log_backend_rtt.c.obj)
 .text.on_failed_write
                0x00001dd0       0x30 zephyr/libzephyr.a(log_backend_rtt.c.obj)
 .text.on_write
                0x00001e00       0x38 zephyr/libzephyr.a(log_backend_rtt.c.obj)
 .text.data_out_block_mode
                0x00001e38       0x88 zephyr/libzephyr.a(log_backend_rtt.c.obj)
 .text.panic    0x00001ec0       0x18 zephyr/libzephyr.a(log_backend_rtt.c.obj)
 .text.dropped  0x00001ed8       0x10 zephyr/libzephyr.a(log_backend_rtt.c.obj)
 .text.put      0x00001ee8       0x20 zephyr/libzephyr.a(log_backend_rtt.c.obj)
 .text.usb_set_alt_setting
                0x00001f08       0x18 zephyr/libzephyr.a(usb_device.c.obj)
 .text.usb_get_alt_setting
                0x00001f20       0x18 zephyr/libzephyr.a(usb_device.c.obj)
 .text.usb_handle_request
                0x00001f38       0x28 zephyr/libzephyr.a(usb_device.c.obj)
 .text.usb_register_request_handler
                0x00001f60       0x10 zephyr/libzephyr.a(usb_device.c.obj)
 .text.usb_register_descriptors
                0x00001f70        0xc zephyr/libzephyr.a(usb_device.c.obj)
 .text.usb_get_descriptor
                0x00001f7c       0x5c zephyr/libzephyr.a(usb_device.c.obj)
 .text.usb_get_interface
                0x00001fd8       0x3c zephyr/libzephyr.a(usb_device.c.obj)
 .text.is_device_configured
                0x00002014       0x14 zephyr/libzephyr.a(usb_device.c.obj)
 .text.is_interface_valid
                0x00002028       0x24 zephyr/libzephyr.a(usb_device.c.obj)
 .text.is_ep_valid
                0x0000204c       0x68 zephyr/libzephyr.a(usb_device.c.obj)
 .text.usb_register_custom_req_handler
                0x000020b4        0xc zephyr/libzephyr.a(usb_device.c.obj)
 .text.usb_register_status_callback
                0x000020c0        0xc zephyr/libzephyr.a(usb_device.c.obj)
 .text.foreach_ep
                0x000020cc       0x64 zephyr/libzephyr.a(usb_device.c.obj)
 .text.class_handler
                0x00002130       0x60 zephyr/libzephyr.a(usb_device.c.obj)
 .text.custom_handler
                0x00002190       0x80 zephyr/libzephyr.a(usb_device.c.obj)
 .text.vendor_handler
                0x00002210       0x58 zephyr/libzephyr.a(usb_device.c.obj)
 .text.usb_halt_endpoint_req
                0x00002268       0x60 zephyr/libzephyr.a(usb_device.c.obj)
 .text.set_endpoint
                0x000022c8       0xac zephyr/libzephyr.a(usb_device.c.obj)
 .text.usb_reset_alt_setting
                0x00002374       0x14 zephyr/libzephyr.a(usb_device.c.obj)
 .text.usb_set_configuration
                0x00002388       0x9c zephyr/libzephyr.a(usb_device.c.obj)
 .text.usb_handle_std_device_req
                0x00002424       0x5c zephyr/libzephyr.a(usb_device.c.obj)
 .text.reset_endpoint
                0x00002480       0x54 zephyr/libzephyr.a(usb_device.c.obj)
 .text.usb_set_interface
                0x000024d4       0x78 zephyr/libzephyr.a(usb_device.c.obj)
 .text.usb_handle_standard_request
                0x0000254c       0x70 zephyr/libzephyr.a(usb_device.c.obj)
 .text.composite_setup_ep_cb
                0x000025bc       0x64 zephyr/libzephyr.a(usb_device.c.obj)
 .text.forward_status_cb
                0x00002620       0x8c zephyr/libzephyr.a(usb_device.c.obj)
 .text.usb_data_to_host
                0x000026ac       0x58 zephyr/libzephyr.a(usb_device.c.obj)
 .text.usb_handle_control_transfer
                0x00002704      0x168 zephyr/libzephyr.a(usb_device.c.obj)
 .text.usb_set_config
                0x0000286c       0x38 zephyr/libzephyr.a(usb_device.c.obj)
                0x0000286c                usb_set_config
 .text.usb_device_init
                0x000028a4       0x54 zephyr/libzephyr.a(usb_device.c.obj)
 .text.usb_enable
                0x000028f8       0xd4 zephyr/libzephyr.a(usb_device.c.obj)
                0x000028f8                usb_enable
 .text.usb_get_cfg_data
                0x000029cc       0x48 zephyr/libzephyr.a(usb_descriptor.c.obj)
 .text.usb_update_sn_string_descriptor
                0x00002a14       0x7c zephyr/libzephyr.a(usb_descriptor.c.obj)
                0x00002a14                usb_update_sn_string_descriptor
 .text.usb_fix_ascii_sn_string_descriptor
                0x00002a90       0x60 zephyr/libzephyr.a(usb_descriptor.c.obj)
 .text.usb_fix_descriptor
                0x00002af0      0x174 zephyr/libzephyr.a(usb_descriptor.c.obj)
 .text.usb_get_device_descriptor
                0x00002c64       0x44 zephyr/libzephyr.a(usb_descriptor.c.obj)
                0x00002c64                usb_get_device_descriptor
 .text.usb_ep_get_transfer
                0x00002ca8       0x2c zephyr/libzephyr.a(usb_transfer.c.obj)
 .text.usb_transfer_work
                0x00002cd4      0x18c zephyr/libzephyr.a(usb_transfer.c.obj)
 .text.usb_transfer_ep_callback
                0x00002e60       0x84 zephyr/libzephyr.a(usb_transfer.c.obj)
                0x00002e60                usb_transfer_ep_callback
 .text.usb_transfer
                0x00002ee4      0x13c zephyr/libzephyr.a(usb_transfer.c.obj)
                0x00002ee4                usb_transfer
 .text.usb_cancel_transfer
                0x00003020       0x40 zephyr/libzephyr.a(usb_transfer.c.obj)
                0x00003020                usb_cancel_transfer
 .text.usb_cancel_transfers
                0x00003060       0x58 zephyr/libzephyr.a(usb_transfer.c.obj)
                0x00003060                usb_cancel_transfers
 .text.usb_transfer_init
                0x000030b8       0x3c zephyr/libzephyr.a(usb_transfer.c.obj)
                0x000030b8                usb_transfer_init
 .text.cdc_acm_class_handle_req
                0x000030f4       0x94 zephyr/libzephyr.a(cdc_acm.c.obj)
                0x000030f4                cdc_acm_class_handle_req
 .text.cdc_acm_int_in
                0x00003188       0x4c zephyr/libzephyr.a(cdc_acm.c.obj)
 .text.cdc_acm_irq_rx_enable
                0x000031d4       0x24 zephyr/libzephyr.a(cdc_acm.c.obj)
 .text.cdc_acm_irq_tx_enable
                0x000031f8       0x24 zephyr/libzephyr.a(cdc_acm.c.obj)
 .text.cdc_acm_reset_port
                0x0000321c       0x44 zephyr/libzephyr.a(cdc_acm.c.obj)
 .text.cdc_acm_fifo_fill
                0x00003260       0x90 zephyr/libzephyr.a(cdc_acm.c.obj)
 .text.cdc_acm_read_cb
                0x000032f0       0x88 zephyr/libzephyr.a(cdc_acm.c.obj)
 .text.cdc_acm_do_cb
                0x00003378      0x158 zephyr/libzephyr.a(cdc_acm.c.obj)
 .text.cdc_acm_dev_status_cb
                0x000034d0       0x54 zephyr/libzephyr.a(cdc_acm.c.obj)
 .text.cdc_acm_send_notification
                0x00003524       0x60 zephyr/libzephyr.a(cdc_acm.c.obj)
 .text.cdc_acm_poll_out
                0x00003584       0xd0 zephyr/libzephyr.a(cdc_acm.c.obj)
 .text.cdc_acm_write_cb
                0x00003654       0x3c zephyr/libzephyr.a(cdc_acm.c.obj)
 .text.cdc_acm_init
                0x00003690       0x4c zephyr/libzephyr.a(cdc_acm.c.obj)
 .text.tx_work_handler
                0x000036dc       0x58 zephyr/libzephyr.a(cdc_acm.c.obj)
 .text.z_usb_work_q_init
                0x00003734       0x34 zephyr/libzephyr.a(usb_work_q.c.obj)
 .text.pm_system_resume
                0x00003768       0x80 zephyr/libzephyr.a(power.c.obj)
                0x00003768                pm_system_resume
 .text.pm_system_suspend
                0x000037e8       0xc8 zephyr/libzephyr.a(power.c.obj)
                0x000037e8                pm_system_suspend
 .text.nrf_cc3xx_platform_abort_init
                0x000038b0       0x10 zephyr/libzephyr.a(nrf_cc3xx_platform_abort_zephyr.c.obj)
                0x000038b0                nrf_cc3xx_platform_abort_init
 .text.mutex_unlock_platform
                0x000038c0       0x50 zephyr/libzephyr.a(nrf_cc3xx_platform_mutex_zephyr.c.obj)
 .text.mutex_lock_platform
                0x00003910       0x5c zephyr/libzephyr.a(nrf_cc3xx_platform_mutex_zephyr.c.obj)
 .text.mutex_free_platform
                0x0000396c       0x4c zephyr/libzephyr.a(nrf_cc3xx_platform_mutex_zephyr.c.obj)
 .text.mutex_init_platform
                0x000039b8       0x74 zephyr/libzephyr.a(nrf_cc3xx_platform_mutex_zephyr.c.obj)
 .text.nrf_cc3xx_platform_mutex_init
                0x00003a2c       0x28 zephyr/libzephyr.a(nrf_cc3xx_platform_mutex_zephyr.c.obj)
                0x00003a2c                nrf_cc3xx_platform_mutex_init
 .text.z_arm_cpu_idle_init
                0x00003a54        0xc zephyr/arch/arch/arm/core/aarch32/libarch__arm__core__aarch32.a(cpu_idle.S.obj)
                0x00003a54                z_arm_cpu_idle_init
 .text.arch_cpu_idle
                0x00003a60       0x1c zephyr/arch/arch/arm/core/aarch32/libarch__arm__core__aarch32.a(cpu_idle.S.obj)
                0x00003a60                arch_cpu_idle
 .text.arch_cpu_atomic_idle
                0x00003a7c       0x14 zephyr/arch/arch/arm/core/aarch32/libarch__arm__core__aarch32.a(cpu_idle.S.obj)
                0x00003a7c                arch_cpu_atomic_idle
 .text.esf_dump
                0x00003a90       0x9c zephyr/arch/arch/arm/core/aarch32/libarch__arm__core__aarch32.a(fatal.c.obj)
 .text.arch_irq_enable
                0x00003b2c       0x20 zephyr/arch/arch/arm/core/aarch32/libarch__arm__core__aarch32.a(irq_manage.c.obj)
                0x00003b2c                arch_irq_enable
 .text.arch_irq_disable
                0x00003b4c       0x28 zephyr/arch/arch/arm/core/aarch32/libarch__arm__core__aarch32.a(irq_manage.c.obj)
                0x00003b4c                arch_irq_disable
 .text.arch_irq_is_enabled
                0x00003b74       0x1c zephyr/arch/arch/arm/core/aarch32/libarch__arm__core__aarch32.a(irq_manage.c.obj)
                0x00003b74                arch_irq_is_enabled
 .text.z_arm_irq_priority_set
                0x00003b90       0x2c zephyr/arch/arch/arm/core/aarch32/libarch__arm__core__aarch32.a(irq_manage.c.obj)
                0x00003b90                z_arm_irq_priority_set
 .text.z_SysNmiOnReset
                0x00003bbc        0x8 zephyr/arch/arch/arm/core/aarch32/libarch__arm__core__aarch32.a(nmi_on_reset.S.obj)
                0x00003bbc                z_SysNmiOnReset
 .text.z_arm_prep_c
                0x00003bc4       0x38 zephyr/arch/arch/arm/core/aarch32/libarch__arm__core__aarch32.a(prep_c.c.obj)
                0x00003bc4                z_arm_prep_c
 .text.arch_swap
                0x00003bfc       0x38 zephyr/arch/arch/arm/core/aarch32/libarch__arm__core__aarch32.a(swap.c.obj)
                0x00003bfc                arch_swap
 .text.z_arm_pendsv
                0x00003c34       0x58 zephyr/arch/arch/arm/core/aarch32/libarch__arm__core__aarch32.a(swap_helper.S.obj)
                0x00003c34                z_arm_pendsv
 .text.z_arm_svc
                0x00003c8c       0x20 zephyr/arch/arch/arm/core/aarch32/libarch__arm__core__aarch32.a(swap_helper.S.obj)
                0x00003c8c                z_arm_svc
 .text.arch_new_thread
                0x00003cac       0x40 zephyr/arch/arch/arm/core/aarch32/libarch__arm__core__aarch32.a(thread.c.obj)
                0x00003cac                arch_new_thread
 .text.z_check_thread_stack_fail
                0x00003cec       0x60 zephyr/arch/arch/arm/core/aarch32/libarch__arm__core__aarch32.a(thread.c.obj)
                0x00003cec                z_check_thread_stack_fail
 .text.arch_switch_to_main_thread
                0x00003d4c       0x2c zephyr/arch/arch/arm/core/aarch32/libarch__arm__core__aarch32.a(thread.c.obj)
                0x00003d4c                arch_switch_to_main_thread
 .text._isr_wrapper
                0x00003d78       0x40 zephyr/arch/arch/arm/core/aarch32/libarch__arm__core__aarch32.a(isr_wrapper.S.obj)
                0x00003d78                _isr_wrapper
 .text._HandlerModeExit
                0x00003db8       0x1c zephyr/arch/arch/arm/core/aarch32/cortex_m/libarch__arm__core__aarch32__cortex_m.a(exc_exit.S.obj)
                0x00003db8                z_arm_int_exit
                0x00003db8                z_arm_exc_exit
 .text.usage_fault
                0x00003dd4      0x164 zephyr/arch/arch/arm/core/aarch32/cortex_m/libarch__arm__core__aarch32__cortex_m.a(fault.c.obj)
 .text.debug_monitor
                0x00003f38       0x34 zephyr/arch/arch/arm/core/aarch32/cortex_m/libarch__arm__core__aarch32__cortex_m.a(fault.c.obj)
 .text.bus_fault
                0x00003f6c      0x1b0 zephyr/arch/arch/arm/core/aarch32/cortex_m/libarch__arm__core__aarch32__cortex_m.a(fault.c.obj)
 .text.mem_manage_fault
                0x0000411c      0x1c4 zephyr/arch/arch/arm/core/aarch32/cortex_m/libarch__arm__core__aarch32__cortex_m.a(fault.c.obj)
 .text.hard_fault
                0x000042e0      0x14c zephyr/arch/arch/arm/core/aarch32/cortex_m/libarch__arm__core__aarch32__cortex_m.a(fault.c.obj)
 .text.reserved_exception
                0x0000442c       0x48 zephyr/arch/arch/arm/core/aarch32/cortex_m/libarch__arm__core__aarch32__cortex_m.a(fault.c.obj)
 .text.z_arm_fault
                0x00004474       0xc4 zephyr/arch/arch/arm/core/aarch32/cortex_m/libarch__arm__core__aarch32__cortex_m.a(fault.c.obj)
                0x00004474                z_arm_fault
 .text.z_arm_fault_init
                0x00004538       0x10 zephyr/arch/arch/arm/core/aarch32/cortex_m/libarch__arm__core__aarch32__cortex_m.a(fault.c.obj)
                0x00004538                z_arm_fault_init
 .text.__fault  0x00004548       0x14 zephyr/arch/arch/arm/core/aarch32/cortex_m/libarch__arm__core__aarch32__cortex_m.a(fault_s.S.obj)
                0x00004548                z_arm_usage_fault
                0x00004548                z_arm_mpu_fault
                0x00004548                z_arm_exc_spurious
                0x00004548                z_arm_debug_monitor
                0x00004548                z_arm_hard_fault
                0x00004548                z_arm_bus_fault
 .text.z_arm_interrupt_init
                0x0000455c       0x34 zephyr/arch/arch/arm/core/aarch32/cortex_m/libarch__arm__core__aarch32__cortex_m.a(irq_init.c.obj)
                0x0000455c                z_arm_interrupt_init
 .text._reset_section
                0x00004590       0x54 zephyr/arch/arch/arm/core/aarch32/cortex_m/libarch__arm__core__aarch32__cortex_m.a(reset.S.obj)
                0x00004590                __start
                0x00004590                z_arm_reset
 .text.z_arm_clear_arm_mpu_config
                0x000045e4       0x20 zephyr/arch/arch/arm/core/aarch32/cortex_m/libarch__arm__core__aarch32__cortex_m.a(scb.c.obj)
                0x000045e4                z_arm_clear_arm_mpu_config
 .text.z_arm_init_arch_hw_at_boot
                0x00004604       0x54 zephyr/arch/arch/arm/core/aarch32/cortex_m/libarch__arm__core__aarch32__cortex_m.a(scb.c.obj)
                0x00004604                z_arm_init_arch_hw_at_boot
 .text.z_impl_k_thread_abort
                0x00004658       0x2c zephyr/arch/arch/arm/core/aarch32/cortex_m/libarch__arm__core__aarch32__cortex_m.a(thread_abort.c.obj)
                0x00004658                z_impl_k_thread_abort
 .text.z_arm_configure_static_mpu_regions
                0x00004684       0x1c zephyr/arch/arch/arm/core/aarch32/mpu/libarch__arm__core__aarch32__mpu.a(arm_core_mpu.c.obj)
                0x00004684                z_arm_configure_static_mpu_regions
 .text.z_arm_configure_dynamic_mpu_regions
                0x000046a0       0x24 zephyr/arch/arch/arm/core/aarch32/mpu/libarch__arm__core__aarch32__mpu.a(arm_core_mpu.c.obj)
                0x000046a0                z_arm_configure_dynamic_mpu_regions
 .text.region_init
                0x000046c4       0x20 zephyr/arch/arch/arm/core/aarch32/mpu/libarch__arm__core__aarch32__mpu.a(arm_mpu.c.obj)
 .text.region_allocate_and_init
                0x000046e4       0x44 zephyr/arch/arch/arm/core/aarch32/mpu/libarch__arm__core__aarch32__mpu.a(arm_mpu.c.obj)
 .text.mpu_configure_regions
                0x00004728       0x80 zephyr/arch/arch/arm/core/aarch32/mpu/libarch__arm__core__aarch32__mpu.a(arm_mpu.c.obj)
 .text.mpu_configure_static_mpu_regions
                0x000047a8       0x14 zephyr/arch/arch/arm/core/aarch32/mpu/libarch__arm__core__aarch32__mpu.a(arm_mpu.c.obj)
 .text.mpu_configure_dynamic_mpu_regions
                0x000047bc       0x30 zephyr/arch/arch/arm/core/aarch32/mpu/libarch__arm__core__aarch32__mpu.a(arm_mpu.c.obj)
 .text.arm_core_mpu_enable
                0x000047ec       0x14 zephyr/arch/arch/arm/core/aarch32/mpu/libarch__arm__core__aarch32__mpu.a(arm_mpu.c.obj)
                0x000047ec                arm_core_mpu_enable
 .text.arm_core_mpu_disable
                0x00004800       0x10 zephyr/arch/arch/arm/core/aarch32/mpu/libarch__arm__core__aarch32__mpu.a(arm_mpu.c.obj)
                0x00004800                arm_core_mpu_disable
 .text.z_arm_mpu_init
                0x00004810       0x44 zephyr/arch/arch/arm/core/aarch32/mpu/libarch__arm__core__aarch32__mpu.a(arm_mpu.c.obj)
                0x00004810                z_arm_mpu_init
 .text.__stdout_hook_install
                0x00004854        0xc zephyr/lib/libc/minimal/liblib__libc__minimal.a(stdout_console.c.obj)
                0x00004854                __stdout_hook_install
 .text.nordicsemi_nrf52_init
                0x00004860       0x30 zephyr/soc/arm/nordic_nrf/nrf52/libsoc__arm__nordic_nrf__nrf52.a(soc.c.obj)
 .text.sys_arch_reboot
                0x00004890       0x2c zephyr/soc/arm/nordic_nrf/nrf52/libsoc__arm__nordic_nrf__nrf52.a(soc.c.obj)
                0x00004890                sys_arch_reboot
 .text.arch_busy_wait
                0x000048bc       0x18 zephyr/soc/arm/nordic_nrf/nrf52/libsoc__arm__nordic_nrf__nrf52.a(soc.c.obj)
                0x000048bc                arch_busy_wait
 .text.endpoint_ctx
                0x000048d4       0x68 zephyr/drivers/usb/device/libdrivers__usb__device.a(usb_dc_nrfx.c.obj)
 .text.eps_ctx_init
                0x0000493c       0x64 zephyr/drivers/usb/device/libdrivers__usb__device.a(usb_dc_nrfx.c.obj)
 .text.usb_init
                0x000049a0       0x4c zephyr/drivers/usb/device/libdrivers__usb__device.a(usb_dc_nrfx.c.obj)
 .text.submit_dc_power_event
                0x000049ec       0xec zephyr/drivers/usb/device/libdrivers__usb__device.a(usb_dc_nrfx.c.obj)
 .text.usb_dc_power_event_handler
                0x00004ad8       0x48 zephyr/drivers/usb/device/libdrivers__usb__device.a(usb_dc_nrfx.c.obj)
 .text.usbd_sof_trigger_iso_read
                0x00004b20      0x140 zephyr/drivers/usb/device/libdrivers__usb__device.a(usb_dc_nrfx.c.obj)
 .text.usbd_work_handler
                0x00004c60      0x3ac zephyr/drivers/usb/device/libdrivers__usb__device.a(usb_dc_nrfx.c.obj)
 .text.usbd_event_transfer_ctrl
                0x0000500c      0x330 zephyr/drivers/usb/device/libdrivers__usb__device.a(usb_dc_nrfx.c.obj)
 .text.usbd_event_transfer_data
                0x0000533c      0x32c zephyr/drivers/usb/device/libdrivers__usb__device.a(usb_dc_nrfx.c.obj)
 .text.usbd_event_handler
                0x00005668      0x198 zephyr/drivers/usb/device/libdrivers__usb__device.a(usb_dc_nrfx.c.obj)
 .text.usb_dc_attach
                0x00005800       0x90 zephyr/drivers/usb/device/libdrivers__usb__device.a(usb_dc_nrfx.c.obj)
                0x00005800                usb_dc_attach
 .text.usb_dc_set_address
                0x00005890       0x24 zephyr/drivers/usb/device/libdrivers__usb__device.a(usb_dc_nrfx.c.obj)
                0x00005890                usb_dc_set_address
 .text.usb_dc_ep_check_cap
                0x000058b4       0x88 zephyr/drivers/usb/device/libdrivers__usb__device.a(usb_dc_nrfx.c.obj)
                0x000058b4                usb_dc_ep_check_cap
 .text.usb_dc_ep_configure
                0x0000593c       0x7c zephyr/drivers/usb/device/libdrivers__usb__device.a(usb_dc_nrfx.c.obj)
                0x0000593c                usb_dc_ep_configure
 .text.usb_dc_ep_set_stall
                0x000059b8       0x8c zephyr/drivers/usb/device/libdrivers__usb__device.a(usb_dc_nrfx.c.obj)
                0x000059b8                usb_dc_ep_set_stall
 .text.usb_dc_ep_clear_stall
                0x00005a44       0x4c zephyr/drivers/usb/device/libdrivers__usb__device.a(usb_dc_nrfx.c.obj)
                0x00005a44                usb_dc_ep_clear_stall
 .text.usb_dc_ep_is_stalled
                0x00005a90       0x48 zephyr/drivers/usb/device/libdrivers__usb__device.a(usb_dc_nrfx.c.obj)
                0x00005a90                usb_dc_ep_is_stalled
 .text.usb_dc_ep_enable
                0x00005ad8       0x5c zephyr/drivers/usb/device/libdrivers__usb__device.a(usb_dc_nrfx.c.obj)
                0x00005ad8                usb_dc_ep_enable
 .text.usb_dc_ep_disable
                0x00005b34       0x54 zephyr/drivers/usb/device/libdrivers__usb__device.a(usb_dc_nrfx.c.obj)
                0x00005b34                usb_dc_ep_disable
 .text.usb_dc_ep_write
                0x00005b88      0x160 zephyr/drivers/usb/device/libdrivers__usb__device.a(usb_dc_nrfx.c.obj)
                0x00005b88                usb_dc_ep_write
 .text.usb_dc_ep_read_wait
                0x00005ce8       0xf4 zephyr/drivers/usb/device/libdrivers__usb__device.a(usb_dc_nrfx.c.obj)
                0x00005ce8                usb_dc_ep_read_wait
 .text.usb_dc_ep_read_continue
                0x00005ddc      0x190 zephyr/drivers/usb/device/libdrivers__usb__device.a(usb_dc_nrfx.c.obj)
                0x00005ddc                usb_dc_ep_read_continue
 .text.usb_dc_ep_set_callback
                0x00005f6c       0x28 zephyr/drivers/usb/device/libdrivers__usb__device.a(usb_dc_nrfx.c.obj)
                0x00005f6c                usb_dc_ep_set_callback
 .text.usb_dc_set_status_callback
                0x00005f94        0xc zephyr/drivers/usb/device/libdrivers__usb__device.a(usb_dc_nrfx.c.obj)
                0x00005f94                usb_dc_set_status_callback
 .text.usb_dc_ep_mps
                0x00005fa0       0x24 zephyr/drivers/usb/device/libdrivers__usb__device.a(usb_dc_nrfx.c.obj)
                0x00005fa0                usb_dc_ep_mps
 .text.get_hf_flags
                0x00005fc4        0x8 zephyr/drivers/clock_control/libdrivers__clock_control.a(clock_control_nrf.c.obj)
 .text.get_subsys
                0x00005fcc       0x18 zephyr/drivers/clock_control/libdrivers__clock_control.a(clock_control_nrf.c.obj)
 .text.onoff_stop
                0x00005fe4       0x20 zephyr/drivers/clock_control/libdrivers__clock_control.a(clock_control_nrf.c.obj)
 .text.onoff_start
                0x00006004       0x34 zephyr/drivers/clock_control/libdrivers__clock_control.a(clock_control_nrf.c.obj)
 .text.clock_event_handler
                0x00006038       0x34 zephyr/drivers/clock_control/libdrivers__clock_control.a(clock_control_nrf.c.obj)
 .text.generic_hfclk_start
                0x0000606c       0x68 zephyr/drivers/clock_control/libdrivers__clock_control.a(clock_control_nrf.c.obj)
 .text.generic_hfclk_stop
                0x000060d4       0x30 zephyr/drivers/clock_control/libdrivers__clock_control.a(clock_control_nrf.c.obj)
 .text.api_blocking_start
                0x00006104       0x38 zephyr/drivers/clock_control/libdrivers__clock_control.a(clock_control_nrf.c.obj)
 .text.clk_init
                0x0000613c       0x68 zephyr/drivers/clock_control/libdrivers__clock_control.a(clock_control_nrf.c.obj)
 .text.lfclk_spinwait
                0x000061a4       0xe8 zephyr/drivers/clock_control/libdrivers__clock_control.a(clock_control_nrf.c.obj)
 .text.z_nrf_clock_control_get_onoff
                0x0000628c       0x10 zephyr/drivers/clock_control/libdrivers__clock_control.a(clock_control_nrf.c.obj)
                0x0000628c                z_nrf_clock_control_get_onoff
 .text.z_nrf_clock_control_lf_on
                0x0000629c       0x54 zephyr/drivers/clock_control/libdrivers__clock_control.a(clock_control_nrf.c.obj)
                0x0000629c                z_nrf_clock_control_lf_on
 .text.console_out
                0x000062f0       0x2c zephyr/drivers/console/libdrivers__console.a(uart_console.c.obj)
 .text.uart_console_hook_install
                0x0000631c       0x18 zephyr/drivers/console/libdrivers__console.a(uart_console.c.obj)
 .text.uart_console_init
                0x00006334       0x24 zephyr/drivers/console/libdrivers__console.a(uart_console.c.obj)
 .text.gpio_nrfx_config
                0x00006358       0xf4 zephyr/drivers/gpio/libdrivers__gpio.a(gpio_nrfx.c.obj)
 .text.cfg_level_pins
                0x0000644c       0x74 zephyr/drivers/gpio/libdrivers__gpio.a(gpio_nrfx.c.obj)
 .text.check_level_trigger_pins
                0x000064c0       0xa4 zephyr/drivers/gpio/libdrivers__gpio.a(gpio_nrfx.c.obj)
 .text.gpiote_pin_cleanup
                0x00006564       0x58 zephyr/drivers/gpio/libdrivers__gpio.a(gpio_nrfx.c.obj)
 .text.gpiote_channel_alloc
                0x000065bc       0x8c zephyr/drivers/gpio/libdrivers__gpio.a(gpio_nrfx.c.obj)
 .text.gpiote_pin_int_cfg
                0x00006648       0xa8 zephyr/drivers/gpio/libdrivers__gpio.a(gpio_nrfx.c.obj)
 .text.gpio_nrfx_pin_interrupt_configure
                0x000066f0       0xb8 zephyr/drivers/gpio/libdrivers__gpio.a(gpio_nrfx.c.obj)
 .text.gpio_nrfx_init
                0x000067a8       0x38 zephyr/drivers/gpio/libdrivers__gpio.a(gpio_nrfx.c.obj)
 .text.gpiote_event_handler
                0x000067e0      0x140 zephyr/drivers/gpio/libdrivers__gpio.a(gpio_nrfx.c.obj)
 .text.baudrate_set
                0x00006920      0x150 zephyr/drivers/serial/libdrivers__serial.a(uart_nrfx_uarte.c.obj)
 .text.uarte_nrfx_poll_out
                0x00006a70       0x70 zephyr/drivers/serial/libdrivers__serial.a(uart_nrfx_uarte.c.obj)
 .text.endtx_stoptx_ppi_init
                0x00006ae0       0x74 zephyr/drivers/serial/libdrivers__serial.a(uart_nrfx_uarte.c.obj)
 .text.uarte_instance_init
                0x00006b54      0x178 zephyr/drivers/serial/libdrivers__serial.a(uart_nrfx_uarte.c.obj)
 .text.set_comparator
                0x00006ccc       0x14 zephyr/drivers/timer/libdrivers__timer.a(nrf_rtc_timer.c.obj)
 .text.get_comparator
                0x00006ce0       0x10 zephyr/drivers/timer/libdrivers__timer.a(nrf_rtc_timer.c.obj)
 .text.event_enable
                0x00006cf0       0x14 zephyr/drivers/timer/libdrivers__timer.a(nrf_rtc_timer.c.obj)
 .text.event_disable
                0x00006d04       0x14 zephyr/drivers/timer/libdrivers__timer.a(nrf_rtc_timer.c.obj)
 .text.counter  0x00006d18        0xc zephyr/drivers/timer/libdrivers__timer.a(nrf_rtc_timer.c.obj)
 .text.compare_int_lock
                0x00006d24       0x50 zephyr/drivers/timer/libdrivers__timer.a(nrf_rtc_timer.c.obj)
 .text.channel_processing_check_and_clear
                0x00006d74       0x78 zephyr/drivers/timer/libdrivers__timer.a(nrf_rtc_timer.c.obj)
 .text.compare_int_unlock
                0x00006dec       0x60 zephyr/drivers/timer/libdrivers__timer.a(nrf_rtc_timer.c.obj)
 .text.sys_clock_timeout_handler
                0x00006e4c       0x74 zephyr/drivers/timer/libdrivers__timer.a(nrf_rtc_timer.c.obj)
 .text.z_nrf_rtc_timer_read
                0x00006ec0       0x40 zephyr/drivers/timer/libdrivers__timer.a(nrf_rtc_timer.c.obj)
                0x00006ec0                z_nrf_rtc_timer_read
 .text.compare_set_nolocks
                0x00006f00       0xa4 zephyr/drivers/timer/libdrivers__timer.a(nrf_rtc_timer.c.obj)
 .text.process_channel
                0x00006fa4       0x74 zephyr/drivers/timer/libdrivers__timer.a(nrf_rtc_timer.c.obj)
 .text.rtc_nrf_isr
                0x00007018       0x44 zephyr/drivers/timer/libdrivers__timer.a(nrf_rtc_timer.c.obj)
                0x00007018                rtc_nrf_isr
 .text.sys_clock_driver_init
                0x0000705c       0xa0 zephyr/drivers/timer/libdrivers__timer.a(nrf_rtc_timer.c.obj)
                0x0000705c                sys_clock_driver_init
 .text.sys_clock_set_timeout
                0x000070fc       0x68 zephyr/drivers/timer/libdrivers__timer.a(nrf_rtc_timer.c.obj)
                0x000070fc                sys_clock_set_timeout
 .text.sys_clock_elapsed
                0x00007164       0x14 zephyr/drivers/timer/libdrivers__timer.a(nrf_rtc_timer.c.obj)
                0x00007164                sys_clock_elapsed
 .text.k_sys_fatal_error_handler
                0x00007178       0x38 modules/nrf/lib/fatal_error/lib..__nrf__lib__fatal_error.a(fatal_error.c.obj)
                0x00007178                k_sys_fatal_error_handler
 .text.nrf52_errata_36
                0x000071b0       0x14 modules/hal_nordic/nrfx/libmodules__hal_nordic__nrfx.a(system_nrf52840.c.obj)
 .text.nrf52_errata_66
                0x000071c4       0x14 modules/hal_nordic/nrfx/libmodules__hal_nordic__nrfx.a(system_nrf52840.c.obj)
 .text.nrf52_errata_98
                0x000071d8       0x28 modules/hal_nordic/nrfx/libmodules__hal_nordic__nrfx.a(system_nrf52840.c.obj)
 .text.nrf52_errata_103
                0x00007200       0x28 modules/hal_nordic/nrfx/libmodules__hal_nordic__nrfx.a(system_nrf52840.c.obj)
 .text.nrf52_errata_115
                0x00007228       0x28 modules/hal_nordic/nrfx/libmodules__hal_nordic__nrfx.a(system_nrf52840.c.obj)
 .text.nrf52_errata_120
                0x00007250       0x28 modules/hal_nordic/nrfx/libmodules__hal_nordic__nrfx.a(system_nrf52840.c.obj)
 .text.nrf52_errata_136
                0x00007278       0x14 modules/hal_nordic/nrfx/libmodules__hal_nordic__nrfx.a(system_nrf52840.c.obj)
 .text.nrf52_errata_249
                0x0000728c       0x24 modules/hal_nordic/nrfx/libmodules__hal_nordic__nrfx.a(system_nrf52840.c.obj)
 .text.nvmc_wait
                0x000072b0       0x10 modules/hal_nordic/nrfx/libmodules__hal_nordic__nrfx.a(system_nrf52840.c.obj)
                0x000072b0                nvmc_wait
 .text.nvmc_config
                0x000072c0       0x14 modules/hal_nordic/nrfx/libmodules__hal_nordic__nrfx.a(system_nrf52840.c.obj)
                0x000072c0                nvmc_config
 .text.SystemCoreClockUpdate
                0x000072d4       0x10 modules/hal_nordic/nrfx/libmodules__hal_nordic__nrfx.a(system_nrf52840.c.obj)
                0x000072d4                SystemCoreClockUpdate
 .text.SystemInit
                0x000072e4      0x1a8 modules/hal_nordic/nrfx/libmodules__hal_nordic__nrfx.a(system_nrf52840.c.obj)
                0x000072e4                SystemInit
 .text.nrfx_clock_init
                0x0000748c       0x28 modules/hal_nordic/nrfx/libmodules__hal_nordic__nrfx.a(nrfx_clock.c.obj)
                0x0000748c                nrfx_clock_init
 .text.nrfx_clock_enable
                0x000074b4       0x1c modules/hal_nordic/nrfx/libmodules__hal_nordic__nrfx.a(nrfx_clock.c.obj)
                0x000074b4                nrfx_clock_enable
 .text.nrfx_clock_start
                0x000074d0       0x70 modules/hal_nordic/nrfx/libmodules__hal_nordic__nrfx.a(nrfx_clock.c.obj)
                0x000074d0                nrfx_clock_start
 .text.nrfx_clock_stop
                0x00007540      0x118 modules/hal_nordic/nrfx/libmodules__hal_nordic__nrfx.a(nrfx_clock.c.obj)
                0x00007540                nrfx_clock_stop
 .text.nrfx_clock_irq_handler
                0x00007658       0x7c modules/hal_nordic/nrfx/libmodules__hal_nordic__nrfx.a(nrfx_clock.c.obj)
                0x00007658                nrfx_clock_irq_handler
 .text.is_allocated_channel
                0x000076d4       0x18 modules/hal_nordic/nrfx/libmodules__hal_nordic__nrfx.a(nrfx_gpiote.c.obj)
 .text.channel_allocated_set
                0x000076ec       0x14 modules/hal_nordic/nrfx/libmodules__hal_nordic__nrfx.a(nrfx_gpiote.c.obj)
 .text.channel_allocated_clr
                0x00007700       0x18 modules/hal_nordic/nrfx/libmodules__hal_nordic__nrfx.a(nrfx_gpiote.c.obj)
 .text.nrfx_gpiote_channel_free
                0x00007718       0x38 modules/hal_nordic/nrfx/libmodules__hal_nordic__nrfx.a(nrfx_gpiote.c.obj)
                0x00007718                nrfx_gpiote_channel_free
 .text.nrfx_gpiote_channel_alloc
                0x00007750       0x70 modules/hal_nordic/nrfx/libmodules__hal_nordic__nrfx.a(nrfx_gpiote.c.obj)
                0x00007750                nrfx_gpiote_channel_alloc
 .text.nrf52_errata_197
                0x000077c0       0x24 modules/hal_nordic/nrfx/libmodules__hal_nordic__nrfx.a(nrfx_power.c.obj)
 .text.nrfx_power_init
                0x000077e4       0x74 modules/hal_nordic/nrfx/libmodules__hal_nordic__nrfx.a(nrfx_power.c.obj)
                0x000077e4                nrfx_power_init
 .text.nrfx_power_usbevt_uninit
                0x00007858       0x14 modules/hal_nordic/nrfx/libmodules__hal_nordic__nrfx.a(nrfx_power.c.obj)
                0x00007858                nrfx_power_usbevt_uninit
 .text.nrfx_power_usbevt_init
                0x0000786c       0x18 modules/hal_nordic/nrfx/libmodules__hal_nordic__nrfx.a(nrfx_power.c.obj)
                0x0000786c                nrfx_power_usbevt_init
 .text.nrfx_power_irq_handler
                0x00007884       0xe4 modules/hal_nordic/nrfx/libmodules__hal_nordic__nrfx.a(nrfx_power.c.obj)
                0x00007884                nrfx_power_irq_handler
 .text.is_allocated_channel
                0x00007968       0x18 modules/hal_nordic/nrfx/libmodules__hal_nordic__nrfx.a(nrfx_ppi.c.obj)
 .text.channel_allocated_set
                0x00007980       0x14 modules/hal_nordic/nrfx/libmodules__hal_nordic__nrfx.a(nrfx_ppi.c.obj)
 .text.nrfx_ppi_channel_alloc
                0x00007994       0x6c modules/hal_nordic/nrfx/libmodules__hal_nordic__nrfx.a(nrfx_ppi.c.obj)
                0x00007994                nrfx_ppi_channel_alloc
 .text.nrf52_errata_166
                0x00007a00       0x14 modules/hal_nordic/nrfx/libmodules__hal_nordic__nrfx.a(nrfx_usbd.c.obj)
 .text.nrf52_errata_171
                0x00007a14       0x14 modules/hal_nordic/nrfx/libmodules__hal_nordic__nrfx.a(nrfx_usbd.c.obj)
 .text.nrf52_errata_187
                0x00007a28       0x28 modules/hal_nordic/nrfx/libmodules__hal_nordic__nrfx.a(nrfx_usbd.c.obj)
 .text.nrf52_errata_199
                0x00007a50       0x14 modules/hal_nordic/nrfx/libmodules__hal_nordic__nrfx.a(nrfx_usbd.c.obj)
 .text.ev_usbreset_handler
                0x00007a64       0x38 modules/hal_nordic/nrfx/libmodules__hal_nordic__nrfx.a(nrfx_usbd.c.obj)
 .text.ev_sof_handler
                0x00007a9c       0x60 modules/hal_nordic/nrfx/libmodules__hal_nordic__nrfx.a(nrfx_usbd.c.obj)
 .text.ev_usbevent_handler
                0x00007afc       0xa0 modules/hal_nordic/nrfx/libmodules__hal_nordic__nrfx.a(nrfx_usbd.c.obj)
 .text.usbd_enable
                0x00007b9c      0x130 modules/hal_nordic/nrfx/libmodules__hal_nordic__nrfx.a(nrfx_usbd.c.obj)
 .text.usbd_ep_data_handler
                0x00007ccc      0x1a0 modules/hal_nordic/nrfx/libmodules__hal_nordic__nrfx.a(nrfx_usbd.c.obj)
 .text.ev_setup_data_handler
                0x00007e6c       0x24 modules/hal_nordic/nrfx/libmodules__hal_nordic__nrfx.a(nrfx_usbd.c.obj)
 .text.ev_dma_epout8_handler
                0x00007e90       0x78 modules/hal_nordic/nrfx/libmodules__hal_nordic__nrfx.a(nrfx_usbd.c.obj)
 .text.ev_dma_epin8_handler
                0x00007f08       0x94 modules/hal_nordic/nrfx/libmodules__hal_nordic__nrfx.a(nrfx_usbd.c.obj)
 .text.ev_dma_epin0_handler
                0x00007f9c       0x70 modules/hal_nordic/nrfx/libmodules__hal_nordic__nrfx.a(nrfx_usbd.c.obj)
 .text.ev_dma_epin7_handler
                0x0000800c       0x70 modules/hal_nordic/nrfx/libmodules__hal_nordic__nrfx.a(nrfx_usbd.c.obj)
 .text.ev_dma_epin5_handler
                0x0000807c       0x70 modules/hal_nordic/nrfx/libmodules__hal_nordic__nrfx.a(nrfx_usbd.c.obj)
 .text.ev_dma_epin6_handler
                0x000080ec       0x70 modules/hal_nordic/nrfx/libmodules__hal_nordic__nrfx.a(nrfx_usbd.c.obj)
 .text.ev_dma_epin1_handler
                0x0000815c       0x70 modules/hal_nordic/nrfx/libmodules__hal_nordic__nrfx.a(nrfx_usbd.c.obj)
 .text.ev_dma_epin2_handler
                0x000081cc       0x70 modules/hal_nordic/nrfx/libmodules__hal_nordic__nrfx.a(nrfx_usbd.c.obj)
 .text.ev_dma_epin3_handler
                0x0000823c       0x70 modules/hal_nordic/nrfx/libmodules__hal_nordic__nrfx.a(nrfx_usbd.c.obj)
 .text.ev_dma_epin4_handler
                0x000082ac       0x70 modules/hal_nordic/nrfx/libmodules__hal_nordic__nrfx.a(nrfx_usbd.c.obj)
 .text.nrfx_usbd_isoinconfig_set
                0x0000831c        0xc modules/hal_nordic/nrfx/libmodules__hal_nordic__nrfx.a(nrfx_usbd.c.obj)
                0x0000831c                nrfx_usbd_isoinconfig_set
 .text.nrfx_usbd_uninit
                0x00008328       0x14 modules/hal_nordic/nrfx/libmodules__hal_nordic__nrfx.a(nrfx_usbd.c.obj)
                0x00008328                nrfx_usbd_uninit
 .text.nrfx_usbd_enable
                0x0000833c      0x134 modules/hal_nordic/nrfx/libmodules__hal_nordic__nrfx.a(nrfx_usbd.c.obj)
                0x0000833c                nrfx_usbd_enable
 .text.nrfx_usbd_start
                0x00008470       0x38 modules/hal_nordic/nrfx/libmodules__hal_nordic__nrfx.a(nrfx_usbd.c.obj)
                0x00008470                nrfx_usbd_start
 .text.nrfx_usbd_is_enabled
                0x000084a8       0x14 modules/hal_nordic/nrfx/libmodules__hal_nordic__nrfx.a(nrfx_usbd.c.obj)
                0x000084a8                nrfx_usbd_is_enabled
 .text.nrfx_usbd_ep_max_packet_size_set
                0x000084bc       0x20 modules/hal_nordic/nrfx/libmodules__hal_nordic__nrfx.a(nrfx_usbd.c.obj)
                0x000084bc                nrfx_usbd_ep_max_packet_size_set
 .text.nrfx_usbd_init
                0x000084dc       0xb0 modules/hal_nordic/nrfx/libmodules__hal_nordic__nrfx.a(nrfx_usbd.c.obj)
                0x000084dc                nrfx_usbd_init
 .text.nrfx_usbd_ep_transfer
                0x0000858c      0x124 modules/hal_nordic/nrfx/libmodules__hal_nordic__nrfx.a(nrfx_usbd.c.obj)
                0x0000858c                nrfx_usbd_ep_transfer
 .text.nrfx_usbd_feeder_buffer_get
                0x000086b0        0x8 modules/hal_nordic/nrfx/libmodules__hal_nordic__nrfx.a(nrfx_usbd.c.obj)
                0x000086b0                nrfx_usbd_feeder_buffer_get
 .text.nrfx_usbd_ep_status_get
                0x000086b8       0x4c modules/hal_nordic/nrfx/libmodules__hal_nordic__nrfx.a(nrfx_usbd.c.obj)
                0x000086b8                nrfx_usbd_ep_status_get
 .text.nrfx_usbd_epout_size_get
                0x00008704       0x2c modules/hal_nordic/nrfx/libmodules__hal_nordic__nrfx.a(nrfx_usbd.c.obj)
                0x00008704                nrfx_usbd_epout_size_get
 .text.usbd_dmareq_process
                0x00008730      0x1e4 modules/hal_nordic/nrfx/libmodules__hal_nordic__nrfx.a(nrfx_usbd.c.obj)
 .text.ev_epdata_handler
                0x00008914       0x44 modules/hal_nordic/nrfx/libmodules__hal_nordic__nrfx.a(nrfx_usbd.c.obj)
 .text.ev_dma_epout7_handler
                0x00008958       0x94 modules/hal_nordic/nrfx/libmodules__hal_nordic__nrfx.a(nrfx_usbd.c.obj)
 .text.ev_dma_epout1_handler
                0x000089ec       0x94 modules/hal_nordic/nrfx/libmodules__hal_nordic__nrfx.a(nrfx_usbd.c.obj)
 .text.ev_dma_epout2_handler
                0x00008a80       0x94 modules/hal_nordic/nrfx/libmodules__hal_nordic__nrfx.a(nrfx_usbd.c.obj)
 .text.ev_dma_epout3_handler
                0x00008b14       0x94 modules/hal_nordic/nrfx/libmodules__hal_nordic__nrfx.a(nrfx_usbd.c.obj)
 .text.ev_dma_epout4_handler
                0x00008ba8       0x94 modules/hal_nordic/nrfx/libmodules__hal_nordic__nrfx.a(nrfx_usbd.c.obj)
 .text.ev_dma_epout5_handler
                0x00008c3c       0x94 modules/hal_nordic/nrfx/libmodules__hal_nordic__nrfx.a(nrfx_usbd.c.obj)
 .text.ev_dma_epout6_handler
                0x00008cd0       0x94 modules/hal_nordic/nrfx/libmodules__hal_nordic__nrfx.a(nrfx_usbd.c.obj)
 .text.nrfx_usbd_ep_stall
                0x00008d64       0x10 modules/hal_nordic/nrfx/libmodules__hal_nordic__nrfx.a(nrfx_usbd.c.obj)
                0x00008d64                nrfx_usbd_ep_stall
 .text.nrfx_usbd_ep_stall_check
                0x00008d74       0x40 modules/hal_nordic/nrfx/libmodules__hal_nordic__nrfx.a(nrfx_usbd.c.obj)
                0x00008d74                nrfx_usbd_ep_stall_check
 .text.nrfx_usbd_ep_dtoggle_clear
                0x00008db4       0x18 modules/hal_nordic/nrfx/libmodules__hal_nordic__nrfx.a(nrfx_usbd.c.obj)
                0x00008db4                nrfx_usbd_ep_dtoggle_clear
 .text.nrfx_usbd_setup_get
                0x00008dcc       0x58 modules/hal_nordic/nrfx/libmodules__hal_nordic__nrfx.a(nrfx_usbd.c.obj)
                0x00008dcc                nrfx_usbd_setup_get
 .text.nrfx_usbd_setup_data_clear
                0x00008e24       0x10 modules/hal_nordic/nrfx/libmodules__hal_nordic__nrfx.a(nrfx_usbd.c.obj)
                0x00008e24                nrfx_usbd_setup_data_clear
 .text.ev_dma_epout0_handler
                0x00008e34       0x94 modules/hal_nordic/nrfx/libmodules__hal_nordic__nrfx.a(nrfx_usbd.c.obj)
 .text.nrfx_usbd_setup_clear
                0x00008ec8       0x10 modules/hal_nordic/nrfx/libmodules__hal_nordic__nrfx.a(nrfx_usbd.c.obj)
                0x00008ec8                nrfx_usbd_setup_clear
 .text.nrfx_usbd_setup_stall
                0x00008ed8       0x10 modules/hal_nordic/nrfx/libmodules__hal_nordic__nrfx.a(nrfx_usbd.c.obj)
                0x00008ed8                nrfx_usbd_setup_stall
 .text.nrfx_usbd_last_setup_dir_get
                0x00008ee8        0xc modules/hal_nordic/nrfx/libmodules__hal_nordic__nrfx.a(nrfx_usbd.c.obj)
                0x00008ee8                nrfx_usbd_last_setup_dir_get
 .text.nrfx_usbd_transfer_out_drop
                0x00008ef4       0x64 modules/hal_nordic/nrfx/libmodules__hal_nordic__nrfx.a(nrfx_usbd.c.obj)
                0x00008ef4                nrfx_usbd_transfer_out_drop
 .text.ev_setup_handler
                0x00008f58      0x1a8 modules/hal_nordic/nrfx/libmodules__hal_nordic__nrfx.a(nrfx_usbd.c.obj)
 .text.nrfx_usbd_irq_handler
                0x00009100       0x94 modules/hal_nordic/nrfx/libmodules__hal_nordic__nrfx.a(nrfx_usbd.c.obj)
                0x00009100                nrfx_usbd_irq_handler
 .text.nrfx_usbd_ep_enable
                0x00009194       0xb4 modules/hal_nordic/nrfx/libmodules__hal_nordic__nrfx.a(nrfx_usbd.c.obj)
                0x00009194                nrfx_usbd_ep_enable
 .text.nrfx_usbd_ep_stall_clear
                0x00009248       0x28 modules/hal_nordic/nrfx/libmodules__hal_nordic__nrfx.a(nrfx_usbd.c.obj)
                0x00009248                nrfx_usbd_ep_stall_clear
 .text.usbd_ep_abort_all
                0x00009270      0x188 modules/hal_nordic/nrfx/libmodules__hal_nordic__nrfx.a(nrfx_usbd.c.obj)
 .text.nrfx_usbd_stop
                0x000093f8       0x3c modules/hal_nordic/nrfx/libmodules__hal_nordic__nrfx.a(nrfx_usbd.c.obj)
                0x000093f8                nrfx_usbd_stop
 .text.nrfx_usbd_disable
                0x00009434       0x44 modules/hal_nordic/nrfx/libmodules__hal_nordic__nrfx.a(nrfx_usbd.c.obj)
                0x00009434                nrfx_usbd_disable
 .text.nrfx_usbd_suspend
                0x00009478       0x68 modules/hal_nordic/nrfx/libmodules__hal_nordic__nrfx.a(nrfx_usbd.c.obj)
                0x00009478                nrfx_usbd_suspend
 .text.nrfx_usbd_ep_abort
                0x000094e0      0x11c modules/hal_nordic/nrfx/libmodules__hal_nordic__nrfx.a(nrfx_usbd.c.obj)
                0x000094e0                nrfx_usbd_ep_abort
 .text.nrfx_usbd_ep_disable
                0x000095fc      0x170 modules/hal_nordic/nrfx/libmodules__hal_nordic__nrfx.a(nrfx_usbd.c.obj)
                0x000095fc                nrfx_usbd_ep_disable
 .text._DoInit  0x0000976c       0x60 modules/segger/libmodules__segger.a(SEGGER_RTT.c.obj)
 .text.SEGGER_RTT_WriteSkipNoLock
                0x000097cc       0xc8 modules/segger/libmodules__segger.a(SEGGER_RTT.c.obj)
                0x000097cc                SEGGER_RTT_WriteSkipNoLock
 .text.SEGGER_RTT_HasDataUp
                0x00009894       0x20 modules/segger/libmodules__segger.a(SEGGER_RTT.c.obj)
                0x00009894                SEGGER_RTT_HasDataUp
 .text.z_device_state_init
                0x000098b4       0x18 zephyr/kernel/libkernel.a(device.c.obj)
                0x000098b4                z_device_state_init
 .text.z_sys_init_run_level
                0x000098cc       0x50 zephyr/kernel/libkernel.a(device.c.obj)
                0x000098cc                z_sys_init_run_level
 .text.reason_to_str
                0x0000991c       0x40 zephyr/kernel/libkernel.a(fatal.c.obj)
 .text.thread_name_get
                0x0000995c       0x20 zephyr/kernel/libkernel.a(fatal.c.obj)
 .text.z_fatal_error
                0x0000997c       0xdc zephyr/kernel/libkernel.a(fatal.c.obj)
                0x0000997c                z_fatal_error
 .text.init_idle_thread
                0x00009a58       0x70 zephyr/kernel/libkernel.a(init.c.obj)
 .text.prepare_multithreading
                0x00009ac8       0x94 zephyr/kernel/libkernel.a(init.c.obj)
 .text.bg_thread_main
                0x00009b5c       0x34 zephyr/kernel/libkernel.a(init.c.obj)
 .text.switch_to_main_thread
                0x00009b90       0x14 zephyr/kernel/libkernel.a(init.c.obj)
 .text.z_bss_zero
                0x00009ba4       0x18 zephyr/kernel/libkernel.a(init.c.obj)
                0x00009ba4                z_bss_zero
 .text.z_cstart
                0x00009bbc       0x88 zephyr/kernel/libkernel.a(init.c.obj)
                0x00009bbc                z_cstart
 .text.init_mem_slab_module
                0x00009c44       0x24 zephyr/kernel/libkernel.a(mem_slab.c.obj)
 .text.k_mem_slab_alloc
                0x00009c68       0x6c zephyr/kernel/libkernel.a(mem_slab.c.obj)
                0x00009c68                k_mem_slab_alloc
 .text.z_thread_monitor_exit
                0x00009cd4       0x40 zephyr/kernel/libkernel.a(thread.c.obj)
                0x00009cd4                z_thread_monitor_exit
 .text.z_impl_k_thread_name_set
                0x00009d14       0x24 zephyr/kernel/libkernel.a(thread.c.obj)
                0x00009d14                z_impl_k_thread_name_set
 .text.schedule_new_thread
                0x00009d38       0x24 zephyr/kernel/libkernel.a(thread.c.obj)
 .text.z_setup_new_thread
                0x00009d5c       0xc8 zephyr/kernel/libkernel.a(thread.c.obj)
                0x00009d5c                z_setup_new_thread
 .text.z_init_static_threads
                0x00009e24       0x9c zephyr/kernel/libkernel.a(thread.c.obj)
                0x00009e24                z_init_static_threads
 .text.pm_save_idle
                0x00009ec0       0x1c zephyr/kernel/libkernel.a(idle.c.obj)
 .text.z_impl_k_mutex_lock
                0x00009edc      0x114 zephyr/kernel/libkernel.a(mutex.c.obj)
                0x00009edc                z_impl_k_mutex_lock
 .text.z_impl_k_mutex_unlock
                0x00009ff0       0x88 zephyr/kernel/libkernel.a(mutex.c.obj)
                0x00009ff0                z_impl_k_mutex_unlock
 .text.z_impl_k_queue_get
                0x0000a078       0x78 zephyr/kernel/libkernel.a(queue.c.obj)
                0x0000a078                z_impl_k_queue_get
 .text.z_impl_k_sem_give
                0x0000a0f0       0x48 zephyr/kernel/libkernel.a(sem.c.obj)
                0x0000a0f0                z_impl_k_sem_give
 .text.z_impl_k_sem_take
                0x0000a138       0x54 zephyr/kernel/libkernel.a(sem.c.obj)
                0x0000a138                z_impl_k_sem_take
 .text.submit_to_queue_locked
                0x0000a18c       0xd8 zephyr/kernel/libkernel.a(work.c.obj)
 .text.finalize_cancel_locked
                0x0000a264       0x78 zephyr/kernel/libkernel.a(work.c.obj)
 .text.work_queue_main
                0x0000a2dc       0xf0 zephyr/kernel/libkernel.a(work.c.obj)
 .text.k_work_queue_start
                0x0000a3cc       0x7c zephyr/kernel/libkernel.a(work.c.obj)
                0x0000a3cc                k_work_queue_start
 .text.add_thread_timeout
                0x0000a448       0x20 zephyr/kernel/libkernel.a(sched.c.obj)
 .text.z_reset_time_slice
                0x0000a468       0x2c zephyr/kernel/libkernel.a(sched.c.obj)
                0x0000a468                z_reset_time_slice
 .text.k_sched_time_slice_set
                0x0000a494       0x78 zephyr/kernel/libkernel.a(sched.c.obj)
                0x0000a494                k_sched_time_slice_set
 .text.z_reschedule
                0x0000a50c       0x38 zephyr/kernel/libkernel.a(sched.c.obj)
                0x0000a50c                z_reschedule
 .text.k_sched_lock
                0x0000a544       0x30 zephyr/kernel/libkernel.a(sched.c.obj)
                0x0000a544                k_sched_lock
 .text.update_cache
                0x0000a574       0x4c zephyr/kernel/libkernel.a(sched.c.obj)
 .text.move_thread_to_end_of_prio_q
                0x0000a5c0       0x88 zephyr/kernel/libkernel.a(sched.c.obj)
 .text.z_time_slice
                0x0000a648       0x98 zephyr/kernel/libkernel.a(sched.c.obj)
                0x0000a648                z_time_slice
 .text.ready_thread
                0x0000a6e0       0x80 zephyr/kernel/libkernel.a(sched.c.obj)
 .text.z_sched_start
                0x0000a760       0x3c zephyr/kernel/libkernel.a(sched.c.obj)
                0x0000a760                z_sched_start
 .text.unready_thread
                0x0000a79c       0x38 zephyr/kernel/libkernel.a(sched.c.obj)
 .text.z_pend_curr
                0x0000a7d4       0x28 zephyr/kernel/libkernel.a(sched.c.obj)
                0x0000a7d4                z_pend_curr
 .text.z_set_prio
                0x0000a7fc       0xc0 zephyr/kernel/libkernel.a(sched.c.obj)
                0x0000a7fc                z_set_prio
 .text.z_impl_k_thread_suspend
                0x0000a8bc       0x84 zephyr/kernel/libkernel.a(sched.c.obj)
                0x0000a8bc                z_impl_k_thread_suspend
 .text.k_sched_unlock
                0x0000a940       0x4c zephyr/kernel/libkernel.a(sched.c.obj)
                0x0000a940                k_sched_unlock
 .text.end_thread
                0x0000a98c       0x9c zephyr/kernel/libkernel.a(sched.c.obj)
 .text.z_sched_init
                0x0000aa28       0x1c zephyr/kernel/libkernel.a(sched.c.obj)
                0x0000aa28                z_sched_init
 .text.z_impl_k_yield
                0x0000aa44       0x88 zephyr/kernel/libkernel.a(sched.c.obj)
                0x0000aa44                z_impl_k_yield
 .text.z_tick_sleep
                0x0000aacc       0xa0 zephyr/kernel/libkernel.a(sched.c.obj)
 .text.z_impl_k_sleep
                0x0000ab6c       0x58 zephyr/kernel/libkernel.a(sched.c.obj)
                0x0000ab6c                z_impl_k_sleep
 .text.z_impl_z_current_get
                0x0000abc4        0xc zephyr/kernel/libkernel.a(sched.c.obj)
                0x0000abc4                z_impl_z_current_get
 .text.z_impl_k_is_preempt_thread
                0x0000abd0       0x20 zephyr/kernel/libkernel.a(sched.c.obj)
                0x0000abd0                z_impl_k_is_preempt_thread
 .text.z_thread_abort
                0x0000abf0       0x50 zephyr/kernel/libkernel.a(sched.c.obj)
                0x0000abf0                z_thread_abort
 .text.z_sched_wait
                0x0000ac40       0x24 zephyr/kernel/libkernel.a(sched.c.obj)
                0x0000ac40                z_sched_wait
 .text.z_data_copy
                0x0000ac64       0x34 zephyr/kernel/libkernel.a(xip.c.obj)
                0x0000ac64                z_data_copy
 .text.first    0x0000ac98       0x14 zephyr/kernel/libkernel.a(timeout.c.obj)
 .text.next     0x0000acac       0x18 zephyr/kernel/libkernel.a(timeout.c.obj)
 .text.elapsed  0x0000acc4       0x18 zephyr/kernel/libkernel.a(timeout.c.obj)
 .text.next_timeout
                0x0000acdc       0x4c zephyr/kernel/libkernel.a(timeout.c.obj)
 .text.z_add_timeout
                0x0000ad28      0x154 zephyr/kernel/libkernel.a(timeout.c.obj)
                0x0000ad28                z_add_timeout
 .text.sys_clock_announce
                0x0000ae7c       0xc4 zephyr/kernel/libkernel.a(timeout.c.obj)
                0x0000ae7c                sys_clock_announce
 .text.sys_clock_tick_get
                0x0000af40       0x40 zephyr/kernel/libkernel.a(timeout.c.obj)
                0x0000af40                sys_clock_tick_get
 .text.z_timer_expiration_handler
                0x0000af80       0x78 zephyr/kernel/libkernel.a(timer.c.obj)
                0x0000af80                z_timer_expiration_handler
 .text.z_impl_k_timer_start
                0x0000aff8       0xe0 zephyr/kernel/libkernel.a(timer.c.obj)
                0x0000aff8                z_impl_k_timer_start
 .text.z_thread_aligned_alloc
                0x0000b0d8       0x28 zephyr/kernel/libkernel.a(mempool.c.obj)
                0x0000b0d8                z_thread_aligned_alloc
 .text.boot_banner
                0x0000b100       0x1c zephyr/kernel/libkernel.a(banner.c.obj)
                0x0000b100                boot_banner
 .text.statics_init
                0x0000b11c       0x24 zephyr/kernel/libkernel.a(kheap.c.obj)
 .text.k_sys_work_q_init
                0x0000b140       0x34 zephyr/kernel/libkernel.a(system_work_q.c.obj)
 .text.nrf_cc3xx_platform_init_no_rng
                0x0000b174       0x38 C:/Users/LAPADA/ncs/v1.8.0/nrfxlib/crypto/nrf_cc310_platform/lib/cortex-m4/soft-float/no-interrupts/libnrf_cc310_platform_0.9.12.a(nrf_cc3xx_platform.c.obj)
                0x0000b174                nrf_cc3xx_platform_init_no_rng
 .text.nrf_cc3xx_platform_abort
                0x0000b1ac       0x24 C:/Users/LAPADA/ncs/v1.8.0/nrfxlib/crypto/nrf_cc310_platform/lib/cortex-m4/soft-float/no-interrupts/libnrf_cc310_platform_0.9.12.a(nrf_cc3xx_platform_abort.c.obj)
 .text.CC_PalAbort
                0x0000b1d0       0x40 C:/Users/LAPADA/ncs/v1.8.0/nrfxlib/crypto/nrf_cc310_platform/lib/cortex-m4/soft-float/no-interrupts/libnrf_cc310_platform_0.9.12.a(nrf_cc3xx_platform_abort.c.obj)
                0x0000b1d0                CC_PalAbort
 .text.nrf_cc3xx_platform_set_abort
                0x0000b210       0x10 C:/Users/LAPADA/ncs/v1.8.0/nrfxlib/crypto/nrf_cc310_platform/lib/cortex-m4/soft-float/no-interrupts/libnrf_cc310_platform_0.9.12.a(nrf_cc3xx_platform_abort.c.obj)
                0x0000b210                nrf_cc3xx_platform_set_abort
 .text.mutex_free
                0x0000b220       0x28 C:/Users/LAPADA/ncs/v1.8.0/nrfxlib/crypto/nrf_cc310_platform/lib/cortex-m4/soft-float/no-interrupts/libnrf_cc310_platform_0.9.12.a(nrf_cc3xx_platform_mutex.c.obj)
 .text.mutex_unlock
                0x0000b248       0x2c C:/Users/LAPADA/ncs/v1.8.0/nrfxlib/crypto/nrf_cc310_platform/lib/cortex-m4/soft-float/no-interrupts/libnrf_cc310_platform_0.9.12.a(nrf_cc3xx_platform_mutex.c.obj)
 .text.mutex_init
                0x0000b274       0x1c C:/Users/LAPADA/ncs/v1.8.0/nrfxlib/crypto/nrf_cc310_platform/lib/cortex-m4/soft-float/no-interrupts/libnrf_cc310_platform_0.9.12.a(nrf_cc3xx_platform_mutex.c.obj)
 .text.mutex_lock
                0x0000b290       0x44 C:/Users/LAPADA/ncs/v1.8.0/nrfxlib/crypto/nrf_cc310_platform/lib/cortex-m4/soft-float/no-interrupts/libnrf_cc310_platform_0.9.12.a(nrf_cc3xx_platform_mutex.c.obj)
 .text.nrf_cc3xx_platform_set_mutexes
                0x0000b2d4       0x60 C:/Users/LAPADA/ncs/v1.8.0/nrfxlib/crypto/nrf_cc310_platform/lib/cortex-m4/soft-float/no-interrupts/libnrf_cc310_platform_0.9.12.a(nrf_cc3xx_platform_mutex.c.obj)
                0x0000b2d4                nrf_cc3xx_platform_set_mutexes
 .text.CC_LibInitNoRng
                0x0000b334       0x6c C:/Users/LAPADA/ncs/v1.8.0/nrfxlib/crypto/nrf_cc310_platform/lib/cortex-m4/soft-float/no-interrupts/libnrf_cc310_platform_0.9.12.a(cc_lib.c.obj)
                0x0000b334                CC_LibInitNoRng
 .text.CC_HalInit
                0x0000b3a0        0x4 C:/Users/LAPADA/ncs/v1.8.0/nrfxlib/crypto/nrf_cc310_platform/lib/cortex-m4/soft-float/no-interrupts/libnrf_cc310_platform_0.9.12.a(cc_hal.c.obj)
                0x0000b3a0                CC_HalInit
 .text.CC_HalTerminate
                0x0000b3a4        0x4 C:/Users/LAPADA/ncs/v1.8.0/nrfxlib/crypto/nrf_cc310_platform/lib/cortex-m4/soft-float/no-interrupts/libnrf_cc310_platform_0.9.12.a(cc_hal.c.obj)
                0x0000b3a4                CC_HalTerminate
 .text.CC_HalMaskInterrupt
                0x0000b3a8        0xc C:/Users/LAPADA/ncs/v1.8.0/nrfxlib/crypto/nrf_cc310_platform/lib/cortex-m4/soft-float/no-interrupts/libnrf_cc310_platform_0.9.12.a(cc_hal.c.obj)
                0x0000b3a8                CC_HalMaskInterrupt
 .text.CC_PalInit
                0x0000b3b4       0x5c C:/Users/LAPADA/ncs/v1.8.0/nrfxlib/crypto/nrf_cc310_platform/lib/cortex-m4/soft-float/no-interrupts/libnrf_cc310_platform_0.9.12.a(cc_pal.c.obj)
                0x0000b3b4                CC_PalInit
 .text.CC_PalTerminate
                0x0000b410       0x34 C:/Users/LAPADA/ncs/v1.8.0/nrfxlib/crypto/nrf_cc310_platform/lib/cortex-m4/soft-float/no-interrupts/libnrf_cc310_platform_0.9.12.a(cc_pal.c.obj)
                0x0000b410                CC_PalTerminate
 .text.CC_PalDmaInit
                0x0000b444        0x4 C:/Users/LAPADA/ncs/v1.8.0/nrfxlib/crypto/nrf_cc310_platform/lib/cortex-m4/soft-float/no-interrupts/libnrf_cc310_platform_0.9.12.a(cc_pal_dma.c.obj)
                0x0000b444                CC_PalDmaInit
 .text.CC_PalDmaTerminate
                0x0000b448        0x4 C:/Users/LAPADA/ncs/v1.8.0/nrfxlib/crypto/nrf_cc310_platform/lib/cortex-m4/soft-float/no-interrupts/libnrf_cc310_platform_0.9.12.a(cc_pal_dma.c.obj)
                0x0000b448                CC_PalDmaTerminate
 .text.CC_PalMutexCreate
                0x0000b44c       0x14 C:/Users/LAPADA/ncs/v1.8.0/nrfxlib/crypto/nrf_cc310_platform/lib/cortex-m4/soft-float/no-interrupts/libnrf_cc310_platform_0.9.12.a(cc_pal_mutex.c.obj)
                0x0000b44c                CC_PalMutexCreate
 .text.CC_PalMutexDestroy
                0x0000b460       0x14 C:/Users/LAPADA/ncs/v1.8.0/nrfxlib/crypto/nrf_cc310_platform/lib/cortex-m4/soft-float/no-interrupts/libnrf_cc310_platform_0.9.12.a(cc_pal_mutex.c.obj)
                0x0000b460                CC_PalMutexDestroy
 .text.CC_PalPowerSaveModeInit
                0x0000b474       0x3c C:/Users/LAPADA/ncs/v1.8.0/nrfxlib/crypto/nrf_cc310_platform/lib/cortex-m4/soft-float/no-interrupts/libnrf_cc310_platform_0.9.12.a(cc_pal_pm.c.obj)
                0x0000b474                CC_PalPowerSaveModeInit
 .text.CC_PalPowerSaveModeSelect
                0x0000b4b0       0x84 C:/Users/LAPADA/ncs/v1.8.0/nrfxlib/crypto/nrf_cc310_platform/lib/cortex-m4/soft-float/no-interrupts/libnrf_cc310_platform_0.9.12.a(cc_pal_pm.c.obj)
                0x0000b4b0                CC_PalPowerSaveModeSelect
 .text.main     0x0000b534        0x8 app/libapp.a(main.c.obj)
                0x0000b534                main
 .text.sys_notify_validate
                0x0000b53c       0x2e zephyr/libzephyr.a(notify.c.obj)
                0x0000b53c                sys_notify_validate
 .text.sys_notify_finalize
                0x0000b56a       0x1a zephyr/libzephyr.a(notify.c.obj)
                0x0000b56a                sys_notify_finalize
 .text.arch_printk_char_out
                0x0000b584        0x4 zephyr/libzephyr.a(printk.c.obj)
                0x0000b584                arch_printk_char_out
 .text.str_out  0x0000b588       0x30 zephyr/libzephyr.a(printk.c.obj)
 .text.printk   0x0000b5b8       0x1c zephyr/libzephyr.a(printk.c.obj)
                0x0000b5b8                printk
 .text.snprintk
                0x0000b5d4       0x1c zephyr/libzephyr.a(printk.c.obj)
                0x0000b5d4                snprintk
 .text.set_state
                0x0000b5f0       0x10 zephyr/libzephyr.a(onoff.c.obj)
 .text.notify_monitors
                0x0000b600       0x3e zephyr/libzephyr.a(onoff.c.obj)
 .text.process_recheck
                0x0000b63e       0x32 zephyr/libzephyr.a(onoff.c.obj)
 .text.process_complete
                0x0000b670       0x9a zephyr/libzephyr.a(onoff.c.obj)
 .text.validate_args
                0x0000b70a       0x2c zephyr/libzephyr.a(onoff.c.obj)
 .text.notify_one
                0x0000b736       0x26 zephyr/libzephyr.a(onoff.c.obj)
 .text.notify_all
                0x0000b75c       0x2e zephyr/libzephyr.a(onoff.c.obj)
 .text.transition_complete
                0x0000b78a       0x1c zephyr/libzephyr.a(onoff.c.obj)
 .text.onoff_manager_init
                0x0000b7a6       0x38 zephyr/libzephyr.a(onoff.c.obj)
                0x0000b7a6                onoff_manager_init
 .text.onoff_request
                0x0000b7de       0xb8 zephyr/libzephyr.a(onoff.c.obj)
                0x0000b7de                onoff_request
 .text.onoff_release
                0x0000b896       0x4c zephyr/libzephyr.a(onoff.c.obj)
                0x0000b896                onoff_release
 .text.onoff_cancel
                0x0000b8e2       0x74 zephyr/libzephyr.a(onoff.c.obj)
                0x0000b8e2                onoff_cancel
 .text.z_thread_entry
                0x0000b956       0x14 zephyr/libzephyr.a(thread_entry.c.obj)
                0x0000b956                z_thread_entry
 .text.chunk_mem
                0x0000b96a       0x16 zephyr/libzephyr.a(heap.c.obj)
 .text.free_list_remove_bidx
                0x0000b980       0x68 zephyr/libzephyr.a(heap.c.obj)
 .text.free_list_add_bidx
                0x0000b9e8       0x92 zephyr/libzephyr.a(heap.c.obj)
 .text.split_chunks
                0x0000ba7a       0x76 zephyr/libzephyr.a(heap.c.obj)
 .text.merge_chunks
                0x0000baf0       0x5e zephyr/libzephyr.a(heap.c.obj)
 .text.mem_to_chunkid
                0x0000bb4e       0x16 zephyr/libzephyr.a(heap.c.obj)
 .text.free_list_remove
                0x0000bb64       0x52 zephyr/libzephyr.a(heap.c.obj)
 .text.free_list_add
                0x0000bbb6       0x52 zephyr/libzephyr.a(heap.c.obj)
 .text.free_chunk
                0x0000bc08       0xb6 zephyr/libzephyr.a(heap.c.obj)
 .text.alloc_chunk
                0x0000bcbe       0x9e zephyr/libzephyr.a(heap.c.obj)
 .text.sys_heap_free
                0x0000bd5c       0x36 zephyr/libzephyr.a(heap.c.obj)
                0x0000bd5c                sys_heap_free
 .text.sys_heap_alloc
                0x0000bd92       0x8e zephyr/libzephyr.a(heap.c.obj)
                0x0000bd92                sys_heap_alloc
 .text.sys_heap_aligned_alloc
                0x0000be20      0x11c zephyr/libzephyr.a(heap.c.obj)
                0x0000be20                sys_heap_aligned_alloc
 .text.sys_heap_init
                0x0000bf3c      0x108 zephyr/libzephyr.a(heap.c.obj)
                0x0000bf3c                sys_heap_init
 .text.extract_decimal
                0x0000c044       0x26 zephyr/libzephyr.a(cbprintf_complete.c.obj)
 .text.encode_uint
                0x0000c06a       0xd4 zephyr/libzephyr.a(cbprintf_complete.c.obj)
 .text.outs     0x0000c13e       0x34 zephyr/libzephyr.a(cbprintf_complete.c.obj)
 .text.get_rewind_value
                0x0000c172        0xa zephyr/libzephyr.a(ring_buffer.c.obj)
 .text.mod      0x0000c17c       0x16 zephyr/libzephyr.a(ring_buffer.c.obj)
 .text.ring_buf_get_rewind_threshold
                0x0000c192        0x6 zephyr/libzephyr.a(ring_buffer.c.obj)
                0x0000c192                ring_buf_get_rewind_threshold
 .text.ring_buf_is_empty
                0x0000c198       0x26 zephyr/libzephyr.a(ring_buffer.c.obj)
                0x0000c198                ring_buf_is_empty
 .text.ring_buf_size_get
                0x0000c1be       0x20 zephyr/libzephyr.a(ring_buffer.c.obj)
                0x0000c1be                ring_buf_size_get
 .text.ring_buf_space_get
                0x0000c1de        0xc zephyr/libzephyr.a(ring_buffer.c.obj)
                0x0000c1de                ring_buf_space_get
 .text.ring_buf_put_claim
                0x0000c1ea       0x3e zephyr/libzephyr.a(ring_buffer.c.obj)
                0x0000c1ea                ring_buf_put_claim
 .text.ring_buf_put_finish
                0x0000c228       0x38 zephyr/libzephyr.a(ring_buffer.c.obj)
                0x0000c228                ring_buf_put_finish
 .text.ring_buf_put
                0x0000c260       0x40 zephyr/libzephyr.a(ring_buffer.c.obj)
                0x0000c260                ring_buf_put
 .text.ring_buf_get_claim
                0x0000c2a0       0x58 zephyr/libzephyr.a(ring_buffer.c.obj)
                0x0000c2a0                ring_buf_get_claim
 .text.ring_buf_get_finish
                0x0000c2f8       0x3c zephyr/libzephyr.a(ring_buffer.c.obj)
                0x0000c2f8                ring_buf_get_finish
 .text.ring_buf_get
                0x0000c334       0x46 zephyr/libzephyr.a(ring_buffer.c.obj)
                0x0000c334                ring_buf_get
 .text._ConfigAbsSyms
                0x0000c37a        0x2 zephyr/libzephyr.a(configs.c.obj)
                0x0000c37a                _ConfigAbsSyms
 .text.log_list_init
                0x0000c37c        0x8 zephyr/libzephyr.a(log_list.c.obj)
                0x0000c37c                log_list_init
 .text.log_list_add_tail
                0x0000c384       0x14 zephyr/libzephyr.a(log_list.c.obj)
                0x0000c384                log_list_add_tail
 .text.log_list_head_peek
                0x0000c398        0x4 zephyr/libzephyr.a(log_list.c.obj)
                0x0000c398                log_list_head_peek
 .text.log_list_head_get
                0x0000c39c        0xc zephyr/libzephyr.a(log_list.c.obj)
                0x0000c39c                log_list_head_get
 .text.dummy_timestamp
                0x0000c3a8        0x4 zephyr/libzephyr.a(log_core.c.obj)
 .text.msg_filter_check
                0x0000c3ac        0x4 zephyr/libzephyr.a(log_core.c.obj)
 .text.default_get_timestamp
                0x0000c3b0        0x8 zephyr/libzephyr.a(log_core.c.obj)
 .text.z_log_get_s_mask
                0x0000c3b8       0x42 zephyr/libzephyr.a(log_core.c.obj)
                0x0000c3b8                z_log_get_s_mask
 .text.block_on_alloc
                0x0000c3fa        0x4 zephyr/libzephyr.a(log_msg.c.obj)
 .text.cont_arg_get
                0x0000c3fe       0x24 zephyr/libzephyr.a(log_msg.c.obj)
 .text.log_msg_hexdump_data_op
                0x0000c422       0xbe zephyr/libzephyr.a(log_msg.c.obj)
 .text.log_msg_get
                0x0000c4e0       0x1a zephyr/libzephyr.a(log_msg.c.obj)
                0x0000c4e0                log_msg_get
 .text.log_msg_nargs_get
                0x0000c4fa        0x6 zephyr/libzephyr.a(log_msg.c.obj)
                0x0000c4fa                log_msg_nargs_get
 .text.log_msg_arg_get
                0x0000c500       0x24 zephyr/libzephyr.a(log_msg.c.obj)
                0x0000c500                log_msg_arg_get
 .text.log_msg_str_get
                0x0000c524        0x4 zephyr/libzephyr.a(log_msg.c.obj)
                0x0000c524                log_msg_str_get
 .text.log_msg_put
                0x0000c528       0x26 zephyr/libzephyr.a(log_msg.c.obj)
                0x0000c528                log_msg_put
 .text.log_msg_hexdump_data_get
                0x0000c54e       0x10 zephyr/libzephyr.a(log_msg.c.obj)
                0x0000c54e                log_msg_hexdump_data_get
 .text.buffer_write
                0x0000c55e       0x1a zephyr/libzephyr.a(log_output.c.obj)
 .text.color_prefix
                0x0000c578        0xc zephyr/libzephyr.a(log_output.c.obj)
 .text.color_postfix
                0x0000c584        0xc zephyr/libzephyr.a(log_output.c.obj)
 .text.postfix_print
                0x0000c590       0x18 zephyr/libzephyr.a(log_output.c.obj)
 .text.prefix_print
                0x0000c5a8       0x4e zephyr/libzephyr.a(log_output.c.obj)
 .text.std_print
                0x0000c5f6      0x2b6 zephyr/libzephyr.a(log_output.c.obj)
 .text.log_output_flush
                0x0000c8ac       0x1a zephyr/libzephyr.a(log_output.c.obj)
                0x0000c8ac                log_output_flush
 .text.out_func
                0x0000c8c6       0x38 zephyr/libzephyr.a(log_output.c.obj)
 .text.log_output_msg_process
                0x0000c8fe       0x7e zephyr/libzephyr.a(log_output.c.obj)
                0x0000c8fe                log_output_msg_process
 .text.usb_get_status
                0x0000c97c       0x10 zephyr/libzephyr.a(usb_device.c.obj)
 .text.usb_vbus_set
                0x0000c98c        0x4 zephyr/libzephyr.a(usb_device.c.obj)
 .text.usb_eps_reconfigure
                0x0000c990       0x12 zephyr/libzephyr.a(usb_device.c.obj)
 .text.usb_handle_std_interface_req
                0x0000c9a2       0x5a zephyr/libzephyr.a(usb_device.c.obj)
 .text.disable_interface_ep
                0x0000c9fc        0xa zephyr/libzephyr.a(usb_device.c.obj)
 .text.usb_get_status_endpoint
                0x0000ca06       0x36 zephyr/libzephyr.a(usb_device.c.obj)
 .text.usb_handle_std_endpoint_req
                0x0000ca3c       0x46 zephyr/libzephyr.a(usb_device.c.obj)
 .text.usb_write
                0x0000ca82       0x3e zephyr/libzephyr.a(usb_device.c.obj)
                0x0000ca82                usb_write
 .text.ascii7_to_utf16le
                0x0000cac0       0x28 zephyr/libzephyr.a(usb_descriptor.c.obj)
 .text.usb_validate_ep_cfg_data
                0x0000cae8       0xc8 zephyr/libzephyr.a(usb_descriptor.c.obj)
 .text.usb_get_dev_data_by_cfg
                0x0000cbb0       0x24 zephyr/libzephyr.a(usb_descriptor.c.obj)
                0x0000cbb0                usb_get_dev_data_by_cfg
 .text.usb_get_dev_data_by_iface
                0x0000cbd4       0x28 zephyr/libzephyr.a(usb_descriptor.c.obj)
                0x0000cbd4                usb_get_dev_data_by_iface
 .text.usb_get_dev_data_by_ep
                0x0000cbfc       0x40 zephyr/libzephyr.a(usb_descriptor.c.obj)
                0x0000cbfc                usb_get_dev_data_by_ep
 .text.usb_transfer_is_busy
                0x0000cc3c       0x1c zephyr/libzephyr.a(usb_transfer.c.obj)
                0x0000cc3c                usb_transfer_is_busy
 .text.cdc_interface_config
                0x0000cc58       0x14 zephyr/libzephyr.a(cdc_acm.c.obj)
 .text.cdc_acm_irq_callback_work_handler
                0x0000cc6c       0x10 zephyr/libzephyr.a(cdc_acm.c.obj)
 .text.cdc_acm_irq_tx_disable
                0x0000cc7c        0xa zephyr/libzephyr.a(cdc_acm.c.obj)
 .text.cdc_acm_irq_tx_ready
                0x0000cc86       0x1a zephyr/libzephyr.a(cdc_acm.c.obj)
 .text.cdc_acm_irq_rx_disable
                0x0000cca0        0xa zephyr/libzephyr.a(cdc_acm.c.obj)
 .text.cdc_acm_irq_rx_ready
                0x0000ccaa       0x10 zephyr/libzephyr.a(cdc_acm.c.obj)
 .text.cdc_acm_irq_is_pending
                0x0000ccba       0x2a zephyr/libzephyr.a(cdc_acm.c.obj)
 .text.cdc_acm_irq_update
                0x0000cce4        0x4 zephyr/libzephyr.a(cdc_acm.c.obj)
 .text.cdc_acm_irq_callback_set
                0x0000cce8        0x8 zephyr/libzephyr.a(cdc_acm.c.obj)
 .text.cdc_acm_baudrate_set
                0x0000ccf0        0x6 zephyr/libzephyr.a(cdc_acm.c.obj)
 .text.cdc_acm_line_ctrl_get
                0x0000ccf6       0x38 zephyr/libzephyr.a(cdc_acm.c.obj)
 .text.cdc_acm_line_ctrl_set
                0x0000cd2e      0x162 zephyr/libzephyr.a(cdc_acm.c.obj)
 .text.cdc_acm_fifo_read
                0x0000ce90       0x1e zephyr/libzephyr.a(cdc_acm.c.obj)
 .text.cdc_acm_poll_in
                0x0000ceae       0x16 zephyr/libzephyr.a(cdc_acm.c.obj)
 .text.pm_policy_next_state
                0x0000cec4        0xa zephyr/libzephyr.a(policy_residency.c.obj)
                0x0000cec4                pm_policy_next_state
 .text.abort_function
                0x0000cece        0x8 zephyr/libzephyr.a(nrf_cc3xx_platform_abort_zephyr.c.obj)
 .text.z_arm_fatal_error
                0x0000ced6       0x18 zephyr/arch/arch/arm/core/aarch32/libarch__arm__core__aarch32.a(fatal.c.obj)
                0x0000ced6                z_arm_fatal_error
 .text.z_do_kernel_oops
                0x0000ceee        0xc zephyr/arch/arch/arm/core/aarch32/libarch__arm__core__aarch32.a(fatal.c.obj)
                0x0000ceee                z_do_kernel_oops
 .text.z_irq_spurious
                0x0000cefa        0xc zephyr/arch/arch/arm/core/aarch32/libarch__arm__core__aarch32.a(irq_manage.c.obj)
                0x0000cefa                z_irq_spurious
 .text.z_arm_nmi
                0x0000cf06        0xc zephyr/arch/arch/arm/core/aarch32/libarch__arm__core__aarch32.a(nmi.c.obj)
                0x0000cf06                z_arm_nmi
 .text.memory_fault_recoverable
                0x0000cf12        0x4 zephyr/arch/arch/arm/core/aarch32/cortex_m/libarch__arm__core__aarch32__cortex_m.a(fault.c.obj)
 .text.fault_handle
                0x0000cf16       0x4a zephyr/arch/arch/arm/core/aarch32/cortex_m/libarch__arm__core__aarch32__cortex_m.a(fault.c.obj)
 .text.mpu_partition_is_valid
                0x0000cf60       0x22 zephyr/arch/arch/arm/core/aarch32/mpu/libarch__arm__core__aarch32__mpu.a(arm_mpu.c.obj)
 .text.mpu_configure_region
                0x0000cf82       0x3e zephyr/arch/arch/arm/core/aarch32/mpu/libarch__arm__core__aarch32__mpu.a(arm_mpu.c.obj)
 .text.arm_core_mpu_configure_static_mpu_regions
                0x0000cfc0        0x8 zephyr/arch/arch/arm/core/aarch32/mpu/libarch__arm__core__aarch32__mpu.a(arm_mpu.c.obj)
                0x0000cfc0                arm_core_mpu_configure_static_mpu_regions
 .text.arm_core_mpu_configure_dynamic_mpu_regions
                0x0000cfc8        0x8 zephyr/arch/arch/arm/core/aarch32/mpu/libarch__arm__core__aarch32__mpu.a(arm_mpu.c.obj)
                0x0000cfc8                arm_core_mpu_configure_dynamic_mpu_regions
 .text.strcpy   0x0000cfd0       0x12 zephyr/lib/libc/minimal/liblib__libc__minimal.a(string.c.obj)
                0x0000cfd0                strcpy
 .text.strncpy  0x0000cfe2       0x34 zephyr/lib/libc/minimal/liblib__libc__minimal.a(string.c.obj)
                0x0000cfe2                strncpy
 .text.strlen   0x0000d016       0x10 zephyr/lib/libc/minimal/liblib__libc__minimal.a(string.c.obj)
                0x0000d016                strlen
 .text.strnlen  0x0000d026       0x14 zephyr/lib/libc/minimal/liblib__libc__minimal.a(string.c.obj)
                0x0000d026                strnlen
 .text.memcpy   0x0000d03a       0x48 zephyr/lib/libc/minimal/liblib__libc__minimal.a(string.c.obj)
                0x0000d03a                memcpy
 .text.memset   0x0000d082       0x3a zephyr/lib/libc/minimal/liblib__libc__minimal.a(string.c.obj)
                0x0000d082                memset
 .text._stdout_hook_default
                0x0000d0bc        0x6 zephyr/lib/libc/minimal/liblib__libc__minimal.a(stdout_console.c.obj)
 .text.pm_power_state_set
                0x0000d0c2       0x26 zephyr/soc/arm/nordic_nrf/nrf52/libsoc__arm__nordic_nrf__nrf52.a(power.c.obj)
                0x0000d0c2                pm_power_state_set
 .text.pm_power_state_exit_post_ops
                0x0000d0e8       0x16 zephyr/soc/arm/nordic_nrf/nrf52/libsoc__arm__nordic_nrf__nrf52.a(power.c.obj)
                0x0000d0e8                pm_power_state_exit_post_ops
 .text.in_endpoint_ctx
                0x0000d0fe        0xc zephyr/drivers/usb/device/libdrivers__usb__device.a(usb_dc_nrfx.c.obj)
 .text.out_endpoint_ctx
                0x0000d10a        0x8 zephyr/drivers/usb/device/libdrivers__usb__device.a(usb_dc_nrfx.c.obj)
 .text.ep_ctx_reset
                0x0000d112       0x28 zephyr/drivers/usb/device/libdrivers__usb__device.a(usb_dc_nrfx.c.obj)
 .text.hfxo_stop
                0x0000d13a       0x42 zephyr/drivers/usb/device/libdrivers__usb__device.a(usb_dc_nrfx.c.obj)
 .text.usbd_enable_endpoints
                0x0000d17c       0x64 zephyr/drivers/usb/device/libdrivers__usb__device.a(usb_dc_nrfx.c.obj)
 .text.hfxo_start
                0x0000d1e0       0x3e zephyr/drivers/usb/device/libdrivers__usb__device.a(usb_dc_nrfx.c.obj)
 .text.usb_dc_ep_read
                0x0000d21e       0x1e zephyr/drivers/usb/device/libdrivers__usb__device.a(usb_dc_nrfx.c.obj)
                0x0000d21e                usb_dc_ep_read
 .text.get_sub_data
                0x0000d23c        0xe zephyr/drivers/clock_control/libdrivers__clock_control.a(clock_control_nrf.c.obj)
 .text.get_sub_config
                0x0000d24a        0xc zephyr/drivers/clock_control/libdrivers__clock_control.a(clock_control_nrf.c.obj)
 .text.get_onoff_manager
                0x0000d256        0xc zephyr/drivers/clock_control/libdrivers__clock_control.a(clock_control_nrf.c.obj)
 .text.get_status
                0x0000d262       0x10 zephyr/drivers/clock_control/libdrivers__clock_control.a(clock_control_nrf.c.obj)
 .text.set_off_state
                0x0000d272       0x32 zephyr/drivers/clock_control/libdrivers__clock_control.a(clock_control_nrf.c.obj)
 .text.set_starting_state
                0x0000d2a4       0x40 zephyr/drivers/clock_control/libdrivers__clock_control.a(clock_control_nrf.c.obj)
 .text.set_on_state
                0x0000d2e4       0x26 zephyr/drivers/clock_control/libdrivers__clock_control.a(clock_control_nrf.c.obj)
 .text.clkstarted_handle
                0x0000d30a       0x24 zephyr/drivers/clock_control/libdrivers__clock_control.a(clock_control_nrf.c.obj)
 .text.stop     0x0000d32e       0x2a zephyr/drivers/clock_control/libdrivers__clock_control.a(clock_control_nrf.c.obj)
 .text.api_stop
                0x0000d358        0xa zephyr/drivers/clock_control/libdrivers__clock_control.a(clock_control_nrf.c.obj)
 .text.async_start
                0x0000d362       0x38 zephyr/drivers/clock_control/libdrivers__clock_control.a(clock_control_nrf.c.obj)
 .text.api_start
                0x0000d39a       0x10 zephyr/drivers/clock_control/libdrivers__clock_control.a(clock_control_nrf.c.obj)
 .text.onoff_started_callback
                0x0000d3aa       0x10 zephyr/drivers/clock_control/libdrivers__clock_control.a(clock_control_nrf.c.obj)
 .text.hfclk_start
                0x0000d3ba        0xa zephyr/drivers/clock_control/libdrivers__clock_control.a(clock_control_nrf.c.obj)
 .text.lfclk_start
                0x0000d3c4        0xa zephyr/drivers/clock_control/libdrivers__clock_control.a(clock_control_nrf.c.obj)
 .text.hfclk_stop
                0x0000d3ce        0xa zephyr/drivers/clock_control/libdrivers__clock_control.a(clock_control_nrf.c.obj)
 .text.lfclk_stop
                0x0000d3d8        0xa zephyr/drivers/clock_control/libdrivers__clock_control.a(clock_control_nrf.c.obj)
 .text.blocking_start_callback
                0x0000d3e2        0xa zephyr/drivers/clock_control/libdrivers__clock_control.a(clock_control_nrf.c.obj)
 .text.gpio_nrfx_port_get_raw
                0x0000d3ec        0xe zephyr/drivers/gpio/libdrivers__gpio.a(gpio_nrfx.c.obj)
 .text.gpio_nrfx_port_set_masked_raw
                0x0000d3fa       0x16 zephyr/drivers/gpio/libdrivers__gpio.a(gpio_nrfx.c.obj)
 .text.gpio_nrfx_port_set_bits_raw
                0x0000d410        0xc zephyr/drivers/gpio/libdrivers__gpio.a(gpio_nrfx.c.obj)
 .text.gpio_nrfx_port_clear_bits_raw
                0x0000d41c        0xc zephyr/drivers/gpio/libdrivers__gpio.a(gpio_nrfx.c.obj)
 .text.gpio_nrfx_port_toggle_bits
                0x0000d428       0x12 zephyr/drivers/gpio/libdrivers__gpio.a(gpio_nrfx.c.obj)
 .text.gpio_nrfx_manage_callback
                0x0000d43a       0x64 zephyr/drivers/gpio/libdrivers__gpio.a(gpio_nrfx.c.obj)
 .text.z_impl_hwinfo_get_device_id
                0x0000d49e       0x5e zephyr/drivers/hwinfo/libdrivers__hwinfo.a(hwinfo_nrf.c.obj)
                0x0000d49e                z_impl_hwinfo_get_device_id
 .text.endtx_isr
                0x0000d4fc       0x32 zephyr/drivers/serial/libdrivers__serial.a(uart_nrfx_uarte.c.obj)
 .text.uarte_nrfx_isr_int
                0x0000d52e       0xa2 zephyr/drivers/serial/libdrivers__serial.a(uart_nrfx_uarte.c.obj)
 .text.uarte_nrfx_configure
                0x0000d5d0       0xbc zephyr/drivers/serial/libdrivers__serial.a(uart_nrfx_uarte.c.obj)
 .text.uarte_nrfx_config_get
                0x0000d68c       0x10 zephyr/drivers/serial/libdrivers__serial.a(uart_nrfx_uarte.c.obj)
 .text.uarte_nrfx_err_check
                0x0000d69c        0xe zephyr/drivers/serial/libdrivers__serial.a(uart_nrfx_uarte.c.obj)
 .text.is_tx_ready
                0x0000d6aa       0x28 zephyr/drivers/serial/libdrivers__serial.a(uart_nrfx_uarte.c.obj)
 .text.uarte_enable
                0x0000d6d2        0xc zephyr/drivers/serial/libdrivers__serial.a(uart_nrfx_uarte.c.obj)
 .text.tx_start
                0x0000d6de       0x40 zephyr/drivers/serial/libdrivers__serial.a(uart_nrfx_uarte.c.obj)
 .text.uarte_nrfx_poll_in
                0x0000d71e       0x2a zephyr/drivers/serial/libdrivers__serial.a(uart_nrfx_uarte.c.obj)
 .text.uarte_nrfx_fifo_fill
                0x0000d748       0x80 zephyr/drivers/serial/libdrivers__serial.a(uart_nrfx_uarte.c.obj)
 .text.uarte_nrfx_fifo_read
                0x0000d7c8       0x2c zephyr/drivers/serial/libdrivers__serial.a(uart_nrfx_uarte.c.obj)
 .text.uarte_nrfx_irq_tx_enable
                0x0000d7f4       0x2e zephyr/drivers/serial/libdrivers__serial.a(uart_nrfx_uarte.c.obj)
 .text.uarte_nrfx_irq_tx_disable
                0x0000d822        0xa zephyr/drivers/serial/libdrivers__serial.a(uart_nrfx_uarte.c.obj)
 .text.uarte_nrfx_irq_tx_ready_complete
                0x0000d82c       0x32 zephyr/drivers/serial/libdrivers__serial.a(uart_nrfx_uarte.c.obj)
 .text.uarte_nrfx_irq_rx_ready
                0x0000d85e       0x10 zephyr/drivers/serial/libdrivers__serial.a(uart_nrfx_uarte.c.obj)
 .text.uarte_nrfx_irq_rx_enable
                0x0000d86e        0xc zephyr/drivers/serial/libdrivers__serial.a(uart_nrfx_uarte.c.obj)
 .text.uarte_nrfx_irq_rx_disable
                0x0000d87a        0xc zephyr/drivers/serial/libdrivers__serial.a(uart_nrfx_uarte.c.obj)
 .text.uarte_nrfx_irq_err_enable
                0x0000d886        0xe zephyr/drivers/serial/libdrivers__serial.a(uart_nrfx_uarte.c.obj)
 .text.uarte_nrfx_irq_err_disable
                0x0000d894        0xe zephyr/drivers/serial/libdrivers__serial.a(uart_nrfx_uarte.c.obj)
 .text.uarte_nrfx_irq_is_pending
                0x0000d8a2       0x3a zephyr/drivers/serial/libdrivers__serial.a(uart_nrfx_uarte.c.obj)
 .text.uarte_nrfx_irq_update
                0x0000d8dc        0x4 zephyr/drivers/serial/libdrivers__serial.a(uart_nrfx_uarte.c.obj)
 .text.uarte_nrfx_irq_callback_set
                0x0000d8e0        0xc zephyr/drivers/serial/libdrivers__serial.a(uart_nrfx_uarte.c.obj)
 .text.wait_tx_ready
                0x0000d8ec       0x4e zephyr/drivers/serial/libdrivers__serial.a(uart_nrfx_uarte.c.obj)
 .text.uarte_0_init
                0x0000d93a       0x1e zephyr/drivers/serial/libdrivers__serial.a(uart_nrfx_uarte.c.obj)
 .text.sys_clock_isr
                0x0000d958        0x2 zephyr/drivers/timer/libdrivers__timer.a(sys_clock_init.c.obj)
                0x0000d958                sys_clock_isr
 .text.sys_clock_idle_exit